[    0.000000] Linux version 5.14.0-rc2-next-20210722-salec (root@salec) (gcc (GCC) 11.1.0, GNU ld (GNU Binutils) 2.36.1) #1 SMP Thu Jul 22 12:37:57 MSK 2021
[    0.000000] Command line: BOOT_IMAGE=/vmlinuz-5.14.0-rc2-next-20210722-salec root=/dev/sda3 ro
[    0.000000] Disabled fast string operations
[    0.000000] x86/fpu: Supporting XSAVE feature 0x001: 'x87 floating point registers'
[    0.000000] x86/fpu: Supporting XSAVE feature 0x002: 'SSE registers'
[    0.000000] x86/fpu: Supporting XSAVE feature 0x004: 'AVX registers'
[    0.000000] x86/fpu: xstate_offset[2]:  576, xstate_sizes[2]:  256
[    0.000000] x86/fpu: Enabled xstate features 0x7, context size is 832 bytes, using 'compacted' format.
[    0.000000] signal: max sigframe size: 1776
[    0.000000] BIOS-provided physical RAM map:
[    0.000000] BIOS-e820: [mem 0x0000000000000000-0x0000000000000fff] ACPI NVS
[    0.000000] BIOS-e820: [mem 0x0000000000001000-0x000000000009ffff] usable
[    0.000000] BIOS-e820: [mem 0x00000000000c0000-0x00000000000fffff] reserved
[    0.000000] BIOS-e820: [mem 0x0000000000100000-0x000000000eeebfff] usable
[    0.000000] BIOS-e820: [mem 0x000000000eeec000-0x000000000eef4fff] type 20
[    0.000000] BIOS-e820: [mem 0x000000000eef5000-0x000000000ef07fff] usable
[    0.000000] BIOS-e820: [mem 0x000000000ef08000-0x000000000ef0cfff] type 20
[    0.000000] BIOS-e820: [mem 0x000000000ef0d000-0x000000000ef11fff] ACPI NVS
[    0.000000] BIOS-e820: [mem 0x000000000ef12000-0x000000000ef2bfff] usable
[    0.000000] BIOS-e820: [mem 0x000000000ef2c000-0x000000000ef30fff] type 20
[    0.000000] BIOS-e820: [mem 0x000000000ef31000-0x000000000fee6fff] usable
[    0.000000] BIOS-e820: [mem 0x000000000fee7000-0x000000000ff06fff] type 20
[    0.000000] BIOS-e820: [mem 0x000000000ff07000-0x000000000ff56fff] reserved
[    0.000000] BIOS-e820: [mem 0x000000000ff57000-0x000000000ff72fff] ACPI data
[    0.000000] BIOS-e820: [mem 0x000000000ff73000-0x000000000ff76fff] ACPI NVS
[    0.000000] BIOS-e820: [mem 0x000000000ff77000-0x000000007fffffff] usable
[    0.000000] BIOS-e820: [mem 0x00000000ffc00000-0x00000000ffc29fff] reserved
[    0.000000] NX (Execute Disable) protection: active
[    0.000000] efi: EFI v2.31 by VMware, Inc.
[    0.000000] efi: SMBIOS=0xef0d000 ACPI 2.0=0xff64000 MEMATTR=0xfd6f118 
[    0.000000] SMBIOS 2.7 present.
[    0.000000] DMI: VMware, Inc. VMware7,1/440BX Desktop Reference Platform, BIOS VMW71.00V.16722896.B64.2008100651 08/10/2020
[    0.000000] vmware: hypercall mode: 0x02
[    0.000000] Hypervisor detected: VMware
[    0.000000] vmware: TSC freq read from hypervisor : 2904.001 MHz
[    0.000000] vmware: Host bus clock speed read from hypervisor : 66000000 Hz
[    0.000000] tsc: Detected 2904.001 MHz processor
[    0.001268] e820: update [mem 0x00000000-0x00000fff] usable ==> reserved
[    0.001270] e820: remove [mem 0x000a0000-0x000fffff] usable
[    0.001273] last_pfn = 0x80000 max_arch_pfn = 0x400000000
[    0.001325] x86/PAT: Configuration [0-7]: WB  WC  UC- UC  WB  WP  UC- WT  
[    0.010632] Using GB pages for direct mapping
[    0.010860] Secure boot disabled
[    0.010862] ACPI: Early table checksum verification disabled
[    0.010864] ACPI: RSDP 0x000000000FF64000 000024 (v02 VMWARE)
[    0.010867] ACPI: XSDT 0x000000000FF64068 000064 (v01 INTEL  440BX    06040000 VMW  01324272)
[    0.010872] ACPI: SRAT 0x000000000FF640CC 0008A8 (v03 VMWARE EFISRAT  06040001 VMW  000007CE)
[    0.010875] ACPI: FACP 0x000000000FF72258 0000F4 (v04 INTEL  440BX    06040000 PTL  000F4240)
[    0.010878] ACPI: DSDT 0x000000000FF64974 00D8E4 (v01 PTLTD  Custom   00000000 INTL 20130823)
[    0.010881] ACPI: FACS 0x000000000FF76000 000040
[    0.010883] ACPI: FACS 0x000000000FF76000 000040
[    0.010885] ACPI: APIC 0x000000000FF723C0 000742 (v03 VMWARE EFIAPIC  06040001 VMW  000007CE)
[    0.010888] ACPI: MCFG 0x000000000FF72B02 00003C (v01 VMWARE EFIMCFG  06040001 VMW  000007CE)
[    0.010890] ACPI: HPET 0x000000000FF72B3E 000038 (v01 VMWARE VMW HPET 00000000 VMW  00000000)
[    0.010893] ACPI: WAET 0x000000000FF72B76 000028 (v01 VMWARE VMW WAET 06040001 VMW  00000001)
[    0.010895] ACPI: WSMT 0x000000000FF72B9E 000028 (v01 VMWARE VMW WSMT 06040001 VMW  00000001)
[    0.010898] ACPI: DMAR 0x000000000FF72BC6 000050 (v01 VMWARE VMW DMAR 06040001 VMW  00000001)
[    0.010899] ACPI: Reserving SRAT table memory at [mem 0xff640cc-0xff64973]
[    0.010901] ACPI: Reserving FACP table memory at [mem 0xff72258-0xff7234b]
[    0.010902] ACPI: Reserving DSDT table memory at [mem 0xff64974-0xff72257]
[    0.010903] ACPI: Reserving FACS table memory at [mem 0xff76000-0xff7603f]
[    0.010903] ACPI: Reserving FACS table memory at [mem 0xff76000-0xff7603f]
[    0.010904] ACPI: Reserving APIC table memory at [mem 0xff723c0-0xff72b01]
[    0.010904] ACPI: Reserving MCFG table memory at [mem 0xff72b02-0xff72b3d]
[    0.010905] ACPI: Reserving HPET table memory at [mem 0xff72b3e-0xff72b75]
[    0.010906] ACPI: Reserving WAET table memory at [mem 0xff72b76-0xff72b9d]
[    0.010906] ACPI: Reserving WSMT table memory at [mem 0xff72b9e-0xff72bc5]
[    0.010907] ACPI: Reserving DMAR table memory at [mem 0xff72bc6-0xff72c15]
[    0.010928] system APIC only can use physical flat
[    0.010929] Setting APIC routing to physical flat.
[    0.010946] SRAT: PXM 0 -> APIC 0x00 -> Node 0
[    0.010948] SRAT: PXM 0 -> APIC 0x01 -> Node 0
[    0.010948] SRAT: PXM 0 -> APIC 0x02 -> Node 0
[    0.010949] SRAT: PXM 0 -> APIC 0x03 -> Node 0
[    0.010949] SRAT: PXM 0 -> APIC 0x04 -> Node 0
[    0.010950] SRAT: PXM 0 -> APIC 0x05 -> Node 0
[    0.010950] SRAT: PXM 0 -> APIC 0x08 -> Node 0
[    0.010951] SRAT: PXM 0 -> APIC 0x09 -> Node 0
[    0.010951] SRAT: PXM 0 -> APIC 0x0a -> Node 0
[    0.010952] SRAT: PXM 0 -> APIC 0x0b -> Node 0
[    0.010952] SRAT: PXM 0 -> APIC 0x0c -> Node 0
[    0.010953] SRAT: PXM 0 -> APIC 0x0d -> Node 0
[    0.010953] SRAT: PXM 0 -> APIC 0x10 -> Node 0
[    0.010954] SRAT: PXM 0 -> APIC 0x11 -> Node 0
[    0.010955] SRAT: PXM 0 -> APIC 0x12 -> Node 0
[    0.010955] SRAT: PXM 0 -> APIC 0x13 -> Node 0
[    0.010956] SRAT: PXM 0 -> APIC 0x14 -> Node 0
[    0.010956] SRAT: PXM 0 -> APIC 0x15 -> Node 0
[    0.010957] SRAT: PXM 0 -> APIC 0x18 -> Node 0
[    0.010957] SRAT: PXM 0 -> APIC 0x19 -> Node 0
[    0.010958] SRAT: PXM 0 -> APIC 0x1a -> Node 0
[    0.010958] SRAT: PXM 0 -> APIC 0x1b -> Node 0
[    0.010959] SRAT: PXM 0 -> APIC 0x1c -> Node 0
[    0.010959] SRAT: PXM 0 -> APIC 0x1d -> Node 0
[    0.010960] SRAT: PXM 0 -> APIC 0x20 -> Node 0
[    0.010960] SRAT: PXM 0 -> APIC 0x21 -> Node 0
[    0.010961] SRAT: PXM 0 -> APIC 0x22 -> Node 0
[    0.010961] SRAT: PXM 0 -> APIC 0x23 -> Node 0
[    0.010962] SRAT: PXM 0 -> APIC 0x24 -> Node 0
[    0.010962] SRAT: PXM 0 -> APIC 0x25 -> Node 0
[    0.010963] SRAT: PXM 0 -> APIC 0x28 -> Node 0
[    0.010963] SRAT: PXM 0 -> APIC 0x29 -> Node 0
[    0.010964] SRAT: PXM 0 -> APIC 0x2a -> Node 0
[    0.010964] SRAT: PXM 0 -> APIC 0x2b -> Node 0
[    0.010965] SRAT: PXM 0 -> APIC 0x2c -> Node 0
[    0.010965] SRAT: PXM 0 -> APIC 0x2d -> Node 0
[    0.010966] SRAT: PXM 0 -> APIC 0x30 -> Node 0
[    0.010966] SRAT: PXM 0 -> APIC 0x31 -> Node 0
[    0.010967] SRAT: PXM 0 -> APIC 0x32 -> Node 0
[    0.010967] SRAT: PXM 0 -> APIC 0x33 -> Node 0
[    0.010968] SRAT: PXM 0 -> APIC 0x34 -> Node 0
[    0.010968] SRAT: PXM 0 -> APIC 0x35 -> Node 0
[    0.010969] SRAT: PXM 0 -> APIC 0x38 -> Node 0
[    0.010970] SRAT: PXM 0 -> APIC 0x39 -> Node 0
[    0.010970] SRAT: PXM 0 -> APIC 0x3a -> Node 0
[    0.010971] SRAT: PXM 0 -> APIC 0x3b -> Node 0
[    0.010971] SRAT: PXM 0 -> APIC 0x3c -> Node 0
[    0.010972] SRAT: PXM 0 -> APIC 0x3d -> Node 0
[    0.010972] SRAT: PXM 0 -> APIC 0x40 -> Node 0
[    0.010973] SRAT: PXM 0 -> APIC 0x41 -> Node 0
[    0.010973] SRAT: PXM 0 -> APIC 0x42 -> Node 0
[    0.010974] SRAT: PXM 0 -> APIC 0x43 -> Node 0
[    0.010974] SRAT: PXM 0 -> APIC 0x44 -> Node 0
[    0.010975] SRAT: PXM 0 -> APIC 0x45 -> Node 0
[    0.010975] SRAT: PXM 0 -> APIC 0x48 -> Node 0
[    0.010976] SRAT: PXM 0 -> APIC 0x49 -> Node 0
[    0.010976] SRAT: PXM 0 -> APIC 0x4a -> Node 0
[    0.010977] SRAT: PXM 0 -> APIC 0x4b -> Node 0
[    0.010977] SRAT: PXM 0 -> APIC 0x4c -> Node 0
[    0.010978] SRAT: PXM 0 -> APIC 0x4d -> Node 0
[    0.010978] SRAT: PXM 0 -> APIC 0x50 -> Node 0
[    0.010979] SRAT: PXM 0 -> APIC 0x51 -> Node 0
[    0.010979] SRAT: PXM 0 -> APIC 0x52 -> Node 0
[    0.010980] SRAT: PXM 0 -> APIC 0x53 -> Node 0
[    0.010980] SRAT: PXM 0 -> APIC 0x54 -> Node 0
[    0.010981] SRAT: PXM 0 -> APIC 0x55 -> Node 0
[    0.010981] SRAT: PXM 0 -> APIC 0x58 -> Node 0
[    0.010982] SRAT: PXM 0 -> APIC 0x59 -> Node 0
[    0.010982] SRAT: PXM 0 -> APIC 0x5a -> Node 0
[    0.010983] SRAT: PXM 0 -> APIC 0x5b -> Node 0
[    0.010984] SRAT: PXM 0 -> APIC 0x5c -> Node 0
[    0.010984] SRAT: PXM 0 -> APIC 0x5d -> Node 0
[    0.010985] SRAT: PXM 0 -> APIC 0x60 -> Node 0
[    0.010985] SRAT: PXM 0 -> APIC 0x61 -> Node 0
[    0.010986] SRAT: PXM 0 -> APIC 0x62 -> Node 0
[    0.010986] SRAT: PXM 0 -> APIC 0x63 -> Node 0
[    0.010987] SRAT: PXM 0 -> APIC 0x64 -> Node 0
[    0.010987] SRAT: PXM 0 -> APIC 0x65 -> Node 0
[    0.010988] SRAT: PXM 0 -> APIC 0x68 -> Node 0
[    0.010988] SRAT: PXM 0 -> APIC 0x69 -> Node 0
[    0.010989] SRAT: PXM 0 -> APIC 0x6a -> Node 0
[    0.010989] SRAT: PXM 0 -> APIC 0x6b -> Node 0
[    0.010990] SRAT: PXM 0 -> APIC 0x6c -> Node 0
[    0.010990] SRAT: PXM 0 -> APIC 0x6d -> Node 0
[    0.010991] SRAT: PXM 0 -> APIC 0x70 -> Node 0
[    0.010991] SRAT: PXM 0 -> APIC 0x71 -> Node 0
[    0.010992] SRAT: PXM 0 -> APIC 0x72 -> Node 0
[    0.010992] SRAT: PXM 0 -> APIC 0x73 -> Node 0
[    0.010993] SRAT: PXM 0 -> APIC 0x74 -> Node 0
[    0.010993] SRAT: PXM 0 -> APIC 0x75 -> Node 0
[    0.010994] SRAT: PXM 0 -> APIC 0x78 -> Node 0
[    0.010994] SRAT: PXM 0 -> APIC 0x79 -> Node 0
[    0.010995] SRAT: PXM 0 -> APIC 0x7a -> Node 0
[    0.010995] SRAT: PXM 0 -> APIC 0x7b -> Node 0
[    0.010996] SRAT: PXM 0 -> APIC 0x7c -> Node 0
[    0.010996] SRAT: PXM 0 -> APIC 0x7d -> Node 0
[    0.010997] SRAT: PXM 0 -> APIC 0x80 -> Node 0
[    0.010997] SRAT: PXM 0 -> APIC 0x81 -> Node 0
[    0.010998] SRAT: PXM 0 -> APIC 0x82 -> Node 0
[    0.010999] SRAT: PXM 0 -> APIC 0x83 -> Node 0
[    0.010999] SRAT: PXM 0 -> APIC 0x84 -> Node 0
[    0.011000] SRAT: PXM 0 -> APIC 0x85 -> Node 0
[    0.011000] SRAT: PXM 0 -> APIC 0x88 -> Node 0
[    0.011001] SRAT: PXM 0 -> APIC 0x89 -> Node 0
[    0.011001] SRAT: PXM 0 -> APIC 0x8a -> Node 0
[    0.011002] SRAT: PXM 0 -> APIC 0x8b -> Node 0
[    0.011002] SRAT: PXM 0 -> APIC 0x8c -> Node 0
[    0.011003] SRAT: PXM 0 -> APIC 0x8d -> Node 0
[    0.011003] SRAT: PXM 0 -> APIC 0x90 -> Node 0
[    0.011004] SRAT: PXM 0 -> APIC 0x91 -> Node 0
[    0.011004] SRAT: PXM 0 -> APIC 0x92 -> Node 0
[    0.011005] SRAT: PXM 0 -> APIC 0x93 -> Node 0
[    0.011005] SRAT: PXM 0 -> APIC 0x94 -> Node 0
[    0.011006] SRAT: PXM 0 -> APIC 0x95 -> Node 0
[    0.011006] SRAT: PXM 0 -> APIC 0x98 -> Node 0
[    0.011007] SRAT: PXM 0 -> APIC 0x99 -> Node 0
[    0.011007] SRAT: PXM 0 -> APIC 0x9a -> Node 0
[    0.011008] SRAT: PXM 0 -> APIC 0x9b -> Node 0
[    0.011008] SRAT: PXM 0 -> APIC 0x9c -> Node 0
[    0.011009] SRAT: PXM 0 -> APIC 0x9d -> Node 0
[    0.011009] SRAT: PXM 0 -> APIC 0xa0 -> Node 0
[    0.011010] SRAT: PXM 0 -> APIC 0xa1 -> Node 0
[    0.011010] SRAT: PXM 0 -> APIC 0xa2 -> Node 0
[    0.011011] SRAT: PXM 0 -> APIC 0xa3 -> Node 0
[    0.011011] SRAT: PXM 0 -> APIC 0xa4 -> Node 0
[    0.011012] SRAT: PXM 0 -> APIC 0xa5 -> Node 0
[    0.011012] SRAT: PXM 0 -> APIC 0xa8 -> Node 0
[    0.011013] SRAT: PXM 0 -> APIC 0xa9 -> Node 0
[    0.011015] ACPI: SRAT: Node 0 PXM 0 [mem 0x00000000-0x0009ffff]
[    0.011017] ACPI: SRAT: Node 0 PXM 0 [mem 0x00100000-0x7fffffff]
[    0.011018] NUMA: Node 0 [mem 0x00000000-0x0009ffff] + [mem 0x00100000-0x7fffffff] -> [mem 0x00000000-0x7fffffff]
[    0.011022] NODE_DATA(0) allocated [mem 0x7fffc000-0x7fffffff]
[    0.011030] Zone ranges:
[    0.011030]   DMA      [mem 0x0000000000001000-0x0000000000ffffff]
[    0.011032]   DMA32    [mem 0x0000000001000000-0x000000007fffffff]
[    0.011033]   Normal   empty
[    0.011034] Movable zone start for each node
[    0.011034] Early memory node ranges
[    0.011035]   node   0: [mem 0x0000000000001000-0x000000000009ffff]
[    0.011036]   node   0: [mem 0x0000000000100000-0x000000000eeebfff]
[    0.011037]   node   0: [mem 0x000000000eef5000-0x000000000ef07fff]
[    0.011037]   node   0: [mem 0x000000000ef12000-0x000000000ef2bfff]
[    0.011038]   node   0: [mem 0x000000000ef31000-0x000000000fee6fff]
[    0.011039]   node   0: [mem 0x000000000ff77000-0x000000007fffffff]
[    0.011039] Initmem setup node 0 [mem 0x0000000000001000-0x000000007fffffff]
[    0.011045] On node 0, zone DMA: 1 pages in unavailable ranges
[    0.011093] On node 0, zone DMA: 96 pages in unavailable ranges
[    0.011761] On node 0, zone DMA32: 9 pages in unavailable ranges
[    0.011762] On node 0, zone DMA32: 10 pages in unavailable ranges
[    0.011808] On node 0, zone DMA32: 5 pages in unavailable ranges
[    0.015187] On node 0, zone DMA32: 144 pages in unavailable ranges
[    0.017738] ACPI: PM-Timer IO Port: 0x448
[    0.017741] system APIC only can use physical flat
[    0.017748] ACPI: LAPIC_NMI (acpi_id[0x00] high edge lint[0x1])
[    0.017749] ACPI: LAPIC_NMI (acpi_id[0x01] high edge lint[0x1])
[    0.017750] ACPI: LAPIC_NMI (acpi_id[0x02] high edge lint[0x1])
[    0.017750] ACPI: LAPIC_NMI (acpi_id[0x03] high edge lint[0x1])
[    0.017751] ACPI: LAPIC_NMI (acpi_id[0x04] high edge lint[0x1])
[    0.017752] ACPI: LAPIC_NMI (acpi_id[0x05] high edge lint[0x1])
[    0.017752] ACPI: LAPIC_NMI (acpi_id[0x06] high edge lint[0x1])
[    0.017753] ACPI: LAPIC_NMI (acpi_id[0x07] high edge lint[0x1])
[    0.017753] ACPI: LAPIC_NMI (acpi_id[0x08] high edge lint[0x1])
[    0.017754] ACPI: LAPIC_NMI (acpi_id[0x09] high edge lint[0x1])
[    0.017754] ACPI: LAPIC_NMI (acpi_id[0x0a] high edge lint[0x1])
[    0.017755] ACPI: LAPIC_NMI (acpi_id[0x0b] high edge lint[0x1])
[    0.017755] ACPI: LAPIC_NMI (acpi_id[0x0c] high edge lint[0x1])
[    0.017756] ACPI: LAPIC_NMI (acpi_id[0x0d] high edge lint[0x1])
[    0.017757] ACPI: LAPIC_NMI (acpi_id[0x0e] high edge lint[0x1])
[    0.017757] ACPI: LAPIC_NMI (acpi_id[0x0f] high edge lint[0x1])
[    0.017758] ACPI: LAPIC_NMI (acpi_id[0x10] high edge lint[0x1])
[    0.017758] ACPI: LAPIC_NMI (acpi_id[0x11] high edge lint[0x1])
[    0.017759] ACPI: LAPIC_NMI (acpi_id[0x12] high edge lint[0x1])
[    0.017760] ACPI: LAPIC_NMI (acpi_id[0x13] high edge lint[0x1])
[    0.017760] ACPI: LAPIC_NMI (acpi_id[0x14] high edge lint[0x1])
[    0.017761] ACPI: LAPIC_NMI (acpi_id[0x15] high edge lint[0x1])
[    0.017761] ACPI: LAPIC_NMI (acpi_id[0x16] high edge lint[0x1])
[    0.017762] ACPI: LAPIC_NMI (acpi_id[0x17] high edge lint[0x1])
[    0.017762] ACPI: LAPIC_NMI (acpi_id[0x18] high edge lint[0x1])
[    0.017763] ACPI: LAPIC_NMI (acpi_id[0x19] high edge lint[0x1])
[    0.017764] ACPI: LAPIC_NMI (acpi_id[0x1a] high edge lint[0x1])
[    0.017764] ACPI: LAPIC_NMI (acpi_id[0x1b] high edge lint[0x1])
[    0.017765] ACPI: LAPIC_NMI (acpi_id[0x1c] high edge lint[0x1])
[    0.017765] ACPI: LAPIC_NMI (acpi_id[0x1d] high edge lint[0x1])
[    0.017766] ACPI: LAPIC_NMI (acpi_id[0x1e] high edge lint[0x1])
[    0.017766] ACPI: LAPIC_NMI (acpi_id[0x1f] high edge lint[0x1])
[    0.017767] ACPI: LAPIC_NMI (acpi_id[0x20] high edge lint[0x1])
[    0.017767] ACPI: LAPIC_NMI (acpi_id[0x21] high edge lint[0x1])
[    0.017768] ACPI: LAPIC_NMI (acpi_id[0x22] high edge lint[0x1])
[    0.017769] ACPI: LAPIC_NMI (acpi_id[0x23] high edge lint[0x1])
[    0.017769] ACPI: LAPIC_NMI (acpi_id[0x24] high edge lint[0x1])
[    0.017770] ACPI: LAPIC_NMI (acpi_id[0x25] high edge lint[0x1])
[    0.017770] ACPI: LAPIC_NMI (acpi_id[0x26] high edge lint[0x1])
[    0.017771] ACPI: LAPIC_NMI (acpi_id[0x27] high edge lint[0x1])
[    0.017771] ACPI: LAPIC_NMI (acpi_id[0x28] high edge lint[0x1])
[    0.017772] ACPI: LAPIC_NMI (acpi_id[0x29] high edge lint[0x1])
[    0.017773] ACPI: LAPIC_NMI (acpi_id[0x2a] high edge lint[0x1])
[    0.017773] ACPI: LAPIC_NMI (acpi_id[0x2b] high edge lint[0x1])
[    0.017774] ACPI: LAPIC_NMI (acpi_id[0x2c] high edge lint[0x1])
[    0.017774] ACPI: LAPIC_NMI (acpi_id[0x2d] high edge lint[0x1])
[    0.017775] ACPI: LAPIC_NMI (acpi_id[0x2e] high edge lint[0x1])
[    0.017775] ACPI: LAPIC_NMI (acpi_id[0x2f] high edge lint[0x1])
[    0.017776] ACPI: LAPIC_NMI (acpi_id[0x30] high edge lint[0x1])
[    0.017776] ACPI: LAPIC_NMI (acpi_id[0x31] high edge lint[0x1])
[    0.017777] ACPI: LAPIC_NMI (acpi_id[0x32] high edge lint[0x1])
[    0.017778] ACPI: LAPIC_NMI (acpi_id[0x33] high edge lint[0x1])
[    0.017778] ACPI: LAPIC_NMI (acpi_id[0x34] high edge lint[0x1])
[    0.017779] ACPI: LAPIC_NMI (acpi_id[0x35] high edge lint[0x1])
[    0.017779] ACPI: LAPIC_NMI (acpi_id[0x36] high edge lint[0x1])
[    0.017780] ACPI: LAPIC_NMI (acpi_id[0x37] high edge lint[0x1])
[    0.017780] ACPI: LAPIC_NMI (acpi_id[0x38] high edge lint[0x1])
[    0.017781] ACPI: LAPIC_NMI (acpi_id[0x39] high edge lint[0x1])
[    0.017782] ACPI: LAPIC_NMI (acpi_id[0x3a] high edge lint[0x1])
[    0.017782] ACPI: LAPIC_NMI (acpi_id[0x3b] high edge lint[0x1])
[    0.017783] ACPI: LAPIC_NMI (acpi_id[0x3c] high edge lint[0x1])
[    0.017783] ACPI: LAPIC_NMI (acpi_id[0x3d] high edge lint[0x1])
[    0.017784] ACPI: LAPIC_NMI (acpi_id[0x3e] high edge lint[0x1])
[    0.017784] ACPI: LAPIC_NMI (acpi_id[0x3f] high edge lint[0x1])
[    0.017785] ACPI: LAPIC_NMI (acpi_id[0x40] high edge lint[0x1])
[    0.017785] ACPI: LAPIC_NMI (acpi_id[0x41] high edge lint[0x1])
[    0.017786] ACPI: LAPIC_NMI (acpi_id[0x42] high edge lint[0x1])
[    0.017787] ACPI: LAPIC_NMI (acpi_id[0x43] high edge lint[0x1])
[    0.017787] ACPI: LAPIC_NMI (acpi_id[0x44] high edge lint[0x1])
[    0.017788] ACPI: LAPIC_NMI (acpi_id[0x45] high edge lint[0x1])
[    0.017788] ACPI: LAPIC_NMI (acpi_id[0x46] high edge lint[0x1])
[    0.017789] ACPI: LAPIC_NMI (acpi_id[0x47] high edge lint[0x1])
[    0.017789] ACPI: LAPIC_NMI (acpi_id[0x48] high edge lint[0x1])
[    0.017790] ACPI: LAPIC_NMI (acpi_id[0x49] high edge lint[0x1])
[    0.017791] ACPI: LAPIC_NMI (acpi_id[0x4a] high edge lint[0x1])
[    0.017791] ACPI: LAPIC_NMI (acpi_id[0x4b] high edge lint[0x1])
[    0.017792] ACPI: LAPIC_NMI (acpi_id[0x4c] high edge lint[0x1])
[    0.017792] ACPI: LAPIC_NMI (acpi_id[0x4d] high edge lint[0x1])
[    0.017793] ACPI: LAPIC_NMI (acpi_id[0x4e] high edge lint[0x1])
[    0.017793] ACPI: LAPIC_NMI (acpi_id[0x4f] high edge lint[0x1])
[    0.017794] ACPI: LAPIC_NMI (acpi_id[0x50] high edge lint[0x1])
[    0.017794] ACPI: LAPIC_NMI (acpi_id[0x51] high edge lint[0x1])
[    0.017795] ACPI: LAPIC_NMI (acpi_id[0x52] high edge lint[0x1])
[    0.017796] ACPI: LAPIC_NMI (acpi_id[0x53] high edge lint[0x1])
[    0.017796] ACPI: LAPIC_NMI (acpi_id[0x54] high edge lint[0x1])
[    0.017797] ACPI: LAPIC_NMI (acpi_id[0x55] high edge lint[0x1])
[    0.017797] ACPI: LAPIC_NMI (acpi_id[0x56] high edge lint[0x1])
[    0.017798] ACPI: LAPIC_NMI (acpi_id[0x57] high edge lint[0x1])
[    0.017798] ACPI: LAPIC_NMI (acpi_id[0x58] high edge lint[0x1])
[    0.017799] ACPI: LAPIC_NMI (acpi_id[0x59] high edge lint[0x1])
[    0.017800] ACPI: LAPIC_NMI (acpi_id[0x5a] high edge lint[0x1])
[    0.017800] ACPI: LAPIC_NMI (acpi_id[0x5b] high edge lint[0x1])
[    0.017801] ACPI: LAPIC_NMI (acpi_id[0x5c] high edge lint[0x1])
[    0.017801] ACPI: LAPIC_NMI (acpi_id[0x5d] high edge lint[0x1])
[    0.017802] ACPI: LAPIC_NMI (acpi_id[0x5e] high edge lint[0x1])
[    0.017802] ACPI: LAPIC_NMI (acpi_id[0x5f] high edge lint[0x1])
[    0.017803] ACPI: LAPIC_NMI (acpi_id[0x60] high edge lint[0x1])
[    0.017804] ACPI: LAPIC_NMI (acpi_id[0x61] high edge lint[0x1])
[    0.017804] ACPI: LAPIC_NMI (acpi_id[0x62] high edge lint[0x1])
[    0.017805] ACPI: LAPIC_NMI (acpi_id[0x63] high edge lint[0x1])
[    0.017805] ACPI: LAPIC_NMI (acpi_id[0x64] high edge lint[0x1])
[    0.017806] ACPI: LAPIC_NMI (acpi_id[0x65] high edge lint[0x1])
[    0.017806] ACPI: LAPIC_NMI (acpi_id[0x66] high edge lint[0x1])
[    0.017807] ACPI: LAPIC_NMI (acpi_id[0x67] high edge lint[0x1])
[    0.017807] ACPI: LAPIC_NMI (acpi_id[0x68] high edge lint[0x1])
[    0.017808] ACPI: LAPIC_NMI (acpi_id[0x69] high edge lint[0x1])
[    0.017809] ACPI: LAPIC_NMI (acpi_id[0x6a] high edge lint[0x1])
[    0.017809] ACPI: LAPIC_NMI (acpi_id[0x6b] high edge lint[0x1])
[    0.017810] ACPI: LAPIC_NMI (acpi_id[0x6c] high edge lint[0x1])
[    0.017810] ACPI: LAPIC_NMI (acpi_id[0x6d] high edge lint[0x1])
[    0.017811] ACPI: LAPIC_NMI (acpi_id[0x6e] high edge lint[0x1])
[    0.017811] ACPI: LAPIC_NMI (acpi_id[0x6f] high edge lint[0x1])
[    0.017812] ACPI: LAPIC_NMI (acpi_id[0x70] high edge lint[0x1])
[    0.017812] ACPI: LAPIC_NMI (acpi_id[0x71] high edge lint[0x1])
[    0.017813] ACPI: LAPIC_NMI (acpi_id[0x72] high edge lint[0x1])
[    0.017814] ACPI: LAPIC_NMI (acpi_id[0x73] high edge lint[0x1])
[    0.017814] ACPI: LAPIC_NMI (acpi_id[0x74] high edge lint[0x1])
[    0.017815] ACPI: LAPIC_NMI (acpi_id[0x75] high edge lint[0x1])
[    0.017815] ACPI: LAPIC_NMI (acpi_id[0x76] high edge lint[0x1])
[    0.017816] ACPI: LAPIC_NMI (acpi_id[0x77] high edge lint[0x1])
[    0.017816] ACPI: LAPIC_NMI (acpi_id[0x78] high edge lint[0x1])
[    0.017817] ACPI: LAPIC_NMI (acpi_id[0x79] high edge lint[0x1])
[    0.017818] ACPI: LAPIC_NMI (acpi_id[0x7a] high edge lint[0x1])
[    0.017818] ACPI: LAPIC_NMI (acpi_id[0x7b] high edge lint[0x1])
[    0.017819] ACPI: LAPIC_NMI (acpi_id[0x7c] high edge lint[0x1])
[    0.017819] ACPI: LAPIC_NMI (acpi_id[0x7d] high edge lint[0x1])
[    0.017820] ACPI: LAPIC_NMI (acpi_id[0x7e] high edge lint[0x1])
[    0.017820] ACPI: LAPIC_NMI (acpi_id[0x7f] high edge lint[0x1])
[    0.017842] IOAPIC[0]: apic_id 128, version 32, address 0xfec00000, GSI 0-23
[    0.017846] ACPI: INT_SRC_OVR (bus 0 bus_irq 0 global_irq 2 high edge)
[    0.017850] ACPI: Using ACPI (MADT) for SMP configuration information
[    0.017851] ACPI: HPET id: 0x8086af01 base: 0xfed00000
[    0.017854] TSC deadline timer available
[    0.017859] smpboot: 128 Processors exceeds NR_CPUS limit of 64
[    0.017860] smpboot: Allowing 64 CPUs, 58 hotplug CPUs
[    0.017871] [mem 0x80000000-0xffbfffff] available for PCI devices
[    0.017873] clocksource: refined-jiffies: mask: 0xffffffff max_cycles: 0xffffffff, max_idle_ns: 1910969940391419 ns
[    0.022340] setup_percpu: NR_CPUS:64 nr_cpumask_bits:64 nr_cpu_ids:64 nr_node_ids:1
[    0.026233] percpu: Embedded 52 pages/cpu s173784 r8192 d31016 u262144
[    0.026243] pcpu-alloc: s173784 r8192 d31016 u262144 alloc=1*2097152
[    0.026245] pcpu-alloc: [0] 00 01 02 03 04 05 06 07 [0] 08 09 10 11 12 13 14 15 
[    0.026250] pcpu-alloc: [0] 16 17 18 19 20 21 22 23 [0] 24 25 26 27 28 29 30 31 
[    0.026254] pcpu-alloc: [0] 32 33 34 35 36 37 38 39 [0] 40 41 42 43 44 45 46 47 
[    0.026259] pcpu-alloc: [0] 48 49 50 51 52 53 54 55 [0] 56 57 58 59 60 61 62 63 
[    0.026282] Built 1 zonelists, mobility grouping on.  Total pages: 515672
[    0.026284] Policy zone: DMA32
[    0.026285] Kernel command line: BOOT_IMAGE=/vmlinuz-5.14.0-rc2-next-20210722-salec root=/dev/sda3 ro
[    0.026304] Unknown command line parameters: BOOT_IMAGE=/vmlinuz-5.14.0-rc2-next-20210722-salec
[    0.026311] printk: log_buf_len individual max cpu contribution: 4096 bytes
[    0.026312] printk: log_buf_len total cpu_extra contributions: 258048 bytes
[    0.026313] printk: log_buf_len min size: 262144 bytes
[    0.026735] printk: log_buf_len: 524288 bytes
[    0.026735] printk: early log buf free: 239736(91%)
[    0.027140] Dentry cache hash table entries: 262144 (order: 9, 2097152 bytes, linear)
[    0.027190] Inode-cache hash table entries: 131072 (order: 8, 1048576 bytes, linear)
[    0.027914] mem auto-init: stack:off, heap alloc:off, heap free:off
[    0.031124] Memory: 1980624K/2096092K available (18456K kernel code, 3051K rwdata, 4416K rodata, 1440K init, 1940K bss, 115208K reserved, 0K cma-reserved)
[    0.031219] SLUB: HWalign=64, Order=0-3, MinObjects=0, CPUs=64, Nodes=1
[    0.031230] Kernel/User page tables isolation: enabled
[    0.031416] rcu: Hierarchical RCU implementation.
[    0.031417] rcu: 	RCU event tracing is enabled.
[    0.031418] rcu: RCU calculated value of scheduler-enlistment delay is 100 jiffies.
[    0.032571] NR_IRQS: 4352, nr_irqs: 936, preallocated irqs: 16
[    0.032946] random: get_random_bytes called from start_kernel+0x4b1/0x679 with crng_init=0
[    0.032991] Console: colour dummy device 80x25
[    0.033235] printk: console [tty0] enabled
[    0.033258] ACPI: Core revision 20210604
[    0.033705] clocksource: hpet: mask: 0xffffffff max_cycles: 0xffffffff, max_idle_ns: 133484882848 ns
[    0.033766] APIC: Switch to symmetric I/O mode setup
[    0.034033] ..TIMER: vector=0x30 apic1=0 pin1=2 apic2=-1 pin2=-1
[    0.034049] clocksource: tsc-early: mask: 0xffffffffffffffff max_cycles: 0x29dc06c056a, max_idle_ns: 440795257733 ns
[    0.034056] Calibrating delay loop (skipped) preset value.. 5808.00 BogoMIPS (lpj=2904001)
[    0.034058] pid_max: default: 65536 minimum: 512
[    0.034744] LSM: Security Framework initializing
[    0.034769] Mount-cache hash table entries: 4096 (order: 3, 32768 bytes, linear)
[    0.034778] Mountpoint-cache hash table entries: 4096 (order: 3, 32768 bytes, linear)
[    0.035100] Disabled fast string operations
[    0.035254] Last level iTLB entries: 4KB 128, 2MB 8, 4MB 8
[    0.035257] Last level dTLB entries: 4KB 64, 2MB 0, 4MB 0, 1GB 4
[    0.035273] Spectre V1 : Mitigation: usercopy/swapgs barriers and __user pointer sanitization
[    0.035276] Spectre V2 : Mitigation: Full generic retpoline
[    0.035277] Spectre V2 : Spectre v2 / SpectreRSB mitigation: Filling RSB on context switch
[    0.035278] Spectre V2 : Enabling Restricted Speculation for firmware calls
[    0.035280] Spectre V2 : mitigation: Enabling conditional Indirect Branch Prediction Barrier
[    0.035282] Speculative Store Bypass: Mitigation: Speculative Store Bypass disabled via prctl and seccomp
[    0.035288] SRBDS: Unknown: Dependent on hypervisor status
[    0.035289] MDS: Mitigation: Clear CPU buffers
[    0.036345] Freeing SMP alternatives memory: 48K
[    0.036445] smpboot: CPU0: Intel(R) Core(TM) i5-9400F CPU @ 2.90GHz (family: 0x6, model: 0x9e, stepping: 0xa)
[    0.036525] Performance Events: Skylake events, Intel PMU driver.
[    0.036577] ... version:                4
[    0.036578] ... bit width:              48
[    0.036579] ... generic registers:      8
[    0.036580] ... value mask:             0000ffffffffffff
[    0.036581] ... max period:             000000007fffffff
[    0.036582] ... fixed-purpose events:   3
[    0.036583] ... event mask:             00000007000000ff
[    0.036679] rcu: Hierarchical SRCU implementation.
[    0.037053] smp: Bringing up secondary CPUs ...
[    0.037059] x86: Booting SMP configuration:
[    0.037060] .... node  #0, CPUs:        #1
[    0.002231] Disabled fast string operations
[    0.037498]   #2
[    0.002231] Disabled fast string operations
[    0.038123]   #3
[    0.002231] Disabled fast string operations
[    0.039132]   #4
[    0.002231] Disabled fast string operations
[    0.039779]   #5
[    0.002231] Disabled fast string operations
[    0.041460] smp: Brought up 1 node, 6 CPUs
[    0.041465] smpboot: Max logical packages: 22
[    0.041467] smpboot: Total of 6 processors activated (34848.01 BogoMIPS)
[    0.042209] devtmpfs: initialized
[    0.042209] clocksource: jiffies: mask: 0xffffffff max_cycles: 0xffffffff, max_idle_ns: 1911260446275000 ns
[    0.042209] futex hash table entries: 16384 (order: 8, 1048576 bytes, linear)
[    0.043159] NET: Registered PF_NETLINK/PF_ROUTE protocol family
[    0.043258] thermal_sys: Registered thermal governor 'step_wise'
[    0.043259] thermal_sys: Registered thermal governor 'user_space'
[    0.043277] cpuidle: using governor menu
[    0.043277] ACPI: bus type PCI registered
[    0.043277] PCI: MMCONFIG for domain 0000 [bus 00-7f] at [mem 0xe0000000-0xe7ffffff] (base 0xe0000000)
[    0.043277] PCI: not using MMCONFIG
[    0.043277] PCI: Using configuration type 1 for base access
[    0.044107] Kprobes globally optimized
[    0.045092] HugeTLB registered 2.00 MiB page size, pre-allocated 0 pages
[    0.066055] raid6: avx2x4   gen() 76795 MB/s
[    0.083054] raid6: avx2x4   xor() 38997 MB/s
[    0.100054] raid6: avx2x2   gen() 71254 MB/s
[    0.117054] raid6: avx2x2   xor() 50845 MB/s
[    0.134055] raid6: avx2x1   gen() 53071 MB/s
[    0.151055] raid6: avx2x1   xor() 28517 MB/s
[    0.168055] raid6: sse2x4   gen() 30090 MB/s
[    0.185055] raid6: sse2x4   xor() 20031 MB/s
[    0.202056] raid6: sse2x2   gen() 29403 MB/s
[    0.219055] raid6: sse2x2   xor() 19412 MB/s
[    0.236056] raid6: sse2x1   gen() 28674 MB/s
[    0.253055] raid6: sse2x1   xor() 12796 MB/s
[    0.253060] raid6: using algorithm avx2x4 gen() 76795 MB/s
[    0.253062] raid6: .... xor() 38997 MB/s, rmw enabled
[    0.253063] raid6: using avx2x2 recovery algorithm
[    0.253097] ACPI: PRMT not present
[    0.253098] PRM: found 4294967277 modules
[    0.253127] ACPI: Added _OSI(Module Device)
[    0.253128] ACPI: Added _OSI(Processor Device)
[    0.253129] ACPI: Added _OSI(3.0 _SCP Extensions)
[    0.253130] ACPI: Added _OSI(Processor Aggregator Device)
[    0.253132] ACPI: Added _OSI(Linux-Dell-Video)
[    0.253133] ACPI: Added _OSI(Linux-Lenovo-NV-HDMI-Audio)
[    0.253134] ACPI: Added _OSI(Linux-HPI-Hybrid-Graphics)
[    0.255283] ACPI: 1 ACPI AML tables successfully acquired and loaded
[    0.255952] ACPI: [Firmware Bug]: BIOS _OSI(Linux) query ignored
[    0.255958] ACPI: BIOS _OSI(Darwin) query ignored
[    0.265990] ACPI: Interpreter enabled
[    0.265995] ACPI: PM: (supports S0 S5)
[    0.265996] ACPI: Using IOAPIC for interrupt routing
[    0.266009] PCI: MMCONFIG for domain 0000 [bus 00-7f] at [mem 0xe0000000-0xe7ffffff] (base 0xe0000000)
[    0.266445] PCI: MMCONFIG at [mem 0xe0000000-0xe7ffffff] reserved in ACPI motherboard resources
[    0.266452] pmd_set_huge: Cannot satisfy [mem 0xe0000000-0xe0200000] with a huge-page mapping due to MTRR override.
[    0.266549] PCI: Using host bridge windows from ACPI; if necessary, use "pci=nocrs" and report a bug
[    0.266852] ACPI: Enabled 4 GPEs in block 00 to 0F
[    0.284955] ACPI: PCI Root Bridge [PCI0] (domain 0000 [bus 00-7f])
[    0.284961] acpi PNP0A03:00: _OSC: OS supports [ExtendedConfig ASPM ClockPM Segments MSI HPX-Type3]
[    0.285065] acpi PNP0A03:00: _OSC: platform does not support [LTR]
[    0.285171] acpi PNP0A03:00: _OSC: OS now controls [PME PCIeCapability]
[    0.285362] PCI host bridge to bus 0000:00
[    0.285364] pci_bus 0000:00: root bus resource [io  0x0d00-0xffff window]
[    0.285366] pci_bus 0000:00: root bus resource [io  0x0000-0x0cf7 window]
[    0.285368] pci_bus 0000:00: root bus resource [mem 0xfef00000-0xffdfffff window]
[    0.285370] pci_bus 0000:00: root bus resource [mem 0xfed45000-0xfedfffff window]
[    0.285372] pci_bus 0000:00: root bus resource [mem 0xfec10000-0xfed3ffff window]
[    0.285373] pci_bus 0000:00: root bus resource [mem 0xfa500000-0xfebfffff window]
[    0.285375] pci_bus 0000:00: root bus resource [mem 0xf0000000-0xfa4fffff pref window]
[    0.285377] pci_bus 0000:00: root bus resource [mem 0xc0000000-0xefffffff window]
[    0.285378] pci_bus 0000:00: root bus resource [mem 0x000a0000-0x000bffff window]
[    0.285380] pci_bus 0000:00: root bus resource [mem 0x000c4000-0x000c7fff window]
[    0.285382] pci_bus 0000:00: root bus resource [mem 0x000c8000-0x000cbfff window]
[    0.285383] pci_bus 0000:00: root bus resource [mem 0x000d4000-0x000d7fff window]
[    0.285385] pci_bus 0000:00: root bus resource [mem 0x000d8000-0x000dbfff window]
[    0.285387] pci_bus 0000:00: root bus resource [mem 0x000e4000-0x000e7fff window]
[    0.285388] pci_bus 0000:00: root bus resource [mem 0x000e8000-0x000ebfff window]
[    0.285390] pci_bus 0000:00: root bus resource [mem 0x000ec000-0x000effff window]
[    0.285392] pci_bus 0000:00: root bus resource [bus 00-7f]
[    0.285483] pci 0000:00:00.0: [8086:7190] type 00 class 0x060000
[    0.286023] pci 0000:00:01.0: [8086:7191] type 01 class 0x060400
[    0.286495] pci 0000:00:07.0: [8086:7110] type 00 class 0x060100
[    0.287143] pci 0000:00:07.1: [8086:7111] type 00 class 0x01018a
[    0.288866] pci 0000:00:07.1: reg 0x20: [io  0x2150-0x215f]
[    0.289332] pci 0000:00:07.1: legacy IDE quirk: reg 0x10: [io  0x01f0-0x01f7]
[    0.289335] pci 0000:00:07.1: legacy IDE quirk: reg 0x14: [io  0x03f6]
[    0.289336] pci 0000:00:07.1: legacy IDE quirk: reg 0x18: [io  0x0170-0x0177]
[    0.289338] pci 0000:00:07.1: legacy IDE quirk: reg 0x1c: [io  0x0376]
[    0.289516] pci 0000:00:07.3: [8086:7113] type 00 class 0x068000
[    0.289903] pci 0000:00:07.3: quirk: [io  0x0440-0x047f] claimed by PIIX4 ACPI
[    0.290169] pci 0000:00:07.7: [15ad:0740] type 00 class 0x088000
[    0.290267] pci 0000:00:07.7: reg 0x10: [io  0x2100-0x213f]
[    0.290347] pci 0000:00:07.7: reg 0x14: [mem 0xffbe0000-0xffbe1fff 64bit]
[    0.291027] pci 0000:00:0f.0: [15ad:0405] type 00 class 0x030000
[    0.292055] pci 0000:00:0f.0: reg 0x10: [io  0x2140-0x214f]
[    0.293055] pci 0000:00:0f.0: reg 0x14: [mem 0xf0000000-0xf7ffffff pref]
[    0.294055] pci 0000:00:0f.0: reg 0x18: [mem 0xfb800000-0xfbffffff]
[    0.298057] pci 0000:00:0f.0: reg 0x30: [mem 0xffff8000-0xffffffff pref]
[    0.298100] pci 0000:00:0f.0: BAR 1: assigned to efifb
[    0.298532] pci 0000:00:10.0: [1000:0030] type 00 class 0x010000
[    0.299055] pci 0000:00:10.0: reg 0x10: [io  0x2000-0x20ff]
[    0.299752] pci 0000:00:10.0: reg 0x14: [mem 0xffbc0000-0xffbdffff 64bit]
[    0.300431] pci 0000:00:10.0: reg 0x1c: [mem 0xffba0000-0xffbbffff 64bit]
[    0.301728] pci 0000:00:10.0: reg 0x30: [mem 0xffffc000-0xffffffff pref]
[    0.302081] pci 0000:00:11.0: [15ad:0790] type 01 class 0x060401
[    0.302834] pci 0000:00:15.0: [15ad:07a0] type 01 class 0x060400
[    0.303560] pci 0000:00:15.0: PME# supported from D0 D3hot D3cold
[    0.303907] pci 0000:00:15.1: [15ad:07a0] type 01 class 0x060400
[    0.304628] pci 0000:00:15.1: PME# supported from D0 D3hot D3cold
[    0.304974] pci 0000:00:15.2: [15ad:07a0] type 01 class 0x060400
[    0.305690] pci 0000:00:15.2: PME# supported from D0 D3hot D3cold
[    0.306035] pci 0000:00:15.3: [15ad:07a0] type 01 class 0x060400
[    0.306781] pci 0000:00:15.3: PME# supported from D0 D3hot D3cold
[    0.307144] pci 0000:00:15.4: [15ad:07a0] type 01 class 0x060400
[    0.307862] pci 0000:00:15.4: PME# supported from D0 D3hot D3cold
[    0.308192] pci 0000:00:15.5: [15ad:07a0] type 01 class 0x060400
[    0.308920] pci 0000:00:15.5: PME# supported from D0 D3hot D3cold
[    0.309279] pci 0000:00:15.6: [15ad:07a0] type 01 class 0x060400
[    0.310003] pci 0000:00:15.6: PME# supported from D0 D3hot D3cold
[    0.310351] pci 0000:00:15.7: [15ad:07a0] type 01 class 0x060400
[    0.311072] pci 0000:00:15.7: PME# supported from D0 D3hot D3cold
[    0.311421] pci 0000:00:16.0: [15ad:07a0] type 01 class 0x060400
[    0.312142] pci 0000:00:16.0: PME# supported from D0 D3hot D3cold
[    0.312487] pci 0000:00:16.1: [15ad:07a0] type 01 class 0x060400
[    0.313211] pci 0000:00:16.1: PME# supported from D0 D3hot D3cold
[    0.313557] pci 0000:00:16.2: [15ad:07a0] type 01 class 0x060400
[    0.314280] pci 0000:00:16.2: PME# supported from D0 D3hot D3cold
[    0.314632] pci 0000:00:16.3: [15ad:07a0] type 01 class 0x060400
[    0.315357] pci 0000:00:16.3: PME# supported from D0 D3hot D3cold
[    0.315702] pci 0000:00:16.4: [15ad:07a0] type 01 class 0x060400
[    0.316466] pci 0000:00:16.4: PME# supported from D0 D3hot D3cold
[    0.316823] pci 0000:00:16.5: [15ad:07a0] type 01 class 0x060400
[    0.317539] pci 0000:00:16.5: PME# supported from D0 D3hot D3cold
[    0.317885] pci 0000:00:16.6: [15ad:07a0] type 01 class 0x060400
[    0.318678] pci 0000:00:16.6: PME# supported from D0 D3hot D3cold
[    0.319050] pci 0000:00:16.7: [15ad:07a0] type 01 class 0x060400
[    0.319776] pci 0000:00:16.7: PME# supported from D0 D3hot D3cold
[    0.320135] pci 0000:00:17.0: [15ad:07a0] type 01 class 0x060400
[    0.320867] pci 0000:00:17.0: PME# supported from D0 D3hot D3cold
[    0.321171] pci 0000:00:17.1: [15ad:07a0] type 01 class 0x060400
[    0.321904] pci 0000:00:17.1: PME# supported from D0 D3hot D3cold
[    0.322256] pci 0000:00:17.2: [15ad:07a0] type 01 class 0x060400
[    0.322994] pci 0000:00:17.2: PME# supported from D0 D3hot D3cold
[    0.323340] pci 0000:00:17.3: [15ad:07a0] type 01 class 0x060400
[    0.324082] pci 0000:00:17.3: PME# supported from D0 D3hot D3cold
[    0.324437] pci 0000:00:17.4: [15ad:07a0] type 01 class 0x060400
[    0.325178] pci 0000:00:17.4: PME# supported from D0 D3hot D3cold
[    0.325528] pci 0000:00:17.5: [15ad:07a0] type 01 class 0x060400
[    0.326257] pci 0000:00:17.5: PME# supported from D0 D3hot D3cold
[    0.326608] pci 0000:00:17.6: [15ad:07a0] type 01 class 0x060400
[    0.327335] pci 0000:00:17.6: PME# supported from D0 D3hot D3cold
[    0.327685] pci 0000:00:17.7: [15ad:07a0] type 01 class 0x060400
[    0.328419] pci 0000:00:17.7: PME# supported from D0 D3hot D3cold
[    0.328776] pci 0000:00:18.0: [15ad:07a0] type 01 class 0x060400
[    0.329505] pci 0000:00:18.0: PME# supported from D0 D3hot D3cold
[    0.329901] pci 0000:00:18.1: [15ad:07a0] type 01 class 0x060400
[    0.330618] pci 0000:00:18.1: PME# supported from D0 D3hot D3cold
[    0.330973] pci 0000:00:18.2: [15ad:07a0] type 01 class 0x060400
[    0.331686] pci 0000:00:18.2: PME# supported from D0 D3hot D3cold
[    0.332072] pci 0000:00:18.3: [15ad:07a0] type 01 class 0x060400
[    0.332800] pci 0000:00:18.3: PME# supported from D0 D3hot D3cold
[    0.333142] pci 0000:00:18.4: [15ad:07a0] type 01 class 0x060400
[    0.333869] pci 0000:00:18.4: PME# supported from D0 D3hot D3cold
[    0.334168] pci 0000:00:18.5: [15ad:07a0] type 01 class 0x060400
[    0.334894] pci 0000:00:18.5: PME# supported from D0 D3hot D3cold
[    0.335233] pci 0000:00:18.6: [15ad:07a0] type 01 class 0x060400
[    0.335960] pci 0000:00:18.6: PME# supported from D0 D3hot D3cold
[    0.336301] pci 0000:00:18.7: [15ad:07a0] type 01 class 0x060400
[    0.337021] pci 0000:00:18.7: PME# supported from D0 D3hot D3cold
[    0.337366] pci_bus 0000:01: extended config space not accessible
[    0.337399] pci 0000:00:01.0: PCI bridge to [bus 01]
[    0.337593] pci_bus 0000:02: extended config space not accessible
[    0.337666] pci 0000:02:00.0: [15ad:0774] type 00 class 0x0c0300
[    0.339224] pci 0000:02:00.0: reg 0x20: [io  0x1080-0x109f]
[    0.340196] pci 0000:02:01.0: [8086:100f] type 00 class 0x020000
[    0.340329] pci 0000:02:01.0: reg 0x10: [mem 0xfc000000-0xfc01ffff 64bit]
[    0.340427] pci 0000:02:01.0: reg 0x18: [mem 0xfc020000-0xfc02ffff 64bit]
[    0.340472] pci 0000:02:01.0: reg 0x20: [io  0x1040-0x107f]
[    0.340560] pci 0000:02:01.0: reg 0x30: [mem 0xffff0000-0xffffffff pref]
[    0.340835] pci 0000:02:01.0: PME# supported from D0 D3hot D3cold
[    0.341100] pci 0000:02:02.0: [1274:1371] type 00 class 0x040100
[    0.341198] pci 0000:02:02.0: reg 0x10: [io  0x1000-0x103f]
[    0.341901] pci 0000:02:03.0: [15ad:0770] type 00 class 0x0c0320
[    0.342227] pci 0000:02:03.0: reg 0x10: [mem 0xfc051000-0xfc051fff]
[    0.344553] pci 0000:02:05.0: [15ad:07e0] type 00 class 0x010601
[    0.344864] pci 0000:02:05.0: reg 0x24: [mem 0xfc050000-0xfc050fff]
[    0.344910] pci 0000:02:05.0: reg 0x30: [mem 0xffff0000-0xffffffff pref]
[    0.345251] pci 0000:02:05.0: PME# supported from D3hot
[    0.345728] pci 0000:00:11.0: PCI bridge to [bus 02] (subtractive decode)
[    0.345749] pci 0000:00:11.0:   bridge window [io  0x1000-0x1fff]
[    0.345768] pci 0000:00:11.0:   bridge window [mem 0xfc000000-0xfc9fffff]
[    0.345805] pci 0000:00:11.0:   bridge window [mem 0xf8000000-0xf84fffff 64bit pref]
[    0.345807] pci 0000:00:11.0:   bridge window [io  0x0d00-0xffff window] (subtractive decode)
[    0.345809] pci 0000:00:11.0:   bridge window [io  0x0000-0x0cf7 window] (subtractive decode)
[    0.345811] pci 0000:00:11.0:   bridge window [mem 0xfef00000-0xffdfffff window] (subtractive decode)
[    0.345813] pci 0000:00:11.0:   bridge window [mem 0xfed45000-0xfedfffff window] (subtractive decode)
[    0.345815] pci 0000:00:11.0:   bridge window [mem 0xfec10000-0xfed3ffff window] (subtractive decode)
[    0.345817] pci 0000:00:11.0:   bridge window [mem 0xfa500000-0xfebfffff window] (subtractive decode)
[    0.345819] pci 0000:00:11.0:   bridge window [mem 0xf0000000-0xfa4fffff pref window] (subtractive decode)
[    0.345821] pci 0000:00:11.0:   bridge window [mem 0xc0000000-0xefffffff window] (subtractive decode)
[    0.345823] pci 0000:00:11.0:   bridge window [mem 0x000a0000-0x000bffff window] (subtractive decode)
[    0.345824] pci 0000:00:11.0:   bridge window [mem 0x000c4000-0x000c7fff window] (subtractive decode)
[    0.345826] pci 0000:00:11.0:   bridge window [mem 0x000c8000-0x000cbfff window] (subtractive decode)
[    0.345828] pci 0000:00:11.0:   bridge window [mem 0x000d4000-0x000d7fff window] (subtractive decode)
[    0.345830] pci 0000:00:11.0:   bridge window [mem 0x000d8000-0x000dbfff window] (subtractive decode)
[    0.345831] pci 0000:00:11.0:   bridge window [mem 0x000e4000-0x000e7fff window] (subtractive decode)
[    0.345833] pci 0000:00:11.0:   bridge window [mem 0x000e8000-0x000ebfff window] (subtractive decode)
[    0.345835] pci 0000:00:11.0:   bridge window [mem 0x000ec000-0x000effff window] (subtractive decode)
[    0.346053] pci 0000:00:15.0: PCI bridge to [bus 03]
[    0.346081] pci 0000:00:15.0:   bridge window [mem 0xfea00000-0xfeafffff]
[    0.346129] pci 0000:00:15.0:   bridge window [mem 0xfa400000-0xfa4fffff 64bit pref]
[    0.346356] pci 0000:00:15.1: PCI bridge to [bus 04]
[    0.346393] pci 0000:00:15.1:   bridge window [mem 0xfe900000-0xfe9fffff]
[    0.346429] pci 0000:00:15.1:   bridge window [mem 0xfa300000-0xfa3fffff 64bit pref]
[    0.346653] pci 0000:00:15.2: PCI bridge to [bus 05]
[    0.346689] pci 0000:00:15.2:   bridge window [mem 0xfe800000-0xfe8fffff]
[    0.346726] pci 0000:00:15.2:   bridge window [mem 0xfa200000-0xfa2fffff 64bit pref]
[    0.346952] pci 0000:00:15.3: PCI bridge to [bus 06]
[    0.346988] pci 0000:00:15.3:   bridge window [mem 0xfe700000-0xfe7fffff]
[    0.347025] pci 0000:00:15.3:   bridge window [mem 0xfa100000-0xfa1fffff 64bit pref]
[    0.347250] pci 0000:00:15.4: PCI bridge to [bus 07]
[    0.347286] pci 0000:00:15.4:   bridge window [mem 0xfe600000-0xfe6fffff]
[    0.347323] pci 0000:00:15.4:   bridge window [mem 0xfa000000-0xfa0fffff 64bit pref]
[    0.347550] pci 0000:00:15.5: PCI bridge to [bus 08]
[    0.347586] pci 0000:00:15.5:   bridge window [mem 0xfe500000-0xfe5fffff]
[    0.347623] pci 0000:00:15.5:   bridge window [mem 0xf9f00000-0xf9ffffff 64bit pref]
[    0.347847] pci 0000:00:15.6: PCI bridge to [bus 09]
[    0.347883] pci 0000:00:15.6:   bridge window [mem 0xfe400000-0xfe4fffff]
[    0.347919] pci 0000:00:15.6:   bridge window [mem 0xf9e00000-0xf9efffff 64bit pref]
[    0.348153] pci 0000:00:15.7: PCI bridge to [bus 0a]
[    0.348190] pci 0000:00:15.7:   bridge window [mem 0xfe300000-0xfe3fffff]
[    0.348226] pci 0000:00:15.7:   bridge window [mem 0xf9d00000-0xf9dfffff 64bit pref]
[    0.348450] pci 0000:00:16.0: PCI bridge to [bus 0b]
[    0.348487] pci 0000:00:16.0:   bridge window [mem 0xfe200000-0xfe2fffff]
[    0.348523] pci 0000:00:16.0:   bridge window [mem 0xf9c00000-0xf9cfffff 64bit pref]
[    0.348748] pci 0000:00:16.1: PCI bridge to [bus 0c]
[    0.348785] pci 0000:00:16.1:   bridge window [mem 0xfe100000-0xfe1fffff]
[    0.348821] pci 0000:00:16.1:   bridge window [mem 0xf9b00000-0xf9bfffff 64bit pref]
[    0.349045] pci 0000:00:16.2: PCI bridge to [bus 0d]
[    0.349084] pci 0000:00:16.2:   bridge window [mem 0xfe000000-0xfe0fffff]
[    0.349121] pci 0000:00:16.2:   bridge window [mem 0xf9a00000-0xf9afffff 64bit pref]
[    0.349352] pci 0000:00:16.3: PCI bridge to [bus 0e]
[    0.349389] pci 0000:00:16.3:   bridge window [mem 0xfdf00000-0xfdffffff]
[    0.349425] pci 0000:00:16.3:   bridge window [mem 0xf9900000-0xf99fffff 64bit pref]
[    0.349649] pci 0000:00:16.4: PCI bridge to [bus 0f]
[    0.349685] pci 0000:00:16.4:   bridge window [mem 0xfde00000-0xfdefffff]
[    0.349721] pci 0000:00:16.4:   bridge window [mem 0xf9800000-0xf98fffff 64bit pref]
[    0.349945] pci 0000:00:16.5: PCI bridge to [bus 10]
[    0.349981] pci 0000:00:16.5:   bridge window [mem 0xfdd00000-0xfddfffff]
[    0.350018] pci 0000:00:16.5:   bridge window [mem 0xf9700000-0xf97fffff 64bit pref]
[    0.350237] pci 0000:00:16.6: PCI bridge to [bus 11]
[    0.350274] pci 0000:00:16.6:   bridge window [mem 0xfdc00000-0xfdcfffff]
[    0.350310] pci 0000:00:16.6:   bridge window [mem 0xf9600000-0xf96fffff 64bit pref]
[    0.350534] pci 0000:00:16.7: PCI bridge to [bus 12]
[    0.350571] pci 0000:00:16.7:   bridge window [mem 0xfdb00000-0xfdbfffff]
[    0.350607] pci 0000:00:16.7:   bridge window [mem 0xf9500000-0xf95fffff 64bit pref]
[    0.350832] pci 0000:00:17.0: PCI bridge to [bus 13]
[    0.350869] pci 0000:00:17.0:   bridge window [mem 0xfda00000-0xfdafffff]
[    0.350905] pci 0000:00:17.0:   bridge window [mem 0xf9400000-0xf94fffff 64bit pref]
[    0.351139] pci 0000:00:17.1: PCI bridge to [bus 14]
[    0.351176] pci 0000:00:17.1:   bridge window [mem 0xfd900000-0xfd9fffff]
[    0.351213] pci 0000:00:17.1:   bridge window [mem 0xf9300000-0xf93fffff 64bit pref]
[    0.351438] pci 0000:00:17.2: PCI bridge to [bus 15]
[    0.351475] pci 0000:00:17.2:   bridge window [mem 0xfd800000-0xfd8fffff]
[    0.351512] pci 0000:00:17.2:   bridge window [mem 0xf9200000-0xf92fffff 64bit pref]
[    0.351735] pci 0000:00:17.3: PCI bridge to [bus 16]
[    0.351772] pci 0000:00:17.3:   bridge window [mem 0xfd700000-0xfd7fffff]
[    0.351808] pci 0000:00:17.3:   bridge window [mem 0xf9100000-0xf91fffff 64bit pref]
[    0.352046] pci 0000:00:17.4: PCI bridge to [bus 17]
[    0.352080] pci 0000:00:17.4:   bridge window [mem 0xfd600000-0xfd6fffff]
[    0.352117] pci 0000:00:17.4:   bridge window [mem 0xf9000000-0xf90fffff 64bit pref]
[    0.352343] pci 0000:00:17.5: PCI bridge to [bus 18]
[    0.352380] pci 0000:00:17.5:   bridge window [mem 0xfd500000-0xfd5fffff]
[    0.352416] pci 0000:00:17.5:   bridge window [mem 0xf8f00000-0xf8ffffff 64bit pref]
[    0.352642] pci 0000:00:17.6: PCI bridge to [bus 19]
[    0.352679] pci 0000:00:17.6:   bridge window [mem 0xfd400000-0xfd4fffff]
[    0.352715] pci 0000:00:17.6:   bridge window [mem 0xf8e00000-0xf8efffff 64bit pref]
[    0.352939] pci 0000:00:17.7: PCI bridge to [bus 1a]
[    0.352975] pci 0000:00:17.7:   bridge window [mem 0xfd300000-0xfd3fffff]
[    0.353012] pci 0000:00:17.7:   bridge window [mem 0xf8d00000-0xf8dfffff 64bit pref]
[    0.353245] pci 0000:00:18.0: PCI bridge to [bus 1b]
[    0.353283] pci 0000:00:18.0:   bridge window [mem 0xfd200000-0xfd2fffff]
[    0.353319] pci 0000:00:18.0:   bridge window [mem 0xf8c00000-0xf8cfffff 64bit pref]
[    0.353543] pci 0000:00:18.1: PCI bridge to [bus 1c]
[    0.353579] pci 0000:00:18.1:   bridge window [mem 0xfd100000-0xfd1fffff]
[    0.353616] pci 0000:00:18.1:   bridge window [mem 0xf8b00000-0xf8bfffff 64bit pref]
[    0.353841] pci 0000:00:18.2: PCI bridge to [bus 1d]
[    0.353878] pci 0000:00:18.2:   bridge window [mem 0xfd000000-0xfd0fffff]
[    0.353914] pci 0000:00:18.2:   bridge window [mem 0xf8a00000-0xf8afffff 64bit pref]
[    0.354148] pci 0000:00:18.3: PCI bridge to [bus 1e]
[    0.354185] pci 0000:00:18.3:   bridge window [mem 0xfcf00000-0xfcffffff]
[    0.354221] pci 0000:00:18.3:   bridge window [mem 0xf8900000-0xf89fffff 64bit pref]
[    0.354447] pci 0000:00:18.4: PCI bridge to [bus 1f]
[    0.354484] pci 0000:00:18.4:   bridge window [mem 0xfce00000-0xfcefffff]
[    0.354520] pci 0000:00:18.4:   bridge window [mem 0xf8800000-0xf88fffff 64bit pref]
[    0.354744] pci 0000:00:18.5: PCI bridge to [bus 20]
[    0.354781] pci 0000:00:18.5:   bridge window [mem 0xfcd00000-0xfcdfffff]
[    0.354817] pci 0000:00:18.5:   bridge window [mem 0xf8700000-0xf87fffff 64bit pref]
[    0.355053] pci 0000:00:18.6: PCI bridge to [bus 21]
[    0.355081] pci 0000:00:18.6:   bridge window [mem 0xfcc00000-0xfccfffff]
[    0.355117] pci 0000:00:18.6:   bridge window [mem 0xf8600000-0xf86fffff 64bit pref]
[    0.355346] pci 0000:00:18.7: PCI bridge to [bus 22]
[    0.355383] pci 0000:00:18.7:   bridge window [mem 0xfcb00000-0xfcbfffff]
[    0.355419] pci 0000:00:18.7:   bridge window [mem 0xf8500000-0xf85fffff 64bit pref]
[    0.356997] ACPI: PCI: Interrupt link LNKA configured for IRQ 0
[    0.356999] ACPI: PCI: Interrupt link LNKA disabled
[    0.357053] ACPI: PCI: Interrupt link LNKB configured for IRQ 0
[    0.357053] ACPI: PCI: Interrupt link LNKB disabled
[    0.357100] ACPI: PCI: Interrupt link LNKC configured for IRQ 0
[    0.357102] ACPI: PCI: Interrupt link LNKC disabled
[    0.357157] ACPI: PCI: Interrupt link LNKD configured for IRQ 0
[    0.357159] ACPI: PCI: Interrupt link LNKD disabled
[    0.363637] iommu: Default domain type: Translated 
[    0.363659] pci 0000:00:0f.0: vgaarb: setting as boot VGA device
[    0.363659] pci 0000:00:0f.0: vgaarb: VGA device added: decodes=io+mem,owns=io+mem,locks=none
[    0.363659] pci 0000:00:0f.0: vgaarb: bridge control possible
[    0.363659] vgaarb: loaded
[    0.363659] SCSI subsystem initialized
[    0.364088] libata version 3.00 loaded.
[    0.364102] ACPI: bus type USB registered
[    0.364113] usbcore: registered new interface driver usbfs
[    0.364117] usbcore: registered new interface driver hub
[    0.364129] usbcore: registered new device driver usb
[    0.364138] pps_core: LinuxPPS API ver. 1 registered
[    0.364139] pps_core: Software ver. 5.3.6 - Copyright 2005-2007 Rodolfo Giometti <giometti@linux.it>
[    0.364141] PTP clock support registered
[    0.364164] Registered efivars operations
[    0.364164] Advanced Linux Sound Architecture Driver Initialized.
[    0.364207] NetLabel: Initializing
[    0.364208] NetLabel:  domain hash size = 128
[    0.364210] NetLabel:  protocols = UNLABELED CIPSOv4 CALIPSO
[    0.364217] NetLabel:  unlabeled traffic allowed by default
[    0.364235] PCI: Using ACPI for IRQ routing
[    0.366223] PCI: pci_cache_line_size set to 64 bytes
[    0.367053] e820: reserve RAM buffer [mem 0x0eeec000-0x0fffffff]
[    0.367053] e820: reserve RAM buffer [mem 0x0ef08000-0x0fffffff]
[    0.367053] e820: reserve RAM buffer [mem 0x0ef2c000-0x0fffffff]
[    0.367053] e820: reserve RAM buffer [mem 0x0fee7000-0x0fffffff]
[    0.367064] hpet0: at MMIO 0xfed00000, IRQs 2, 8, 0, 0, 0, 0, 0, 0, 0, 0, 0, 0, 0, 0, 0, 0
[    0.367073] hpet0: 16 comparators, 64-bit 14.318180 MHz counter
[    0.369362] clocksource: Switched to clocksource tsc-early
[    0.376504] VFS: Disk quotas dquot_6.6.0
[    0.376522] VFS: Dquot-cache hash table entries: 512 (order 0, 4096 bytes)
[    0.376558] pnp: PnP ACPI init
[    0.376673] system 00:00: [io  0x0440-0x047f] has been reserved
[    0.376676] system 00:00: [io  0x5658-0x5659] has been reserved
[    0.376678] system 00:00: [io  0x5670] has been reserved
[    0.376680] system 00:00: [io  0x0cf0-0x0cf1] has been reserved
[    0.376852] system 00:04: [mem 0xfed00000-0xfed003ff] has been reserved
[    0.378025] system 00:05: [io  0x0400-0x041f] has been reserved
[    0.378028] system 00:05: [mem 0xe0000000-0xe7ffffff] has been reserved
[    0.378030] system 00:05: [mem 0xffc00000-0xffdfffff] could not be reserved
[    0.378157] system 00:06: [mem 0xfec10000-0xfec10fff] has been reserved
[    0.379539] pnp: PnP ACPI: found 7 devices
[    0.390601] clocksource: acpi_pm: mask: 0xffffff max_cycles: 0xffffff, max_idle_ns: 2085701024 ns
[    0.390628] NET: Registered PF_INET protocol family
[    0.390695] IP idents hash table entries: 32768 (order: 6, 262144 bytes, linear)
[    0.390904] tcp_listen_portaddr_hash hash table entries: 1024 (order: 2, 16384 bytes, linear)
[    0.390912] TCP established hash table entries: 16384 (order: 5, 131072 bytes, linear)
[    0.390942] TCP bind hash table entries: 16384 (order: 6, 262144 bytes, linear)
[    0.390991] TCP: Hash tables configured (established 16384 bind 16384)
[    0.391057] UDP hash table entries: 1024 (order: 3, 32768 bytes, linear)
[    0.391066] UDP-Lite hash table entries: 1024 (order: 3, 32768 bytes, linear)
[    0.391135] NET: Registered PF_UNIX/PF_LOCAL protocol family
[    0.391549] RPC: Registered named UNIX socket transport module.
[    0.391561] RPC: Registered udp transport module.
[    0.391562] RPC: Registered tcp transport module.
[    0.391563] RPC: Registered tcp NFSv4.1 backchannel transport module.
[    0.391805] pci 0000:00:0f.0: can't claim BAR 6 [mem 0xffff8000-0xffffffff pref]: no compatible bridge window
[    0.391811] pci 0000:00:10.0: can't claim BAR 6 [mem 0xffffc000-0xffffffff pref]: no compatible bridge window
[    0.391813] pci 0000:02:01.0: can't claim BAR 6 [mem 0xffff0000-0xffffffff pref]: no compatible bridge window
[    0.391816] pci 0000:02:05.0: can't claim BAR 6 [mem 0xffff0000-0xffffffff pref]: no compatible bridge window
[    0.391822] pci 0000:00:15.0: bridge window [io  0x1000-0x0fff] to [bus 03] add_size 1000
[    0.391825] pci 0000:00:15.1: bridge window [io  0x1000-0x0fff] to [bus 04] add_size 1000
[    0.391828] pci 0000:00:15.2: bridge window [io  0x1000-0x0fff] to [bus 05] add_size 1000
[    0.391830] pci 0000:00:15.3: bridge window [io  0x1000-0x0fff] to [bus 06] add_size 1000
[    0.391831] pci 0000:00:15.4: bridge window [io  0x1000-0x0fff] to [bus 07] add_size 1000
[    0.391833] pci 0000:00:15.5: bridge window [io  0x1000-0x0fff] to [bus 08] add_size 1000
[    0.391835] pci 0000:00:15.6: bridge window [io  0x1000-0x0fff] to [bus 09] add_size 1000
[    0.391837] pci 0000:00:15.7: bridge window [io  0x1000-0x0fff] to [bus 0a] add_size 1000
[    0.391839] pci 0000:00:16.0: bridge window [io  0x1000-0x0fff] to [bus 0b] add_size 1000
[    0.391841] pci 0000:00:16.1: bridge window [io  0x1000-0x0fff] to [bus 0c] add_size 1000
[    0.391843] pci 0000:00:16.2: bridge window [io  0x1000-0x0fff] to [bus 0d] add_size 1000
[    0.391845] pci 0000:00:16.3: bridge window [io  0x1000-0x0fff] to [bus 0e] add_size 1000
[    0.391847] pci 0000:00:16.4: bridge window [io  0x1000-0x0fff] to [bus 0f] add_size 1000
[    0.391849] pci 0000:00:16.5: bridge window [io  0x1000-0x0fff] to [bus 10] add_size 1000
[    0.391851] pci 0000:00:16.6: bridge window [io  0x1000-0x0fff] to [bus 11] add_size 1000
[    0.391853] pci 0000:00:16.7: bridge window [io  0x1000-0x0fff] to [bus 12] add_size 1000
[    0.391854] pci 0000:00:17.0: bridge window [io  0x1000-0x0fff] to [bus 13] add_size 1000
[    0.391856] pci 0000:00:17.1: bridge window [io  0x1000-0x0fff] to [bus 14] add_size 1000
[    0.391858] pci 0000:00:17.2: bridge window [io  0x1000-0x0fff] to [bus 15] add_size 1000
[    0.391860] pci 0000:00:17.3: bridge window [io  0x1000-0x0fff] to [bus 16] add_size 1000
[    0.391862] pci 0000:00:17.4: bridge window [io  0x1000-0x0fff] to [bus 17] add_size 1000
[    0.391864] pci 0000:00:17.5: bridge window [io  0x1000-0x0fff] to [bus 18] add_size 1000
[    0.391866] pci 0000:00:17.6: bridge window [io  0x1000-0x0fff] to [bus 19] add_size 1000
[    0.391868] pci 0000:00:17.7: bridge window [io  0x1000-0x0fff] to [bus 1a] add_size 1000
[    0.391870] pci 0000:00:18.0: bridge window [io  0x1000-0x0fff] to [bus 1b] add_size 1000
[    0.391871] pci 0000:00:18.1: bridge window [io  0x1000-0x0fff] to [bus 1c] add_size 1000
[    0.391873] pci 0000:00:18.2: bridge window [io  0x1000-0x0fff] to [bus 1d] add_size 1000
[    0.391875] pci 0000:00:18.3: bridge window [io  0x1000-0x0fff] to [bus 1e] add_size 1000
[    0.391877] pci 0000:00:18.4: bridge window [io  0x1000-0x0fff] to [bus 1f] add_size 1000
[    0.391879] pci 0000:00:18.5: bridge window [io  0x1000-0x0fff] to [bus 20] add_size 1000
[    0.391881] pci 0000:00:18.6: bridge window [io  0x1000-0x0fff] to [bus 21] add_size 1000
[    0.391883] pci 0000:00:18.7: bridge window [io  0x1000-0x0fff] to [bus 22] add_size 1000
[    0.391898] pci 0000:00:0f.0: BAR 6: assigned [mem 0xfef00000-0xfef07fff pref]
[    0.391901] pci 0000:00:10.0: BAR 6: assigned [mem 0xfef08000-0xfef0bfff pref]
[    0.391903] pci 0000:00:15.0: BAR 7: assigned [io  0x3000-0x3fff]
[    0.391905] pci 0000:00:15.1: BAR 7: assigned [io  0x4000-0x4fff]
[    0.391907] pci 0000:00:15.2: BAR 7: assigned [io  0x6000-0x6fff]
[    0.391908] pci 0000:00:15.3: BAR 7: assigned [io  0x7000-0x7fff]
[    0.391910] pci 0000:00:15.4: BAR 7: assigned [io  0x8000-0x8fff]
[    0.391911] pci 0000:00:15.5: BAR 7: assigned [io  0x9000-0x9fff]
[    0.391913] pci 0000:00:15.6: BAR 7: assigned [io  0xa000-0xafff]
[    0.391914] pci 0000:00:15.7: BAR 7: assigned [io  0xb000-0xbfff]
[    0.391916] pci 0000:00:16.0: BAR 7: assigned [io  0xc000-0xcfff]
[    0.391917] pci 0000:00:16.1: BAR 7: assigned [io  0xd000-0xdfff]
[    0.391919] pci 0000:00:16.2: BAR 7: assigned [io  0xe000-0xefff]
[    0.391921] pci 0000:00:16.3: BAR 7: assigned [io  0xf000-0xffff]
[    0.391923] pci 0000:00:16.4: BAR 7: no space for [io  size 0x1000]
[    0.391925] pci 0000:00:16.4: BAR 7: failed to assign [io  size 0x1000]
[    0.391927] pci 0000:00:16.5: BAR 7: no space for [io  size 0x1000]
[    0.391928] pci 0000:00:16.5: BAR 7: failed to assign [io  size 0x1000]
[    0.391930] pci 0000:00:16.6: BAR 7: no space for [io  size 0x1000]
[    0.391932] pci 0000:00:16.6: BAR 7: failed to assign [io  size 0x1000]
[    0.391934] pci 0000:00:16.7: BAR 7: no space for [io  size 0x1000]
[    0.391935] pci 0000:00:16.7: BAR 7: failed to assign [io  size 0x1000]
[    0.391937] pci 0000:00:17.0: BAR 7: no space for [io  size 0x1000]
[    0.391938] pci 0000:00:17.0: BAR 7: failed to assign [io  size 0x1000]
[    0.391940] pci 0000:00:17.1: BAR 7: no space for [io  size 0x1000]
[    0.391942] pci 0000:00:17.1: BAR 7: failed to assign [io  size 0x1000]
[    0.391944] pci 0000:00:17.2: BAR 7: no space for [io  size 0x1000]
[    0.391945] pci 0000:00:17.2: BAR 7: failed to assign [io  size 0x1000]
[    0.391947] pci 0000:00:17.3: BAR 7: no space for [io  size 0x1000]
[    0.391948] pci 0000:00:17.3: BAR 7: failed to assign [io  size 0x1000]
[    0.391950] pci 0000:00:17.4: BAR 7: no space for [io  size 0x1000]
[    0.391951] pci 0000:00:17.4: BAR 7: failed to assign [io  size 0x1000]
[    0.391953] pci 0000:00:17.5: BAR 7: no space for [io  size 0x1000]
[    0.391955] pci 0000:00:17.5: BAR 7: failed to assign [io  size 0x1000]
[    0.391957] pci 0000:00:17.6: BAR 7: no space for [io  size 0x1000]
[    0.391958] pci 0000:00:17.6: BAR 7: failed to assign [io  size 0x1000]
[    0.391960] pci 0000:00:17.7: BAR 7: no space for [io  size 0x1000]
[    0.391961] pci 0000:00:17.7: BAR 7: failed to assign [io  size 0x1000]
[    0.391963] pci 0000:00:18.0: BAR 7: no space for [io  size 0x1000]
[    0.391964] pci 0000:00:18.0: BAR 7: failed to assign [io  size 0x1000]
[    0.391966] pci 0000:00:18.1: BAR 7: no space for [io  size 0x1000]
[    0.391968] pci 0000:00:18.1: BAR 7: failed to assign [io  size 0x1000]
[    0.391970] pci 0000:00:18.2: BAR 7: no space for [io  size 0x1000]
[    0.391971] pci 0000:00:18.2: BAR 7: failed to assign [io  size 0x1000]
[    0.391973] pci 0000:00:18.3: BAR 7: no space for [io  size 0x1000]
[    0.391974] pci 0000:00:18.3: BAR 7: failed to assign [io  size 0x1000]
[    0.391976] pci 0000:00:18.4: BAR 7: no space for [io  size 0x1000]
[    0.391978] pci 0000:00:18.4: BAR 7: failed to assign [io  size 0x1000]
[    0.391980] pci 0000:00:18.5: BAR 7: no space for [io  size 0x1000]
[    0.391981] pci 0000:00:18.5: BAR 7: failed to assign [io  size 0x1000]
[    0.391983] pci 0000:00:18.6: BAR 7: no space for [io  size 0x1000]
[    0.391984] pci 0000:00:18.6: BAR 7: failed to assign [io  size 0x1000]
[    0.391986] pci 0000:00:18.7: BAR 7: no space for [io  size 0x1000]
[    0.391987] pci 0000:00:18.7: BAR 7: failed to assign [io  size 0x1000]
[    0.391991] pci 0000:00:18.7: BAR 7: assigned [io  0x3000-0x3fff]
[    0.391993] pci 0000:00:18.6: BAR 7: assigned [io  0x4000-0x4fff]
[    0.391994] pci 0000:00:18.5: BAR 7: assigned [io  0x6000-0x6fff]
[    0.391996] pci 0000:00:18.4: BAR 7: assigned [io  0x7000-0x7fff]
[    0.391997] pci 0000:00:18.3: BAR 7: assigned [io  0x8000-0x8fff]
[    0.391999] pci 0000:00:18.2: BAR 7: assigned [io  0x9000-0x9fff]
[    0.392000] pci 0000:00:18.1: BAR 7: assigned [io  0xa000-0xafff]
[    0.392002] pci 0000:00:18.0: BAR 7: assigned [io  0xb000-0xbfff]
[    0.392004] pci 0000:00:17.7: BAR 7: assigned [io  0xc000-0xcfff]
[    0.392005] pci 0000:00:17.6: BAR 7: assigned [io  0xd000-0xdfff]
[    0.392007] pci 0000:00:17.5: BAR 7: assigned [io  0xe000-0xefff]
[    0.392008] pci 0000:00:17.4: BAR 7: assigned [io  0xf000-0xffff]
[    0.392010] pci 0000:00:17.3: BAR 7: no space for [io  size 0x1000]
[    0.392012] pci 0000:00:17.3: BAR 7: failed to assign [io  size 0x1000]
[    0.392014] pci 0000:00:17.2: BAR 7: no space for [io  size 0x1000]
[    0.392015] pci 0000:00:17.2: BAR 7: failed to assign [io  size 0x1000]
[    0.392017] pci 0000:00:17.1: BAR 7: no space for [io  size 0x1000]
[    0.392018] pci 0000:00:17.1: BAR 7: failed to assign [io  size 0x1000]
[    0.392020] pci 0000:00:17.0: BAR 7: no space for [io  size 0x1000]
[    0.392022] pci 0000:00:17.0: BAR 7: failed to assign [io  size 0x1000]
[    0.392024] pci 0000:00:16.7: BAR 7: no space for [io  size 0x1000]
[    0.392025] pci 0000:00:16.7: BAR 7: failed to assign [io  size 0x1000]
[    0.392027] pci 0000:00:16.6: BAR 7: no space for [io  size 0x1000]
[    0.392028] pci 0000:00:16.6: BAR 7: failed to assign [io  size 0x1000]
[    0.392030] pci 0000:00:16.5: BAR 7: no space for [io  size 0x1000]
[    0.392032] pci 0000:00:16.5: BAR 7: failed to assign [io  size 0x1000]
[    0.392033] pci 0000:00:16.4: BAR 7: no space for [io  size 0x1000]
[    0.392035] pci 0000:00:16.4: BAR 7: failed to assign [io  size 0x1000]
[    0.392037] pci 0000:00:16.3: BAR 7: no space for [io  size 0x1000]
[    0.392038] pci 0000:00:16.3: BAR 7: failed to assign [io  size 0x1000]
[    0.392040] pci 0000:00:16.2: BAR 7: no space for [io  size 0x1000]
[    0.392041] pci 0000:00:16.2: BAR 7: failed to assign [io  size 0x1000]
[    0.392043] pci 0000:00:16.1: BAR 7: no space for [io  size 0x1000]
[    0.392045] pci 0000:00:16.1: BAR 7: failed to assign [io  size 0x1000]
[    0.392047] pci 0000:00:16.0: BAR 7: no space for [io  size 0x1000]
[    0.392048] pci 0000:00:16.0: BAR 7: failed to assign [io  size 0x1000]
[    0.392050] pci 0000:00:15.7: BAR 7: no space for [io  size 0x1000]
[    0.392051] pci 0000:00:15.7: BAR 7: failed to assign [io  size 0x1000]
[    0.392053] pci 0000:00:15.6: BAR 7: no space for [io  size 0x1000]
[    0.392054] pci 0000:00:15.6: BAR 7: failed to assign [io  size 0x1000]
[    0.392056] pci 0000:00:15.5: BAR 7: no space for [io  size 0x1000]
[    0.392058] pci 0000:00:15.5: BAR 7: failed to assign [io  size 0x1000]
[    0.392060] pci 0000:00:15.4: BAR 7: no space for [io  size 0x1000]
[    0.392061] pci 0000:00:15.4: BAR 7: failed to assign [io  size 0x1000]
[    0.392063] pci 0000:00:15.3: BAR 7: no space for [io  size 0x1000]
[    0.392064] pci 0000:00:15.3: BAR 7: failed to assign [io  size 0x1000]
[    0.392066] pci 0000:00:15.2: BAR 7: no space for [io  size 0x1000]
[    0.392068] pci 0000:00:15.2: BAR 7: failed to assign [io  size 0x1000]
[    0.392069] pci 0000:00:15.1: BAR 7: no space for [io  size 0x1000]
[    0.392071] pci 0000:00:15.1: BAR 7: failed to assign [io  size 0x1000]
[    0.392073] pci 0000:00:15.0: BAR 7: no space for [io  size 0x1000]
[    0.392074] pci 0000:00:15.0: BAR 7: failed to assign [io  size 0x1000]
[    0.392077] pci 0000:00:01.0: PCI bridge to [bus 01]
[    0.392191] pci 0000:02:01.0: BAR 6: assigned [mem 0xfc030000-0xfc03ffff pref]
[    0.392195] pci 0000:02:05.0: BAR 6: assigned [mem 0xfc040000-0xfc04ffff pref]
[    0.392197] pci 0000:00:11.0: PCI bridge to [bus 02]
[    0.392209] pci 0000:00:11.0:   bridge window [io  0x1000-0x1fff]
[    0.392243] pci 0000:00:11.0:   bridge window [mem 0xfc000000-0xfc9fffff]
[    0.392262] pci 0000:00:11.0:   bridge window [mem 0xf8000000-0xf84fffff 64bit pref]
[    0.392299] pci 0000:00:15.0: PCI bridge to [bus 03]
[    0.392327] pci 0000:00:15.0:   bridge window [mem 0xfea00000-0xfeafffff]
[    0.392346] pci 0000:00:15.0:   bridge window [mem 0xfa400000-0xfa4fffff 64bit pref]
[    0.392383] pci 0000:00:15.1: PCI bridge to [bus 04]
[    0.392410] pci 0000:00:15.1:   bridge window [mem 0xfe900000-0xfe9fffff]
[    0.392429] pci 0000:00:15.1:   bridge window [mem 0xfa300000-0xfa3fffff 64bit pref]
[    0.392466] pci 0000:00:15.2: PCI bridge to [bus 05]
[    0.392493] pci 0000:00:15.2:   bridge window [mem 0xfe800000-0xfe8fffff]
[    0.392512] pci 0000:00:15.2:   bridge window [mem 0xfa200000-0xfa2fffff 64bit pref]
[    0.392555] pci 0000:00:15.3: PCI bridge to [bus 06]
[    0.392583] pci 0000:00:15.3:   bridge window [mem 0xfe700000-0xfe7fffff]
[    0.392602] pci 0000:00:15.3:   bridge window [mem 0xfa100000-0xfa1fffff 64bit pref]
[    0.392640] pci 0000:00:15.4: PCI bridge to [bus 07]
[    0.392667] pci 0000:00:15.4:   bridge window [mem 0xfe600000-0xfe6fffff]
[    0.392686] pci 0000:00:15.4:   bridge window [mem 0xfa000000-0xfa0fffff 64bit pref]
[    0.392722] pci 0000:00:15.5: PCI bridge to [bus 08]
[    0.392750] pci 0000:00:15.5:   bridge window [mem 0xfe500000-0xfe5fffff]
[    0.392769] pci 0000:00:15.5:   bridge window [mem 0xf9f00000-0xf9ffffff 64bit pref]
[    0.392806] pci 0000:00:15.6: PCI bridge to [bus 09]
[    0.392833] pci 0000:00:15.6:   bridge window [mem 0xfe400000-0xfe4fffff]
[    0.392852] pci 0000:00:15.6:   bridge window [mem 0xf9e00000-0xf9efffff 64bit pref]
[    0.392889] pci 0000:00:15.7: PCI bridge to [bus 0a]
[    0.392916] pci 0000:00:15.7:   bridge window [mem 0xfe300000-0xfe3fffff]
[    0.392935] pci 0000:00:15.7:   bridge window [mem 0xf9d00000-0xf9dfffff 64bit pref]
[    0.392971] pci 0000:00:16.0: PCI bridge to [bus 0b]
[    0.392999] pci 0000:00:16.0:   bridge window [mem 0xfe200000-0xfe2fffff]
[    0.393018] pci 0000:00:16.0:   bridge window [mem 0xf9c00000-0xf9cfffff 64bit pref]
[    0.393054] pci 0000:00:16.1: PCI bridge to [bus 0c]
[    0.393087] pci 0000:00:16.1:   bridge window [mem 0xfe100000-0xfe1fffff]
[    0.393106] pci 0000:00:16.1:   bridge window [mem 0xf9b00000-0xf9bfffff 64bit pref]
[    0.393142] pci 0000:00:16.2: PCI bridge to [bus 0d]
[    0.393170] pci 0000:00:16.2:   bridge window [mem 0xfe000000-0xfe0fffff]
[    0.393189] pci 0000:00:16.2:   bridge window [mem 0xf9a00000-0xf9afffff 64bit pref]
[    0.393225] pci 0000:00:16.3: PCI bridge to [bus 0e]
[    0.393252] pci 0000:00:16.3:   bridge window [mem 0xfdf00000-0xfdffffff]
[    0.393271] pci 0000:00:16.3:   bridge window [mem 0xf9900000-0xf99fffff 64bit pref]
[    0.393308] pci 0000:00:16.4: PCI bridge to [bus 0f]
[    0.393335] pci 0000:00:16.4:   bridge window [mem 0xfde00000-0xfdefffff]
[    0.393354] pci 0000:00:16.4:   bridge window [mem 0xf9800000-0xf98fffff 64bit pref]
[    0.393390] pci 0000:00:16.5: PCI bridge to [bus 10]
[    0.393418] pci 0000:00:16.5:   bridge window [mem 0xfdd00000-0xfddfffff]
[    0.393436] pci 0000:00:16.5:   bridge window [mem 0xf9700000-0xf97fffff 64bit pref]
[    0.393473] pci 0000:00:16.6: PCI bridge to [bus 11]
[    0.393500] pci 0000:00:16.6:   bridge window [mem 0xfdc00000-0xfdcfffff]
[    0.393519] pci 0000:00:16.6:   bridge window [mem 0xf9600000-0xf96fffff 64bit pref]
[    0.393562] pci 0000:00:16.7: PCI bridge to [bus 12]
[    0.393589] pci 0000:00:16.7:   bridge window [mem 0xfdb00000-0xfdbfffff]
[    0.393608] pci 0000:00:16.7:   bridge window [mem 0xf9500000-0xf95fffff 64bit pref]
[    0.393645] pci 0000:00:17.0: PCI bridge to [bus 13]
[    0.393672] pci 0000:00:17.0:   bridge window [mem 0xfda00000-0xfdafffff]
[    0.393691] pci 0000:00:17.0:   bridge window [mem 0xf9400000-0xf94fffff 64bit pref]
[    0.393727] pci 0000:00:17.1: PCI bridge to [bus 14]
[    0.393755] pci 0000:00:17.1:   bridge window [mem 0xfd900000-0xfd9fffff]
[    0.393774] pci 0000:00:17.1:   bridge window [mem 0xf9300000-0xf93fffff 64bit pref]
[    0.393810] pci 0000:00:17.2: PCI bridge to [bus 15]
[    0.393837] pci 0000:00:17.2:   bridge window [mem 0xfd800000-0xfd8fffff]
[    0.393856] pci 0000:00:17.2:   bridge window [mem 0xf9200000-0xf92fffff 64bit pref]
[    0.393892] pci 0000:00:17.3: PCI bridge to [bus 16]
[    0.393920] pci 0000:00:17.3:   bridge window [mem 0xfd700000-0xfd7fffff]
[    0.393939] pci 0000:00:17.3:   bridge window [mem 0xf9100000-0xf91fffff 64bit pref]
[    0.393975] pci 0000:00:17.4: PCI bridge to [bus 17]
[    0.393988] pci 0000:00:17.4:   bridge window [io  0xf000-0xffff]
[    0.394015] pci 0000:00:17.4:   bridge window [mem 0xfd600000-0xfd6fffff]
[    0.394034] pci 0000:00:17.4:   bridge window [mem 0xf9000000-0xf90fffff 64bit pref]
[    0.394074] pci 0000:00:17.5: PCI bridge to [bus 18]
[    0.394091] pci 0000:00:17.5:   bridge window [io  0xe000-0xefff]
[    0.394118] pci 0000:00:17.5:   bridge window [mem 0xfd500000-0xfd5fffff]
[    0.394137] pci 0000:00:17.5:   bridge window [mem 0xf8f00000-0xf8ffffff 64bit pref]
[    0.394174] pci 0000:00:17.6: PCI bridge to [bus 19]
[    0.394184] pci 0000:00:17.6:   bridge window [io  0xd000-0xdfff]
[    0.394212] pci 0000:00:17.6:   bridge window [mem 0xfd400000-0xfd4fffff]
[    0.394231] pci 0000:00:17.6:   bridge window [mem 0xf8e00000-0xf8efffff 64bit pref]
[    0.394267] pci 0000:00:17.7: PCI bridge to [bus 1a]
[    0.394277] pci 0000:00:17.7:   bridge window [io  0xc000-0xcfff]
[    0.394305] pci 0000:00:17.7:   bridge window [mem 0xfd300000-0xfd3fffff]
[    0.394323] pci 0000:00:17.7:   bridge window [mem 0xf8d00000-0xf8dfffff 64bit pref]
[    0.394360] pci 0000:00:18.0: PCI bridge to [bus 1b]
[    0.394370] pci 0000:00:18.0:   bridge window [io  0xb000-0xbfff]
[    0.394397] pci 0000:00:18.0:   bridge window [mem 0xfd200000-0xfd2fffff]
[    0.394416] pci 0000:00:18.0:   bridge window [mem 0xf8c00000-0xf8cfffff 64bit pref]
[    0.394453] pci 0000:00:18.1: PCI bridge to [bus 1c]
[    0.394463] pci 0000:00:18.1:   bridge window [io  0xa000-0xafff]
[    0.394490] pci 0000:00:18.1:   bridge window [mem 0xfd100000-0xfd1fffff]
[    0.394509] pci 0000:00:18.1:   bridge window [mem 0xf8b00000-0xf8bfffff 64bit pref]
[    0.394552] pci 0000:00:18.2: PCI bridge to [bus 1d]
[    0.394562] pci 0000:00:18.2:   bridge window [io  0x9000-0x9fff]
[    0.394590] pci 0000:00:18.2:   bridge window [mem 0xfd000000-0xfd0fffff]
[    0.394609] pci 0000:00:18.2:   bridge window [mem 0xf8a00000-0xf8afffff 64bit pref]
[    0.394646] pci 0000:00:18.3: PCI bridge to [bus 1e]
[    0.394656] pci 0000:00:18.3:   bridge window [io  0x8000-0x8fff]
[    0.394683] pci 0000:00:18.3:   bridge window [mem 0xfcf00000-0xfcffffff]
[    0.394702] pci 0000:00:18.3:   bridge window [mem 0xf8900000-0xf89fffff 64bit pref]
[    0.394738] pci 0000:00:18.4: PCI bridge to [bus 1f]
[    0.394749] pci 0000:00:18.4:   bridge window [io  0x7000-0x7fff]
[    0.394776] pci 0000:00:18.4:   bridge window [mem 0xfce00000-0xfcefffff]
[    0.394795] pci 0000:00:18.4:   bridge window [mem 0xf8800000-0xf88fffff 64bit pref]
[    0.394831] pci 0000:00:18.5: PCI bridge to [bus 20]
[    0.394842] pci 0000:00:18.5:   bridge window [io  0x6000-0x6fff]
[    0.394869] pci 0000:00:18.5:   bridge window [mem 0xfcd00000-0xfcdfffff]
[    0.394888] pci 0000:00:18.5:   bridge window [mem 0xf8700000-0xf87fffff 64bit pref]
[    0.394924] pci 0000:00:18.6: PCI bridge to [bus 21]
[    0.394934] pci 0000:00:18.6:   bridge window [io  0x4000-0x4fff]
[    0.394962] pci 0000:00:18.6:   bridge window [mem 0xfcc00000-0xfccfffff]
[    0.394980] pci 0000:00:18.6:   bridge window [mem 0xf8600000-0xf86fffff 64bit pref]
[    0.395017] pci 0000:00:18.7: PCI bridge to [bus 22]
[    0.395027] pci 0000:00:18.7:   bridge window [io  0x3000-0x3fff]
[    0.395054] pci 0000:00:18.7:   bridge window [mem 0xfcb00000-0xfcbfffff]
[    0.395087] pci 0000:00:18.7:   bridge window [mem 0xf8500000-0xf85fffff 64bit pref]
[    0.395124] pci_bus 0000:00: resource 4 [io  0x0d00-0xffff window]
[    0.395126] pci_bus 0000:00: resource 5 [io  0x0000-0x0cf7 window]
[    0.395127] pci_bus 0000:00: resource 6 [mem 0xfef00000-0xffdfffff window]
[    0.395129] pci_bus 0000:00: resource 7 [mem 0xfed45000-0xfedfffff window]
[    0.395130] pci_bus 0000:00: resource 8 [mem 0xfec10000-0xfed3ffff window]
[    0.395132] pci_bus 0000:00: resource 9 [mem 0xfa500000-0xfebfffff window]
[    0.395133] pci_bus 0000:00: resource 10 [mem 0xf0000000-0xfa4fffff pref window]
[    0.395135] pci_bus 0000:00: resource 11 [mem 0xc0000000-0xefffffff window]
[    0.395137] pci_bus 0000:00: resource 12 [mem 0x000a0000-0x000bffff window]
[    0.395138] pci_bus 0000:00: resource 13 [mem 0x000c4000-0x000c7fff window]
[    0.395140] pci_bus 0000:00: resource 14 [mem 0x000c8000-0x000cbfff window]
[    0.395141] pci_bus 0000:00: resource 15 [mem 0x000d4000-0x000d7fff window]
[    0.395142] pci_bus 0000:00: resource 16 [mem 0x000d8000-0x000dbfff window]
[    0.395144] pci_bus 0000:00: resource 17 [mem 0x000e4000-0x000e7fff window]
[    0.395145] pci_bus 0000:00: resource 18 [mem 0x000e8000-0x000ebfff window]
[    0.395147] pci_bus 0000:00: resource 19 [mem 0x000ec000-0x000effff window]
[    0.395148] pci_bus 0000:02: resource 0 [io  0x1000-0x1fff]
[    0.395150] pci_bus 0000:02: resource 1 [mem 0xfc000000-0xfc9fffff]
[    0.395151] pci_bus 0000:02: resource 2 [mem 0xf8000000-0xf84fffff 64bit pref]
[    0.395153] pci_bus 0000:02: resource 4 [io  0x0d00-0xffff window]
[    0.395155] pci_bus 0000:02: resource 5 [io  0x0000-0x0cf7 window]
[    0.395156] pci_bus 0000:02: resource 6 [mem 0xfef00000-0xffdfffff window]
[    0.395157] pci_bus 0000:02: resource 7 [mem 0xfed45000-0xfedfffff window]
[    0.395159] pci_bus 0000:02: resource 8 [mem 0xfec10000-0xfed3ffff window]
[    0.395160] pci_bus 0000:02: resource 9 [mem 0xfa500000-0xfebfffff window]
[    0.395162] pci_bus 0000:02: resource 10 [mem 0xf0000000-0xfa4fffff pref window]
[    0.395163] pci_bus 0000:02: resource 11 [mem 0xc0000000-0xefffffff window]
[    0.395165] pci_bus 0000:02: resource 12 [mem 0x000a0000-0x000bffff window]
[    0.395166] pci_bus 0000:02: resource 13 [mem 0x000c4000-0x000c7fff window]
[    0.395168] pci_bus 0000:02: resource 14 [mem 0x000c8000-0x000cbfff window]
[    0.395169] pci_bus 0000:02: resource 15 [mem 0x000d4000-0x000d7fff window]
[    0.395171] pci_bus 0000:02: resource 16 [mem 0x000d8000-0x000dbfff window]
[    0.395172] pci_bus 0000:02: resource 17 [mem 0x000e4000-0x000e7fff window]
[    0.395173] pci_bus 0000:02: resource 18 [mem 0x000e8000-0x000ebfff window]
[    0.395175] pci_bus 0000:02: resource 19 [mem 0x000ec000-0x000effff window]
[    0.395176] pci_bus 0000:03: resource 1 [mem 0xfea00000-0xfeafffff]
[    0.395178] pci_bus 0000:03: resource 2 [mem 0xfa400000-0xfa4fffff 64bit pref]
[    0.395180] pci_bus 0000:04: resource 1 [mem 0xfe900000-0xfe9fffff]
[    0.395181] pci_bus 0000:04: resource 2 [mem 0xfa300000-0xfa3fffff 64bit pref]
[    0.395183] pci_bus 0000:05: resource 1 [mem 0xfe800000-0xfe8fffff]
[    0.395184] pci_bus 0000:05: resource 2 [mem 0xfa200000-0xfa2fffff 64bit pref]
[    0.395186] pci_bus 0000:06: resource 1 [mem 0xfe700000-0xfe7fffff]
[    0.395187] pci_bus 0000:06: resource 2 [mem 0xfa100000-0xfa1fffff 64bit pref]
[    0.395189] pci_bus 0000:07: resource 1 [mem 0xfe600000-0xfe6fffff]
[    0.395190] pci_bus 0000:07: resource 2 [mem 0xfa000000-0xfa0fffff 64bit pref]
[    0.395192] pci_bus 0000:08: resource 1 [mem 0xfe500000-0xfe5fffff]
[    0.395193] pci_bus 0000:08: resource 2 [mem 0xf9f00000-0xf9ffffff 64bit pref]
[    0.395195] pci_bus 0000:09: resource 1 [mem 0xfe400000-0xfe4fffff]
[    0.395197] pci_bus 0000:09: resource 2 [mem 0xf9e00000-0xf9efffff 64bit pref]
[    0.395198] pci_bus 0000:0a: resource 1 [mem 0xfe300000-0xfe3fffff]
[    0.395200] pci_bus 0000:0a: resource 2 [mem 0xf9d00000-0xf9dfffff 64bit pref]
[    0.395201] pci_bus 0000:0b: resource 1 [mem 0xfe200000-0xfe2fffff]
[    0.395203] pci_bus 0000:0b: resource 2 [mem 0xf9c00000-0xf9cfffff 64bit pref]
[    0.395204] pci_bus 0000:0c: resource 1 [mem 0xfe100000-0xfe1fffff]
[    0.395206] pci_bus 0000:0c: resource 2 [mem 0xf9b00000-0xf9bfffff 64bit pref]
[    0.395208] pci_bus 0000:0d: resource 1 [mem 0xfe000000-0xfe0fffff]
[    0.395209] pci_bus 0000:0d: resource 2 [mem 0xf9a00000-0xf9afffff 64bit pref]
[    0.395211] pci_bus 0000:0e: resource 1 [mem 0xfdf00000-0xfdffffff]
[    0.395212] pci_bus 0000:0e: resource 2 [mem 0xf9900000-0xf99fffff 64bit pref]
[    0.395214] pci_bus 0000:0f: resource 1 [mem 0xfde00000-0xfdefffff]
[    0.395215] pci_bus 0000:0f: resource 2 [mem 0xf9800000-0xf98fffff 64bit pref]
[    0.395217] pci_bus 0000:10: resource 1 [mem 0xfdd00000-0xfddfffff]
[    0.395218] pci_bus 0000:10: resource 2 [mem 0xf9700000-0xf97fffff 64bit pref]
[    0.395220] pci_bus 0000:11: resource 1 [mem 0xfdc00000-0xfdcfffff]
[    0.395221] pci_bus 0000:11: resource 2 [mem 0xf9600000-0xf96fffff 64bit pref]
[    0.395223] pci_bus 0000:12: resource 1 [mem 0xfdb00000-0xfdbfffff]
[    0.395225] pci_bus 0000:12: resource 2 [mem 0xf9500000-0xf95fffff 64bit pref]
[    0.395226] pci_bus 0000:13: resource 1 [mem 0xfda00000-0xfdafffff]
[    0.395228] pci_bus 0000:13: resource 2 [mem 0xf9400000-0xf94fffff 64bit pref]
[    0.395229] pci_bus 0000:14: resource 1 [mem 0xfd900000-0xfd9fffff]
[    0.395231] pci_bus 0000:14: resource 2 [mem 0xf9300000-0xf93fffff 64bit pref]
[    0.395232] pci_bus 0000:15: resource 1 [mem 0xfd800000-0xfd8fffff]
[    0.395234] pci_bus 0000:15: resource 2 [mem 0xf9200000-0xf92fffff 64bit pref]
[    0.395236] pci_bus 0000:16: resource 1 [mem 0xfd700000-0xfd7fffff]
[    0.395237] pci_bus 0000:16: resource 2 [mem 0xf9100000-0xf91fffff 64bit pref]
[    0.395239] pci_bus 0000:17: resource 0 [io  0xf000-0xffff]
[    0.395240] pci_bus 0000:17: resource 1 [mem 0xfd600000-0xfd6fffff]
[    0.395241] pci_bus 0000:17: resource 2 [mem 0xf9000000-0xf90fffff 64bit pref]
[    0.395243] pci_bus 0000:18: resource 0 [io  0xe000-0xefff]
[    0.395244] pci_bus 0000:18: resource 1 [mem 0xfd500000-0xfd5fffff]
[    0.395246] pci_bus 0000:18: resource 2 [mem 0xf8f00000-0xf8ffffff 64bit pref]
[    0.395247] pci_bus 0000:19: resource 0 [io  0xd000-0xdfff]
[    0.395249] pci_bus 0000:19: resource 1 [mem 0xfd400000-0xfd4fffff]
[    0.395250] pci_bus 0000:19: resource 2 [mem 0xf8e00000-0xf8efffff 64bit pref]
[    0.395252] pci_bus 0000:1a: resource 0 [io  0xc000-0xcfff]
[    0.395253] pci_bus 0000:1a: resource 1 [mem 0xfd300000-0xfd3fffff]
[    0.395255] pci_bus 0000:1a: resource 2 [mem 0xf8d00000-0xf8dfffff 64bit pref]
[    0.395256] pci_bus 0000:1b: resource 0 [io  0xb000-0xbfff]
[    0.395258] pci_bus 0000:1b: resource 1 [mem 0xfd200000-0xfd2fffff]
[    0.395259] pci_bus 0000:1b: resource 2 [mem 0xf8c00000-0xf8cfffff 64bit pref]
[    0.395261] pci_bus 0000:1c: resource 0 [io  0xa000-0xafff]
[    0.395262] pci_bus 0000:1c: resource 1 [mem 0xfd100000-0xfd1fffff]
[    0.395263] pci_bus 0000:1c: resource 2 [mem 0xf8b00000-0xf8bfffff 64bit pref]
[    0.395265] pci_bus 0000:1d: resource 0 [io  0x9000-0x9fff]
[    0.395266] pci_bus 0000:1d: resource 1 [mem 0xfd000000-0xfd0fffff]
[    0.395268] pci_bus 0000:1d: resource 2 [mem 0xf8a00000-0xf8afffff 64bit pref]
[    0.395270] pci_bus 0000:1e: resource 0 [io  0x8000-0x8fff]
[    0.395271] pci_bus 0000:1e: resource 1 [mem 0xfcf00000-0xfcffffff]
[    0.395272] pci_bus 0000:1e: resource 2 [mem 0xf8900000-0xf89fffff 64bit pref]
[    0.395274] pci_bus 0000:1f: resource 0 [io  0x7000-0x7fff]
[    0.395275] pci_bus 0000:1f: resource 1 [mem 0xfce00000-0xfcefffff]
[    0.395277] pci_bus 0000:1f: resource 2 [mem 0xf8800000-0xf88fffff 64bit pref]
[    0.395278] pci_bus 0000:20: resource 0 [io  0x6000-0x6fff]
[    0.395280] pci_bus 0000:20: resource 1 [mem 0xfcd00000-0xfcdfffff]
[    0.395281] pci_bus 0000:20: resource 2 [mem 0xf8700000-0xf87fffff 64bit pref]
[    0.395283] pci_bus 0000:21: resource 0 [io  0x4000-0x4fff]
[    0.395284] pci_bus 0000:21: resource 1 [mem 0xfcc00000-0xfccfffff]
[    0.395285] pci_bus 0000:21: resource 2 [mem 0xf8600000-0xf86fffff 64bit pref]
[    0.395287] pci_bus 0000:22: resource 0 [io  0x3000-0x3fff]
[    0.395288] pci_bus 0000:22: resource 1 [mem 0xfcb00000-0xfcbfffff]
[    0.395290] pci_bus 0000:22: resource 2 [mem 0xf8500000-0xf85fffff 64bit pref]
[    0.395335] pci 0000:00:00.0: Limiting direct PCI/PCI transfers
[    0.395435] pci 0000:00:0f.0: Video device with shadowed ROM at [mem 0x000c0000-0x000dffff]
[    0.396658] pci 0000:02:01.0: CLS mismatch (32 != 64), using 64 bytes
[    0.397247] DMAR: Host address width 45
[    0.397250] DMAR: DRHD base: 0x000000fec10000 flags: 0x1
[    0.397268] DMAR: dmar0: reg_base_addr fec10000 ver 1:0 cap ff0080f02c0462 ecap f0f15f
[    0.397274] DMAR: ATSR flags: 0x1
[    0.461174] RAPL PMU: API unit is 2^-32 Joules, 0 fixed counters, 10737418240 ms ovfl timer
[    0.526286] clocksource: tsc: mask: 0xffffffffffffffff max_cycles: 0x29dc06c056a, max_idle_ns: 440795257733 ns
[    0.526358] clocksource: Switched to clocksource tsc
[    0.528250] Initialise system trusted keyrings
[    0.528389] workingset: timestamp_bits=56 max_order=19 bucket_order=0
[    0.529251] NFS: Registering the id_resolver key type
[    0.529259] Key type id_resolver registered
[    0.529260] Key type id_legacy registered
[    0.529360] SGI XFS with security attributes, no debug enabled
[    0.535640] xor: automatically using best checksumming function   avx       
[    0.535644] Key type asymmetric registered
[    0.535645] Asymmetric key parser 'x509' registered
[    0.535653] Block layer SCSI generic (bsg) driver version 0.4 loaded (major 251)
[    0.535655] io scheduler mq-deadline registered
[    0.535656] io scheduler kyber registered
[    0.536385] pcieport 0000:00:15.0: PME: Signaling with IRQ 24
[    0.537083] pcieport 0000:00:15.1: PME: Signaling with IRQ 25
[    0.537757] pcieport 0000:00:15.2: PME: Signaling with IRQ 26
[    0.538428] pcieport 0000:00:15.3: PME: Signaling with IRQ 27
[    0.539094] pcieport 0000:00:15.4: PME: Signaling with IRQ 28
[    0.539758] pcieport 0000:00:15.5: PME: Signaling with IRQ 29
[    0.540431] pcieport 0000:00:15.6: PME: Signaling with IRQ 30
[    0.541098] pcieport 0000:00:15.7: PME: Signaling with IRQ 31
[    0.541763] pcieport 0000:00:16.0: PME: Signaling with IRQ 32
[    0.542431] pcieport 0000:00:16.1: PME: Signaling with IRQ 33
[    0.543106] pcieport 0000:00:16.2: PME: Signaling with IRQ 34
[    0.543790] pcieport 0000:00:16.3: PME: Signaling with IRQ 35
[    0.544459] pcieport 0000:00:16.4: PME: Signaling with IRQ 36
[    0.545123] pcieport 0000:00:16.5: PME: Signaling with IRQ 37
[    0.545789] pcieport 0000:00:16.6: PME: Signaling with IRQ 38
[    0.546454] pcieport 0000:00:16.7: PME: Signaling with IRQ 39
[    0.547118] pcieport 0000:00:17.0: PME: Signaling with IRQ 40
[    0.547780] pcieport 0000:00:17.1: PME: Signaling with IRQ 41
[    0.548462] pcieport 0000:00:17.2: PME: Signaling with IRQ 42
[    0.549126] pcieport 0000:00:17.3: PME: Signaling with IRQ 43
[    0.549796] pcieport 0000:00:17.4: PME: Signaling with IRQ 44
[    0.550478] pcieport 0000:00:17.5: PME: Signaling with IRQ 45
[    0.551153] pcieport 0000:00:17.6: PME: Signaling with IRQ 46
[    0.551814] pcieport 0000:00:17.7: PME: Signaling with IRQ 47
[    0.552487] pcieport 0000:00:18.0: PME: Signaling with IRQ 48
[    0.553159] pcieport 0000:00:18.1: PME: Signaling with IRQ 49
[    0.553820] pcieport 0000:00:18.2: PME: Signaling with IRQ 50
[    0.554495] pcieport 0000:00:18.3: PME: Signaling with IRQ 51
[    0.555169] pcieport 0000:00:18.4: PME: Signaling with IRQ 52
[    0.555829] pcieport 0000:00:18.5: PME: Signaling with IRQ 53
[    0.556509] pcieport 0000:00:18.6: PME: Signaling with IRQ 54
[    0.557176] pcieport 0000:00:18.7: PME: Signaling with IRQ 55
[    0.557510] efifb: probing for efifb
[    0.557524] efifb: framebuffer at 0xf0000000, using 3072k, total 3072k
[    0.557525] efifb: mode is 1024x768x32, linelength=4096, pages=1
[    0.557527] efifb: scrolling: redraw
[    0.557528] efifb: Truecolor: size=8:8:8:8, shift=24:16:8:0
[    0.559130] Console: switching to colour frame buffer device 128x48
[    0.560029] fb0: EFI VGA frame buffer device
[    0.560199] ACPI: AC: AC Adapter [ACAD] (on-line)
[    0.560257] input: Power Button as /devices/LNXSYSTM:00/LNXPWRBN:00/input/input0
[    0.560273] ACPI: button: Power Button [PWRF]
[    0.561574] Serial: 8250/16550 driver, 4 ports, IRQ sharing enabled
[    0.562131] Non-volatile memory driver v1.3
[    0.562316] Linux agpgart interface v0.103
[    0.562395] agpgart-intel 0000:00:00.0: Intel 440BX Chipset
[    0.562993] agpgart-intel 0000:00:00.0: AGP aperture is 256M @ 0x0
[    0.563090] checking generic (f0000000 300000) vs hw (f0000000 8000000)
[    0.563122] fb0: switching to vmwgfx from EFI VGA
[    0.563199] Console: switching to colour dummy device 80x25
[    0.563217] vmwgfx 0000:00:0f.0: vgaarb: deactivate vga console
[    0.563676] [TTM] Zone  kernel: Available graphics memory: 1002482 KiB
[    0.563699] [drm] FIFO at 0x00000000fb800000 size is 8192 kiB
[    0.563710] [drm] VRAM at 0x00000000f0000000 size is 131072 kiB
[    0.563723] [drm] Running on SVGA version 2.
[    0.563732] [drm] DMA map mode: Caching DMA mappings.
[    0.563798] [drm] Capabilities:
[    0.563800] [drm]   Rect copy.
[    0.563800] [drm]   Cursor.
[    0.563801] [drm]   Cursor bypass.
[    0.563802] [drm]   Cursor bypass 2.
[    0.563803] [drm]   8bit emulation.
[    0.563804] [drm]   Alpha cursor.
[    0.563804] [drm]   Extended Fifo.
[    0.563805] [drm]   Multimon.
[    0.563806] [drm]   Pitchlock.
[    0.563807] [drm]   Irq mask.
[    0.563807] [drm]   Display Topology.
[    0.563808] [drm]   GMR.
[    0.563809] [drm]   Traces.
[    0.563810] [drm]   GMR2.
[    0.563811] [drm]   Screen Object 2.
[    0.563811] [drm]   Command Buffers.
[    0.563812] [drm]   Command Buffers 2.
[    0.563813] [drm]   Guest Backed Resources.
[    0.563814] [drm]   DX Features.
[    0.563815] [drm]   HP Command Queue.
[    0.563815] [drm] Capabilities2:
[    0.563816] [drm]   Grow oTable.
[    0.563817] [drm]   IntraSurface copy.
[    0.563818] [drm]   DX3.
[    0.563819] [drm] Supports command queues = 1
[    0.563820] [drm] Max GMR ids is 64
[    0.563821] [drm] Max number of GMR pages is 65536
[    0.563822] [drm] Max dedicated hypervisor surface memory is 0 kiB
[    0.563823] [drm] Maximum display memory size is 262144 kiB
[    0.568811] [drm] Screen Target Display device initialized
[    0.568819] [drm] width 1024
[    0.568824] [drm] height 768
[    0.568828] [drm] bpp 32
[    0.570358] [drm] Fifo max 0x00040000 min 0x00001000 cap 0x0000077f
[    0.570767] [drm] Using command buffers with DMA pool.
[    0.570774] [drm] Running without reservation semaphore
[    0.573288] fbcon: svgadrmfb (fb0) is primary device
[    0.574985] Console: switching to colour frame buffer device 128x48
[    0.576942] [drm] Initialized vmwgfx 2.18.1 20210218 for 0000:00:0f.0 on minor 0
[    0.581841] loop: module loaded
[    0.581905] vmw_vmci 0000:00:07.7: enabling device (0000 -> 0003)
[    0.582625] vmw_vmci 0000:00:07.7: Found VMCI PCI device at 0x12100, irq 16
[    0.582701] vmw_vmci 0000:00:07.7: Using capabilities 0x1c
[    0.583203] Guest personality initialized and is active
[    0.583333] VMCI host device registered (name=vmci, major=10, minor=126)
[    0.583348] Initialized host personality
[    0.583369] VMware PVSCSI driver - version 1.0.7.0-k
[    0.583961] ahci 0000:02:05.0: version 3.0
[    0.583994] ahci 0000:02:05.0: enabling device (0000 -> 0002)
[    0.584973] ahci 0000:02:05.0: AHCI 0001.0300 32 slots 30 ports 6 Gbps 0x3fffffff impl SATA mode
[    0.584994] ahci 0000:02:05.0: flags: 64bit ncq clo only 
[    0.587441] scsi host0: ahci
[    0.587799] scsi host1: ahci
[    0.588127] scsi host2: ahci
[    0.588547] scsi host3: ahci
[    0.588860] scsi host4: ahci
[    0.589122] scsi host5: ahci
[    0.589356] scsi host6: ahci
[    0.589778] scsi host7: ahci
[    0.590050] scsi host8: ahci
[    0.590292] scsi host9: ahci
[    0.590759] scsi host10: ahci
[    0.591221] scsi host11: ahci
[    0.591733] scsi host12: ahci
[    0.592212] scsi host13: ahci
[    0.592688] scsi host14: ahci
[    0.593140] scsi host15: ahci
[    0.593625] scsi host16: ahci
[    0.594069] scsi host17: ahci
[    0.594608] scsi host18: ahci
[    0.595053] scsi host19: ahci
[    0.595550] scsi host20: ahci
[    0.596013] scsi host21: ahci
[    0.596565] scsi host22: ahci
[    0.596995] scsi host23: ahci
[    0.597451] scsi host24: ahci
[    0.597900] scsi host25: ahci
[    0.598362] scsi host26: ahci
[    0.598795] scsi host27: ahci
[    0.599206] scsi host28: ahci
[    0.599626] scsi host29: ahci
[    0.599837] ata1: SATA max UDMA/133 abar m4096@0xfc050000 port 0xfc050100 irq 58
[    0.600035] ata2: SATA max UDMA/133 abar m4096@0xfc050000 port 0xfc050180 irq 58
[    0.600224] ata3: SATA max UDMA/133 abar m4096@0xfc050000 port 0xfc050200 irq 58
[    0.600432] ata4: SATA max UDMA/133 abar m4096@0xfc050000 port 0xfc050280 irq 58
[    0.600614] ata5: SATA max UDMA/133 abar m4096@0xfc050000 port 0xfc050300 irq 58
[    0.600785] ata6: SATA max UDMA/133 abar m4096@0xfc050000 port 0xfc050380 irq 58
[    0.600947] ata7: SATA max UDMA/133 abar m4096@0xfc050000 port 0xfc050400 irq 58
[    0.601099] ata8: SATA max UDMA/133 abar m4096@0xfc050000 port 0xfc050480 irq 58
[    0.601261] ata9: SATA max UDMA/133 abar m4096@0xfc050000 port 0xfc050500 irq 58
[    0.601405] ata10: SATA max UDMA/133 abar m4096@0xfc050000 port 0xfc050580 irq 58
[    0.601550] ata11: SATA max UDMA/133 abar m4096@0xfc050000 port 0xfc050600 irq 58
[    0.601690] ata12: SATA max UDMA/133 abar m4096@0xfc050000 port 0xfc050680 irq 58
[    0.601820] ata13: SATA max UDMA/133 abar m4096@0xfc050000 port 0xfc050700 irq 58
[    0.601943] ata14: SATA max UDMA/133 abar m4096@0xfc050000 port 0xfc050780 irq 58
[    0.602061] ata15: SATA max UDMA/133 abar m4096@0xfc050000 port 0xfc050800 irq 58
[    0.602173] ata16: SATA max UDMA/133 abar m4096@0xfc050000 port 0xfc050880 irq 58
[    0.602294] ata17: SATA max UDMA/133 abar m4096@0xfc050000 port 0xfc050900 irq 58
[    0.602390] ata18: SATA max UDMA/133 abar m4096@0xfc050000 port 0xfc050980 irq 58
[    0.602480] ata19: SATA max UDMA/133 abar m4096@0xfc050000 port 0xfc050a00 irq 58
[    0.602569] ata20: SATA max UDMA/133 abar m4096@0xfc050000 port 0xfc050a80 irq 58
[    0.602659] ata21: SATA max UDMA/133 abar m4096@0xfc050000 port 0xfc050b00 irq 58
[    0.602749] ata22: SATA max UDMA/133 abar m4096@0xfc050000 port 0xfc050b80 irq 58
[    0.602839] ata23: SATA max UDMA/133 abar m4096@0xfc050000 port 0xfc050c00 irq 58
[    0.602930] ata24: SATA max UDMA/133 abar m4096@0xfc050000 port 0xfc050c80 irq 58
[    0.603020] ata25: SATA max UDMA/133 abar m4096@0xfc050000 port 0xfc050d00 irq 58
[    0.603111] ata26: SATA max UDMA/133 abar m4096@0xfc050000 port 0xfc050d80 irq 58
[    0.603201] ata27: SATA max UDMA/133 abar m4096@0xfc050000 port 0xfc050e00 irq 58
[    0.603311] ata28: SATA max UDMA/133 abar m4096@0xfc050000 port 0xfc050e80 irq 58
[    0.603402] ata29: SATA max UDMA/133 abar m4096@0xfc050000 port 0xfc050f00 irq 58
[    0.603492] ata30: SATA max UDMA/133 abar m4096@0xfc050000 port 0xfc050f80 irq 58
[    0.603618] ata_piix 0000:00:07.1: version 2.13
[    0.604262] scsi host30: ata_piix
[    0.604670] scsi host31: ata_piix
[    0.604788] ata31: PATA max UDMA/33 cmd 0x1f0 ctl 0x3f6 bmdma 0x2150 irq 14
[    0.604898] ata32: PATA max UDMA/33 cmd 0x170 ctl 0x376 bmdma 0x2158 irq 15
[    0.605536] libphy: Fixed MDIO Bus: probed
[    0.605685] tun: Universal TUN/TAP device driver, 1.6
[    0.605875] e100: Intel(R) PRO/100 Network Driver
[    0.606003] e100: Copyright(c) 1999-2006 Intel Corporation
[    0.606142] e1000: Intel(R) PRO/1000 Network Driver
[    0.606295] e1000: Copyright (c) 1999-2006 Intel Corporation.
[    0.606494] e1000 0000:02:01.0: enabling device (0110 -> 0113)
[    0.774132] ata32.00: ATAPI: VMware Virtual IDE CDROM Drive, 00000001, max UDMA/33
[    0.910850] ata6: SATA link down (SStatus 0 SControl 300)
[    0.911069] ata11: SATA link down (SStatus 0 SControl 300)
[    0.911275] ata14: SATA link down (SStatus 0 SControl 300)
[    0.911496] ata17: SATA link down (SStatus 0 SControl 300)
[    0.911707] ata15: SATA link down (SStatus 0 SControl 300)
[    0.911905] ata10: SATA link down (SStatus 0 SControl 300)
[    0.912100] ata16: SATA link down (SStatus 0 SControl 300)
[    0.912283] ata5: SATA link down (SStatus 0 SControl 300)
[    0.912483] ata3: SATA link down (SStatus 0 SControl 300)
[    0.912681] ata18: SATA link down (SStatus 0 SControl 300)
[    0.912873] ata4: SATA link down (SStatus 0 SControl 300)
[    0.913075] ata1: SATA link down (SStatus 0 SControl 300)
[    0.913281] ata8: SATA link down (SStatus 0 SControl 300)
[    0.913490] ata19: SATA link down (SStatus 0 SControl 300)
[    0.913716] ata7: SATA link down (SStatus 0 SControl 300)
[    0.913929] ata20: SATA link down (SStatus 0 SControl 300)
[    0.914143] ata9: SATA link down (SStatus 0 SControl 300)
[    0.914354] ata13: SATA link down (SStatus 0 SControl 300)
[    0.914573] ata2: SATA link down (SStatus 0 SControl 300)
[    0.914807] ata12: SATA link down (SStatus 0 SControl 300)
[    0.919706] ata26: SATA link down (SStatus 0 SControl 300)
[    0.919943] ata22: SATA link down (SStatus 0 SControl 300)
[    0.921724] ata27: SATA link down (SStatus 0 SControl 300)
[    0.921961] ata23: SATA link down (SStatus 0 SControl 300)
[    0.922196] ata29: SATA link down (SStatus 0 SControl 300)
[    0.922429] ata25: SATA link down (SStatus 0 SControl 300)
[    0.922675] ata30: SATA link down (SStatus 0 SControl 300)
[    0.923152] ata28: SATA link down (SStatus 0 SControl 300)
[    0.924694] ata24: SATA link down (SStatus 0 SControl 300)
[    0.924927] ata21: SATA link down (SStatus 0 SControl 300)
[    0.925912] scsi 31:0:0:0: CD-ROM            NECVMWar VMware IDE CDR10 1.00 PQ: 0 ANSI: 5
[    0.927070] sr 31:0:0:0: [sr0] scsi3-mmc drive: 1x/1x writer dvd-ram cd/rw xa/form2 cdda tray
[    0.927311] cdrom: Uniform CD-ROM driver Revision: 3.20
[    0.950569] sr 31:0:0:0: Attached scsi CD-ROM sr0
[    0.950724] sr 31:0:0:0: Attached scsi generic sg0 type 5
[    0.959922] e1000 0000:02:01.0 eth0: (PCI:66MHz:32-bit) 00:0c:29:66:16:17
[    0.960059] e1000 0000:02:01.0 eth0: Intel(R) PRO/1000 Network Connection
[    0.960059] e1000e: Intel(R) PRO/1000 Network Driver
[    0.960731] e1000e: Copyright(c) 1999 - 2015 Intel Corporation.
[    0.961025] sky2: driver version 1.30
[    0.961333] VMware vmxnet3 virtual NIC driver - version 1.6.0.0-k-NAPI
[    0.961606] Fusion MPT base driver 3.04.20
[    0.961878] Copyright (c) 1999-2008 LSI Corporation
[    0.962141] Fusion MPT SPI Host driver 3.04.20
[    0.963189] mptbase: ioc0: Initiating bringup
[    0.992157] ioc0: LSI53C1030 B0: Capabilities={Initiator}
[    1.056345] scsi host32: ioc0: LSI53C1030 B0, FwRev=01032920h, Ports=1, MaxQ=128, IRQ=17
[    1.099017] scsi 32:0:0:0: Direct-Access     VMware,  VMware Virtual S 1.0  PQ: 0 ANSI: 2
[    1.099313] scsi target32:0:0: Beginning Domain Validation
[    1.101636] scsi target32:0:0: Domain Validation skipping write tests
[    1.101904] scsi target32:0:0: Ending Domain Validation
[    1.102211] scsi target32:0:0: FAST-40 WIDE SCSI 80.0 MB/s ST (25 ns, offset 127)
[    1.102988] sd 32:0:0:0: Attached scsi generic sg1 type 0
[    1.103227] sd 32:0:0:0: [sda] 46137344 512-byte logical blocks: (23.6 GB/22.0 GiB)
[    1.103882] sd 32:0:0:0: [sda] Write Protect is off
[    1.104295] sd 32:0:0:0: [sda] Mode Sense: 61 00 00 00
[    1.104758] sd 32:0:0:0: [sda] Cache data unavailable
[    1.105058] sd 32:0:0:0: [sda] Assuming drive cache: write through
[    1.107959]  sda: sda1 sda2 sda3
[    1.108557] Fusion MPT SAS Host driver 3.04.20
[    1.108923] Fusion MPT misc device (ioctl) driver 3.04.20
[    1.109314] mptctl: Registered with Fusion MPT base driver
[    1.109318] sd 32:0:0:0: [sda] Attached SCSI disk
[    1.109682] mptctl: /dev/mptctl @ (major,minor=10,220)
[    1.109787] ehci_hcd: USB 2.0 'Enhanced' Host Controller (EHCI) Driver
[    1.110708] ehci-pci: EHCI PCI platform driver
[    1.111366] ehci-pci 0000:02:03.0: EHCI Host Controller
[    1.111817] ehci-pci 0000:02:03.0: new USB bus registered, assigned bus number 1
[    1.112296] ehci-pci 0000:02:03.0: irq 17, io mem 0xfc051000
[    1.119850] ehci-pci 0000:02:03.0: USB 2.0 started, EHCI 1.00
[    1.120219] usb usb1: New USB device found, idVendor=1d6b, idProduct=0002, bcdDevice= 5.14
[    1.120555] usb usb1: New USB device strings: Mfr=3, Product=2, SerialNumber=1
[    1.120904] usb usb1: Product: EHCI Host Controller
[    1.121196] usb usb1: Manufacturer: Linux 5.14.0-rc2-next-20210722-salec ehci_hcd
[    1.121196] usb usb1: SerialNumber: 0000:02:03.0
[    1.122143] hub 1-0:1.0: USB hub found
[    1.122509] hub 1-0:1.0: 6 ports detected
[    1.122989] ohci_hcd: USB 1.1 'Open' Host Controller (OHCI) Driver
[    1.123112] ohci-pci: OHCI PCI platform driver
[    1.123784] uhci_hcd: USB Universal Host Controller Interface driver
[    1.124497] uhci_hcd 0000:02:00.0: UHCI Host Controller
[    1.125008] uhci_hcd 0000:02:00.0: new USB bus registered, assigned bus number 2
[    1.125580] uhci_hcd 0000:02:00.0: irq 18, io base 0x00001080
[    1.126037] usb usb2: New USB device found, idVendor=1d6b, idProduct=0001, bcdDevice= 5.14
[    1.126409] usb usb2: New USB device strings: Mfr=3, Product=2, SerialNumber=1
[    1.126837] usb usb2: Product: UHCI Host Controller
[    1.127205] usb usb2: Manufacturer: Linux 5.14.0-rc2-next-20210722-salec uhci_hcd
[    1.127577] usb usb2: SerialNumber: 0000:02:00.0
[    1.128123] hub 2-0:1.0: USB hub found
[    1.128497] hub 2-0:1.0: 2 ports detected
[    1.128990] usbcore: registered new interface driver usblp
[    1.129095] usbcore: registered new interface driver usb-storage
[    1.129916] i8042: PNP: PS/2 Controller [PNP0303:KBC,PNP0f13:MOUS] at 0x60,0x64 irq 1,12
[    1.131017] serio: i8042 KBD port at 0x60,0x64 irq 1
[    1.131393] serio: i8042 AUX port at 0x60,0x64 irq 12
[    1.134306] rtc_cmos 00:01: registered as rtc0
[    1.134772] rtc_cmos 00:01: alarms up to one month, y3k, 242 bytes nvram, hpet irqs
[    1.134856] input: AT Translated Set 2 keyboard as /devices/platform/i8042/serio0/input/input1
[    1.135323] device-mapper: ioctl: 4.45.0-ioctl (2021-03-22) initialised: dm-devel@redhat.com
[    1.135970] intel_pstate: CPU model not supported
[    1.136828] No iBFT detected.
[    1.137251] hid: raw HID events driver (C) Jiri Kosina
[    1.137744] usbcore: registered new interface driver usbhid
[    1.138191] usbhid: USB HID core driver
[    1.139048] snd_ens1371 0000:02:02.0: enabling device (0000 -> 0001)
[    1.347083] usb 2-1: new full-speed USB device number 2 using uhci_hcd
[    1.350337] input: ImPS/2 Generic Wheel Mouse as /devices/platform/i8042/serio1/input/input3
[    1.497200] usb 2-1: New USB device found, idVendor=0e0f, idProduct=0003, bcdDevice= 1.03
[    1.497602] usb 2-1: New USB device strings: Mfr=1, Product=2, SerialNumber=0
[    1.498000] usb 2-1: Product: VMware Virtual USB Mouse
[    1.498192] usb 2-1: Manufacturer: VMware
[    1.507733] input: VMware VMware Virtual USB Mouse as /devices/pci0000:00/0000:00:11.0/0000:02:00.0/usb2/2-1/2-1:1.0/0003:0E0F:0003.0001/input/input4
