[    0.000000] Linux version 5.14.0-thor_kernel-salec-00001-g8cae8cd89f05-dirty (root@salec) (gcc (GCC) 11.1.0, GNU ld (GNU Binutils) 2.36.1) #1 SMP Wed Jul 21 14:07:12 MSK 2021
[    0.000000] Command line: BOOT_IMAGE=/vmlinuz-5.14.0-thor_kernel-salec root=/dev/sda3 ro
[    0.000000] Disabled fast string operations
[    0.000000] x86/fpu: Supporting XSAVE feature 0x001: 'x87 floating point registers'
[    0.000000] x86/fpu: Supporting XSAVE feature 0x002: 'SSE registers'
[    0.000000] x86/fpu: Supporting XSAVE feature 0x004: 'AVX registers'
[    0.000000] x86/fpu: xstate_offset[2]:  576, xstate_sizes[2]:  256
[    0.000000] x86/fpu: Enabled xstate features 0x7, context size is 832 bytes, using 'compacted' format.
[    0.000000] signal: max sigframe size: 1776
[    0.000000] BIOS-provided physical RAM map:
[    0.000000] BIOS-e820: [mem 0x0000000000000000-0x0000000000000fff] ACPI NVS
[    0.000000] BIOS-e820: [mem 0x0000000000001000-0x000000000009ffff] usable
[    0.000000] BIOS-e820: [mem 0x00000000000c0000-0x00000000000fffff] reserved
[    0.000000] BIOS-e820: [mem 0x0000000000100000-0x000000000eeebfff] usable
[    0.000000] BIOS-e820: [mem 0x000000000eeec000-0x000000000eef4fff] type 20
[    0.000000] BIOS-e820: [mem 0x000000000eef5000-0x000000000ef07fff] usable
[    0.000000] BIOS-e820: [mem 0x000000000ef08000-0x000000000ef0cfff] type 20
[    0.000000] BIOS-e820: [mem 0x000000000ef0d000-0x000000000ef11fff] ACPI NVS
[    0.000000] BIOS-e820: [mem 0x000000000ef12000-0x000000000ef2bfff] usable
[    0.000000] BIOS-e820: [mem 0x000000000ef2c000-0x000000000ef30fff] type 20
[    0.000000] BIOS-e820: [mem 0x000000000ef31000-0x000000000fee6fff] usable
[    0.000000] BIOS-e820: [mem 0x000000000fee7000-0x000000000ff06fff] type 20
[    0.000000] BIOS-e820: [mem 0x000000000ff07000-0x000000000ff56fff] reserved
[    0.000000] BIOS-e820: [mem 0x000000000ff57000-0x000000000ff72fff] ACPI data
[    0.000000] BIOS-e820: [mem 0x000000000ff73000-0x000000000ff76fff] ACPI NVS
[    0.000000] BIOS-e820: [mem 0x000000000ff77000-0x000000007fffffff] usable
[    0.000000] BIOS-e820: [mem 0x00000000ffc00000-0x00000000ffc29fff] reserved
[    0.000000] NX (Execute Disable) protection: active
[    0.000000] efi: EFI v2.31 by VMware, Inc.
[    0.000000] efi: SMBIOS=0xef0d000 ACPI 2.0=0xff64000 MEMATTR=0xfd6f118 
[    0.000000] SMBIOS 2.7 present.
[    0.000000] DMI: VMware, Inc. VMware7,1/440BX Desktop Reference Platform, BIOS VMW71.00V.16722896.B64.2008100651 08/10/2020
[    0.000000] vmware: hypercall mode: 0x02
[    0.000000] Hypervisor detected: VMware
[    0.000000] vmware: TSC freq read from hypervisor : 2904.003 MHz
[    0.000000] vmware: Host bus clock speed read from hypervisor : 66000000 Hz
[    0.000000] tsc: Detected 2904.003 MHz processor
[    0.001315] e820: update [mem 0x00000000-0x00000fff] usable ==> reserved
[    0.001317] e820: remove [mem 0x000a0000-0x000fffff] usable
[    0.001320] last_pfn = 0x80000 max_arch_pfn = 0x400000000
[    0.001374] x86/PAT: Configuration [0-7]: WB  WC  UC- UC  WB  WP  UC- WT  
[    0.010861] Using GB pages for direct mapping
[    0.011019] Secure boot disabled
[    0.011021] ACPI: Early table checksum verification disabled
[    0.011023] ACPI: RSDP 0x000000000FF64000 000024 (v02 VMWARE)
[    0.011026] ACPI: XSDT 0x000000000FF64068 000064 (v01 INTEL  440BX    06040000 VMW  01324272)
[    0.011030] ACPI: SRAT 0x000000000FF640CC 0008A8 (v03 VMWARE EFISRAT  06040001 VMW  000007CE)
[    0.011033] ACPI: FACP 0x000000000FF72258 0000F4 (v04 INTEL  440BX    06040000 PTL  000F4240)
[    0.011037] ACPI: DSDT 0x000000000FF64974 00D8E4 (v01 PTLTD  Custom   00000000 INTL 20130823)
[    0.011040] ACPI: FACS 0x000000000FF76000 000040
[    0.011042] ACPI: FACS 0x000000000FF76000 000040
[    0.011044] ACPI: APIC 0x000000000FF723C0 000742 (v03 VMWARE EFIAPIC  06040001 VMW  000007CE)
[    0.011046] ACPI: MCFG 0x000000000FF72B02 00003C (v01 VMWARE EFIMCFG  06040001 VMW  000007CE)
[    0.011049] ACPI: HPET 0x000000000FF72B3E 000038 (v01 VMWARE VMW HPET 00000000 VMW  00000000)
[    0.011051] ACPI: WAET 0x000000000FF72B76 000028 (v01 VMWARE VMW WAET 06040001 VMW  00000001)
[    0.011054] ACPI: WSMT 0x000000000FF72B9E 000028 (v01 VMWARE VMW WSMT 06040001 VMW  00000001)
[    0.011056] ACPI: DMAR 0x000000000FF72BC6 000050 (v01 VMWARE VMW DMAR 06040001 VMW  00000001)
[    0.011058] ACPI: Reserving SRAT table memory at [mem 0xff640cc-0xff64973]
[    0.011059] ACPI: Reserving FACP table memory at [mem 0xff72258-0xff7234b]
[    0.011060] ACPI: Reserving DSDT table memory at [mem 0xff64974-0xff72257]
[    0.011061] ACPI: Reserving FACS table memory at [mem 0xff76000-0xff7603f]
[    0.011062] ACPI: Reserving FACS table memory at [mem 0xff76000-0xff7603f]
[    0.011062] ACPI: Reserving APIC table memory at [mem 0xff723c0-0xff72b01]
[    0.011063] ACPI: Reserving MCFG table memory at [mem 0xff72b02-0xff72b3d]
[    0.011064] ACPI: Reserving HPET table memory at [mem 0xff72b3e-0xff72b75]
[    0.011064] ACPI: Reserving WAET table memory at [mem 0xff72b76-0xff72b9d]
[    0.011065] ACPI: Reserving WSMT table memory at [mem 0xff72b9e-0xff72bc5]
[    0.011065] ACPI: Reserving DMAR table memory at [mem 0xff72bc6-0xff72c15]
[    0.011088] system APIC only can use physical flat
[    0.011088] Setting APIC routing to physical flat.
[    0.011106] SRAT: PXM 0 -> APIC 0x00 -> Node 0
[    0.011108] SRAT: PXM 0 -> APIC 0x01 -> Node 0
[    0.011108] SRAT: PXM 0 -> APIC 0x02 -> Node 0
[    0.011109] SRAT: PXM 0 -> APIC 0x03 -> Node 0
[    0.011110] SRAT: PXM 0 -> APIC 0x04 -> Node 0
[    0.011110] SRAT: PXM 0 -> APIC 0x05 -> Node 0
[    0.011111] SRAT: PXM 0 -> APIC 0x08 -> Node 0
[    0.011111] SRAT: PXM 0 -> APIC 0x09 -> Node 0
[    0.011112] SRAT: PXM 0 -> APIC 0x0a -> Node 0
[    0.011112] SRAT: PXM 0 -> APIC 0x0b -> Node 0
[    0.011113] SRAT: PXM 0 -> APIC 0x0c -> Node 0
[    0.011113] SRAT: PXM 0 -> APIC 0x0d -> Node 0
[    0.011114] SRAT: PXM 0 -> APIC 0x10 -> Node 0
[    0.011114] SRAT: PXM 0 -> APIC 0x11 -> Node 0
[    0.011115] SRAT: PXM 0 -> APIC 0x12 -> Node 0
[    0.011116] SRAT: PXM 0 -> APIC 0x13 -> Node 0
[    0.011116] SRAT: PXM 0 -> APIC 0x14 -> Node 0
[    0.011117] SRAT: PXM 0 -> APIC 0x15 -> Node 0
[    0.011117] SRAT: PXM 0 -> APIC 0x18 -> Node 0
[    0.011118] SRAT: PXM 0 -> APIC 0x19 -> Node 0
[    0.011118] SRAT: PXM 0 -> APIC 0x1a -> Node 0
[    0.011119] SRAT: PXM 0 -> APIC 0x1b -> Node 0
[    0.011119] SRAT: PXM 0 -> APIC 0x1c -> Node 0
[    0.011120] SRAT: PXM 0 -> APIC 0x1d -> Node 0
[    0.011120] SRAT: PXM 0 -> APIC 0x20 -> Node 0
[    0.011121] SRAT: PXM 0 -> APIC 0x21 -> Node 0
[    0.011121] SRAT: PXM 0 -> APIC 0x22 -> Node 0
[    0.011122] SRAT: PXM 0 -> APIC 0x23 -> Node 0
[    0.011122] SRAT: PXM 0 -> APIC 0x24 -> Node 0
[    0.011123] SRAT: PXM 0 -> APIC 0x25 -> Node 0
[    0.011123] SRAT: PXM 0 -> APIC 0x28 -> Node 0
[    0.011124] SRAT: PXM 0 -> APIC 0x29 -> Node 0
[    0.011124] SRAT: PXM 0 -> APIC 0x2a -> Node 0
[    0.011125] SRAT: PXM 0 -> APIC 0x2b -> Node 0
[    0.011126] SRAT: PXM 0 -> APIC 0x2c -> Node 0
[    0.011126] SRAT: PXM 0 -> APIC 0x2d -> Node 0
[    0.011127] SRAT: PXM 0 -> APIC 0x30 -> Node 0
[    0.011127] SRAT: PXM 0 -> APIC 0x31 -> Node 0
[    0.011128] SRAT: PXM 0 -> APIC 0x32 -> Node 0
[    0.011128] SRAT: PXM 0 -> APIC 0x33 -> Node 0
[    0.011129] SRAT: PXM 0 -> APIC 0x34 -> Node 0
[    0.011129] SRAT: PXM 0 -> APIC 0x35 -> Node 0
[    0.011130] SRAT: PXM 0 -> APIC 0x38 -> Node 0
[    0.011130] SRAT: PXM 0 -> APIC 0x39 -> Node 0
[    0.011131] SRAT: PXM 0 -> APIC 0x3a -> Node 0
[    0.011131] SRAT: PXM 0 -> APIC 0x3b -> Node 0
[    0.011132] SRAT: PXM 0 -> APIC 0x3c -> Node 0
[    0.011132] SRAT: PXM 0 -> APIC 0x3d -> Node 0
[    0.011133] SRAT: PXM 0 -> APIC 0x40 -> Node 0
[    0.011133] SRAT: PXM 0 -> APIC 0x41 -> Node 0
[    0.011134] SRAT: PXM 0 -> APIC 0x42 -> Node 0
[    0.011134] SRAT: PXM 0 -> APIC 0x43 -> Node 0
[    0.011135] SRAT: PXM 0 -> APIC 0x44 -> Node 0
[    0.011135] SRAT: PXM 0 -> APIC 0x45 -> Node 0
[    0.011136] SRAT: PXM 0 -> APIC 0x48 -> Node 0
[    0.011136] SRAT: PXM 0 -> APIC 0x49 -> Node 0
[    0.011137] SRAT: PXM 0 -> APIC 0x4a -> Node 0
[    0.011137] SRAT: PXM 0 -> APIC 0x4b -> Node 0
[    0.011138] SRAT: PXM 0 -> APIC 0x4c -> Node 0
[    0.011138] SRAT: PXM 0 -> APIC 0x4d -> Node 0
[    0.011139] SRAT: PXM 0 -> APIC 0x50 -> Node 0
[    0.011140] SRAT: PXM 0 -> APIC 0x51 -> Node 0
[    0.011140] SRAT: PXM 0 -> APIC 0x52 -> Node 0
[    0.011141] SRAT: PXM 0 -> APIC 0x53 -> Node 0
[    0.011141] SRAT: PXM 0 -> APIC 0x54 -> Node 0
[    0.011142] SRAT: PXM 0 -> APIC 0x55 -> Node 0
[    0.011142] SRAT: PXM 0 -> APIC 0x58 -> Node 0
[    0.011143] SRAT: PXM 0 -> APIC 0x59 -> Node 0
[    0.011143] SRAT: PXM 0 -> APIC 0x5a -> Node 0
[    0.011144] SRAT: PXM 0 -> APIC 0x5b -> Node 0
[    0.011144] SRAT: PXM 0 -> APIC 0x5c -> Node 0
[    0.011145] SRAT: PXM 0 -> APIC 0x5d -> Node 0
[    0.011145] SRAT: PXM 0 -> APIC 0x60 -> Node 0
[    0.011146] SRAT: PXM 0 -> APIC 0x61 -> Node 0
[    0.011146] SRAT: PXM 0 -> APIC 0x62 -> Node 0
[    0.011147] SRAT: PXM 0 -> APIC 0x63 -> Node 0
[    0.011147] SRAT: PXM 0 -> APIC 0x64 -> Node 0
[    0.011148] SRAT: PXM 0 -> APIC 0x65 -> Node 0
[    0.011148] SRAT: PXM 0 -> APIC 0x68 -> Node 0
[    0.011149] SRAT: PXM 0 -> APIC 0x69 -> Node 0
[    0.011149] SRAT: PXM 0 -> APIC 0x6a -> Node 0
[    0.011150] SRAT: PXM 0 -> APIC 0x6b -> Node 0
[    0.011150] SRAT: PXM 0 -> APIC 0x6c -> Node 0
[    0.011151] SRAT: PXM 0 -> APIC 0x6d -> Node 0
[    0.011151] SRAT: PXM 0 -> APIC 0x70 -> Node 0
[    0.011152] SRAT: PXM 0 -> APIC 0x71 -> Node 0
[    0.011153] SRAT: PXM 0 -> APIC 0x72 -> Node 0
[    0.011153] SRAT: PXM 0 -> APIC 0x73 -> Node 0
[    0.011154] SRAT: PXM 0 -> APIC 0x74 -> Node 0
[    0.011154] SRAT: PXM 0 -> APIC 0x75 -> Node 0
[    0.011155] SRAT: PXM 0 -> APIC 0x78 -> Node 0
[    0.011155] SRAT: PXM 0 -> APIC 0x79 -> Node 0
[    0.011156] SRAT: PXM 0 -> APIC 0x7a -> Node 0
[    0.011156] SRAT: PXM 0 -> APIC 0x7b -> Node 0
[    0.011157] SRAT: PXM 0 -> APIC 0x7c -> Node 0
[    0.011157] SRAT: PXM 0 -> APIC 0x7d -> Node 0
[    0.011158] SRAT: PXM 0 -> APIC 0x80 -> Node 0
[    0.011158] SRAT: PXM 0 -> APIC 0x81 -> Node 0
[    0.011159] SRAT: PXM 0 -> APIC 0x82 -> Node 0
[    0.011159] SRAT: PXM 0 -> APIC 0x83 -> Node 0
[    0.011160] SRAT: PXM 0 -> APIC 0x84 -> Node 0
[    0.011160] SRAT: PXM 0 -> APIC 0x85 -> Node 0
[    0.011161] SRAT: PXM 0 -> APIC 0x88 -> Node 0
[    0.011161] SRAT: PXM 0 -> APIC 0x89 -> Node 0
[    0.011162] SRAT: PXM 0 -> APIC 0x8a -> Node 0
[    0.011162] SRAT: PXM 0 -> APIC 0x8b -> Node 0
[    0.011163] SRAT: PXM 0 -> APIC 0x8c -> Node 0
[    0.011163] SRAT: PXM 0 -> APIC 0x8d -> Node 0
[    0.011164] SRAT: PXM 0 -> APIC 0x90 -> Node 0
[    0.011164] SRAT: PXM 0 -> APIC 0x91 -> Node 0
[    0.011165] SRAT: PXM 0 -> APIC 0x92 -> Node 0
[    0.011165] SRAT: PXM 0 -> APIC 0x93 -> Node 0
[    0.011166] SRAT: PXM 0 -> APIC 0x94 -> Node 0
[    0.011167] SRAT: PXM 0 -> APIC 0x95 -> Node 0
[    0.011167] SRAT: PXM 0 -> APIC 0x98 -> Node 0
[    0.011168] SRAT: PXM 0 -> APIC 0x99 -> Node 0
[    0.011168] SRAT: PXM 0 -> APIC 0x9a -> Node 0
[    0.011169] SRAT: PXM 0 -> APIC 0x9b -> Node 0
[    0.011169] SRAT: PXM 0 -> APIC 0x9c -> Node 0
[    0.011170] SRAT: PXM 0 -> APIC 0x9d -> Node 0
[    0.011170] SRAT: PXM 0 -> APIC 0xa0 -> Node 0
[    0.011171] SRAT: PXM 0 -> APIC 0xa1 -> Node 0
[    0.011171] SRAT: PXM 0 -> APIC 0xa2 -> Node 0
[    0.011172] SRAT: PXM 0 -> APIC 0xa3 -> Node 0
[    0.011172] SRAT: PXM 0 -> APIC 0xa4 -> Node 0
[    0.011173] SRAT: PXM 0 -> APIC 0xa5 -> Node 0
[    0.011173] SRAT: PXM 0 -> APIC 0xa8 -> Node 0
[    0.011174] SRAT: PXM 0 -> APIC 0xa9 -> Node 0
[    0.011176] ACPI: SRAT: Node 0 PXM 0 [mem 0x00000000-0x0009ffff]
[    0.011177] ACPI: SRAT: Node 0 PXM 0 [mem 0x00100000-0x7fffffff]
[    0.011179] NUMA: Node 0 [mem 0x00000000-0x0009ffff] + [mem 0x00100000-0x7fffffff] -> [mem 0x00000000-0x7fffffff]
[    0.011182] NODE_DATA(0) allocated [mem 0x7fffc000-0x7fffffff]
[    0.011190] Zone ranges:
[    0.011191]   DMA      [mem 0x0000000000001000-0x0000000000ffffff]
[    0.011193]   DMA32    [mem 0x0000000001000000-0x000000007fffffff]
[    0.011194]   Normal   empty
[    0.011195] Movable zone start for each node
[    0.011195] Early memory node ranges
[    0.011196]   node   0: [mem 0x0000000000001000-0x000000000009ffff]
[    0.011197]   node   0: [mem 0x0000000000100000-0x000000000eeebfff]
[    0.011198]   node   0: [mem 0x000000000eef5000-0x000000000ef07fff]
[    0.011199]   node   0: [mem 0x000000000ef12000-0x000000000ef2bfff]
[    0.011199]   node   0: [mem 0x000000000ef31000-0x000000000fee6fff]
[    0.011200]   node   0: [mem 0x000000000ff77000-0x000000007fffffff]
[    0.011201] Initmem setup node 0 [mem 0x0000000000001000-0x000000007fffffff]
[    0.011206] On node 0, zone DMA: 1 pages in unavailable ranges
[    0.011276] On node 0, zone DMA: 96 pages in unavailable ranges
[    0.012000] On node 0, zone DMA32: 9 pages in unavailable ranges
[    0.012002] On node 0, zone DMA32: 10 pages in unavailable ranges
[    0.012049] On node 0, zone DMA32: 5 pages in unavailable ranges
[    0.015739] On node 0, zone DMA32: 144 pages in unavailable ranges
[    0.018370] ACPI: PM-Timer IO Port: 0x448
[    0.018373] system APIC only can use physical flat
[    0.018380] ACPI: LAPIC_NMI (acpi_id[0x00] high edge lint[0x1])
[    0.018382] ACPI: LAPIC_NMI (acpi_id[0x01] high edge lint[0x1])
[    0.018382] ACPI: LAPIC_NMI (acpi_id[0x02] high edge lint[0x1])
[    0.018383] ACPI: LAPIC_NMI (acpi_id[0x03] high edge lint[0x1])
[    0.018384] ACPI: LAPIC_NMI (acpi_id[0x04] high edge lint[0x1])
[    0.018384] ACPI: LAPIC_NMI (acpi_id[0x05] high edge lint[0x1])
[    0.018385] ACPI: LAPIC_NMI (acpi_id[0x06] high edge lint[0x1])
[    0.018385] ACPI: LAPIC_NMI (acpi_id[0x07] high edge lint[0x1])
[    0.018386] ACPI: LAPIC_NMI (acpi_id[0x08] high edge lint[0x1])
[    0.018386] ACPI: LAPIC_NMI (acpi_id[0x09] high edge lint[0x1])
[    0.018387] ACPI: LAPIC_NMI (acpi_id[0x0a] high edge lint[0x1])
[    0.018387] ACPI: LAPIC_NMI (acpi_id[0x0b] high edge lint[0x1])
[    0.018388] ACPI: LAPIC_NMI (acpi_id[0x0c] high edge lint[0x1])
[    0.018389] ACPI: LAPIC_NMI (acpi_id[0x0d] high edge lint[0x1])
[    0.018389] ACPI: LAPIC_NMI (acpi_id[0x0e] high edge lint[0x1])
[    0.018390] ACPI: LAPIC_NMI (acpi_id[0x0f] high edge lint[0x1])
[    0.018390] ACPI: LAPIC_NMI (acpi_id[0x10] high edge lint[0x1])
[    0.018391] ACPI: LAPIC_NMI (acpi_id[0x11] high edge lint[0x1])
[    0.018391] ACPI: LAPIC_NMI (acpi_id[0x12] high edge lint[0x1])
[    0.018392] ACPI: LAPIC_NMI (acpi_id[0x13] high edge lint[0x1])
[    0.018393] ACPI: LAPIC_NMI (acpi_id[0x14] high edge lint[0x1])
[    0.018393] ACPI: LAPIC_NMI (acpi_id[0x15] high edge lint[0x1])
[    0.018394] ACPI: LAPIC_NMI (acpi_id[0x16] high edge lint[0x1])
[    0.018394] ACPI: LAPIC_NMI (acpi_id[0x17] high edge lint[0x1])
[    0.018395] ACPI: LAPIC_NMI (acpi_id[0x18] high edge lint[0x1])
[    0.018395] ACPI: LAPIC_NMI (acpi_id[0x19] high edge lint[0x1])
[    0.018396] ACPI: LAPIC_NMI (acpi_id[0x1a] high edge lint[0x1])
[    0.018397] ACPI: LAPIC_NMI (acpi_id[0x1b] high edge lint[0x1])
[    0.018397] ACPI: LAPIC_NMI (acpi_id[0x1c] high edge lint[0x1])
[    0.018398] ACPI: LAPIC_NMI (acpi_id[0x1d] high edge lint[0x1])
[    0.018398] ACPI: LAPIC_NMI (acpi_id[0x1e] high edge lint[0x1])
[    0.018399] ACPI: LAPIC_NMI (acpi_id[0x1f] high edge lint[0x1])
[    0.018399] ACPI: LAPIC_NMI (acpi_id[0x20] high edge lint[0x1])
[    0.018400] ACPI: LAPIC_NMI (acpi_id[0x21] high edge lint[0x1])
[    0.018401] ACPI: LAPIC_NMI (acpi_id[0x22] high edge lint[0x1])
[    0.018401] ACPI: LAPIC_NMI (acpi_id[0x23] high edge lint[0x1])
[    0.018402] ACPI: LAPIC_NMI (acpi_id[0x24] high edge lint[0x1])
[    0.018402] ACPI: LAPIC_NMI (acpi_id[0x25] high edge lint[0x1])
[    0.018403] ACPI: LAPIC_NMI (acpi_id[0x26] high edge lint[0x1])
[    0.018403] ACPI: LAPIC_NMI (acpi_id[0x27] high edge lint[0x1])
[    0.018404] ACPI: LAPIC_NMI (acpi_id[0x28] high edge lint[0x1])
[    0.018404] ACPI: LAPIC_NMI (acpi_id[0x29] high edge lint[0x1])
[    0.018405] ACPI: LAPIC_NMI (acpi_id[0x2a] high edge lint[0x1])
[    0.018406] ACPI: LAPIC_NMI (acpi_id[0x2b] high edge lint[0x1])
[    0.018406] ACPI: LAPIC_NMI (acpi_id[0x2c] high edge lint[0x1])
[    0.018407] ACPI: LAPIC_NMI (acpi_id[0x2d] high edge lint[0x1])
[    0.018407] ACPI: LAPIC_NMI (acpi_id[0x2e] high edge lint[0x1])
[    0.018408] ACPI: LAPIC_NMI (acpi_id[0x2f] high edge lint[0x1])
[    0.018408] ACPI: LAPIC_NMI (acpi_id[0x30] high edge lint[0x1])
[    0.018409] ACPI: LAPIC_NMI (acpi_id[0x31] high edge lint[0x1])
[    0.018410] ACPI: LAPIC_NMI (acpi_id[0x32] high edge lint[0x1])
[    0.018410] ACPI: LAPIC_NMI (acpi_id[0x33] high edge lint[0x1])
[    0.018411] ACPI: LAPIC_NMI (acpi_id[0x34] high edge lint[0x1])
[    0.018411] ACPI: LAPIC_NMI (acpi_id[0x35] high edge lint[0x1])
[    0.018412] ACPI: LAPIC_NMI (acpi_id[0x36] high edge lint[0x1])
[    0.018412] ACPI: LAPIC_NMI (acpi_id[0x37] high edge lint[0x1])
[    0.018413] ACPI: LAPIC_NMI (acpi_id[0x38] high edge lint[0x1])
[    0.018413] ACPI: LAPIC_NMI (acpi_id[0x39] high edge lint[0x1])
[    0.018414] ACPI: LAPIC_NMI (acpi_id[0x3a] high edge lint[0x1])
[    0.018415] ACPI: LAPIC_NMI (acpi_id[0x3b] high edge lint[0x1])
[    0.018415] ACPI: LAPIC_NMI (acpi_id[0x3c] high edge lint[0x1])
[    0.018416] ACPI: LAPIC_NMI (acpi_id[0x3d] high edge lint[0x1])
[    0.018416] ACPI: LAPIC_NMI (acpi_id[0x3e] high edge lint[0x1])
[    0.018417] ACPI: LAPIC_NMI (acpi_id[0x3f] high edge lint[0x1])
[    0.018417] ACPI: LAPIC_NMI (acpi_id[0x40] high edge lint[0x1])
[    0.018418] ACPI: LAPIC_NMI (acpi_id[0x41] high edge lint[0x1])
[    0.018418] ACPI: LAPIC_NMI (acpi_id[0x42] high edge lint[0x1])
[    0.018419] ACPI: LAPIC_NMI (acpi_id[0x43] high edge lint[0x1])
[    0.018420] ACPI: LAPIC_NMI (acpi_id[0x44] high edge lint[0x1])
[    0.018420] ACPI: LAPIC_NMI (acpi_id[0x45] high edge lint[0x1])
[    0.018421] ACPI: LAPIC_NMI (acpi_id[0x46] high edge lint[0x1])
[    0.018421] ACPI: LAPIC_NMI (acpi_id[0x47] high edge lint[0x1])
[    0.018422] ACPI: LAPIC_NMI (acpi_id[0x48] high edge lint[0x1])
[    0.018422] ACPI: LAPIC_NMI (acpi_id[0x49] high edge lint[0x1])
[    0.018423] ACPI: LAPIC_NMI (acpi_id[0x4a] high edge lint[0x1])
[    0.018424] ACPI: LAPIC_NMI (acpi_id[0x4b] high edge lint[0x1])
[    0.018424] ACPI: LAPIC_NMI (acpi_id[0x4c] high edge lint[0x1])
[    0.018425] ACPI: LAPIC_NMI (acpi_id[0x4d] high edge lint[0x1])
[    0.018425] ACPI: LAPIC_NMI (acpi_id[0x4e] high edge lint[0x1])
[    0.018426] ACPI: LAPIC_NMI (acpi_id[0x4f] high edge lint[0x1])
[    0.018426] ACPI: LAPIC_NMI (acpi_id[0x50] high edge lint[0x1])
[    0.018427] ACPI: LAPIC_NMI (acpi_id[0x51] high edge lint[0x1])
[    0.018427] ACPI: LAPIC_NMI (acpi_id[0x52] high edge lint[0x1])
[    0.018428] ACPI: LAPIC_NMI (acpi_id[0x53] high edge lint[0x1])
[    0.018429] ACPI: LAPIC_NMI (acpi_id[0x54] high edge lint[0x1])
[    0.018429] ACPI: LAPIC_NMI (acpi_id[0x55] high edge lint[0x1])
[    0.018430] ACPI: LAPIC_NMI (acpi_id[0x56] high edge lint[0x1])
[    0.018430] ACPI: LAPIC_NMI (acpi_id[0x57] high edge lint[0x1])
[    0.018431] ACPI: LAPIC_NMI (acpi_id[0x58] high edge lint[0x1])
[    0.018431] ACPI: LAPIC_NMI (acpi_id[0x59] high edge lint[0x1])
[    0.018432] ACPI: LAPIC_NMI (acpi_id[0x5a] high edge lint[0x1])
[    0.018433] ACPI: LAPIC_NMI (acpi_id[0x5b] high edge lint[0x1])
[    0.018433] ACPI: LAPIC_NMI (acpi_id[0x5c] high edge lint[0x1])
[    0.018434] ACPI: LAPIC_NMI (acpi_id[0x5d] high edge lint[0x1])
[    0.018434] ACPI: LAPIC_NMI (acpi_id[0x5e] high edge lint[0x1])
[    0.018435] ACPI: LAPIC_NMI (acpi_id[0x5f] high edge lint[0x1])
[    0.018435] ACPI: LAPIC_NMI (acpi_id[0x60] high edge lint[0x1])
[    0.018436] ACPI: LAPIC_NMI (acpi_id[0x61] high edge lint[0x1])
[    0.018436] ACPI: LAPIC_NMI (acpi_id[0x62] high edge lint[0x1])
[    0.018437] ACPI: LAPIC_NMI (acpi_id[0x63] high edge lint[0x1])
[    0.018438] ACPI: LAPIC_NMI (acpi_id[0x64] high edge lint[0x1])
[    0.018438] ACPI: LAPIC_NMI (acpi_id[0x65] high edge lint[0x1])
[    0.018439] ACPI: LAPIC_NMI (acpi_id[0x66] high edge lint[0x1])
[    0.018439] ACPI: LAPIC_NMI (acpi_id[0x67] high edge lint[0x1])
[    0.018440] ACPI: LAPIC_NMI (acpi_id[0x68] high edge lint[0x1])
[    0.018440] ACPI: LAPIC_NMI (acpi_id[0x69] high edge lint[0x1])
[    0.018441] ACPI: LAPIC_NMI (acpi_id[0x6a] high edge lint[0x1])
[    0.018442] ACPI: LAPIC_NMI (acpi_id[0x6b] high edge lint[0x1])
[    0.018442] ACPI: LAPIC_NMI (acpi_id[0x6c] high edge lint[0x1])
[    0.018443] ACPI: LAPIC_NMI (acpi_id[0x6d] high edge lint[0x1])
[    0.018443] ACPI: LAPIC_NMI (acpi_id[0x6e] high edge lint[0x1])
[    0.018444] ACPI: LAPIC_NMI (acpi_id[0x6f] high edge lint[0x1])
[    0.018444] ACPI: LAPIC_NMI (acpi_id[0x70] high edge lint[0x1])
[    0.018445] ACPI: LAPIC_NMI (acpi_id[0x71] high edge lint[0x1])
[    0.018445] ACPI: LAPIC_NMI (acpi_id[0x72] high edge lint[0x1])
[    0.018446] ACPI: LAPIC_NMI (acpi_id[0x73] high edge lint[0x1])
[    0.018447] ACPI: LAPIC_NMI (acpi_id[0x74] high edge lint[0x1])
[    0.018447] ACPI: LAPIC_NMI (acpi_id[0x75] high edge lint[0x1])
[    0.018448] ACPI: LAPIC_NMI (acpi_id[0x76] high edge lint[0x1])
[    0.018448] ACPI: LAPIC_NMI (acpi_id[0x77] high edge lint[0x1])
[    0.018449] ACPI: LAPIC_NMI (acpi_id[0x78] high edge lint[0x1])
[    0.018449] ACPI: LAPIC_NMI (acpi_id[0x79] high edge lint[0x1])
[    0.018450] ACPI: LAPIC_NMI (acpi_id[0x7a] high edge lint[0x1])
[    0.018451] ACPI: LAPIC_NMI (acpi_id[0x7b] high edge lint[0x1])
[    0.018451] ACPI: LAPIC_NMI (acpi_id[0x7c] high edge lint[0x1])
[    0.018452] ACPI: LAPIC_NMI (acpi_id[0x7d] high edge lint[0x1])
[    0.018452] ACPI: LAPIC_NMI (acpi_id[0x7e] high edge lint[0x1])
[    0.018453] ACPI: LAPIC_NMI (acpi_id[0x7f] high edge lint[0x1])
[    0.018475] IOAPIC[0]: apic_id 128, version 32, address 0xfec00000, GSI 0-23
[    0.018479] ACPI: INT_SRC_OVR (bus 0 bus_irq 0 global_irq 2 high edge)
[    0.018483] ACPI: Using ACPI (MADT) for SMP configuration information
[    0.018484] ACPI: HPET id: 0x8086af01 base: 0xfed00000
[    0.018487] TSC deadline timer available
[    0.018492] smpboot: 128 Processors exceeds NR_CPUS limit of 64
[    0.018493] smpboot: Allowing 64 CPUs, 58 hotplug CPUs
[    0.018502] [mem 0x80000000-0xffbfffff] available for PCI devices
[    0.018505] clocksource: refined-jiffies: mask: 0xffffffff max_cycles: 0xffffffff, max_idle_ns: 1910969940391419 ns
[    0.023116] setup_percpu: NR_CPUS:64 nr_cpumask_bits:64 nr_cpu_ids:64 nr_node_ids:1
[    0.027486] percpu: Embedded 52 pages/cpu s173784 r8192 d31016 u262144
[    0.027494] pcpu-alloc: s173784 r8192 d31016 u262144 alloc=1*2097152
[    0.027496] pcpu-alloc: [0] 00 01 02 03 04 05 06 07 [0] 08 09 10 11 12 13 14 15 
[    0.027502] pcpu-alloc: [0] 16 17 18 19 20 21 22 23 [0] 24 25 26 27 28 29 30 31 
[    0.027506] pcpu-alloc: [0] 32 33 34 35 36 37 38 39 [0] 40 41 42 43 44 45 46 47 
[    0.027511] pcpu-alloc: [0] 48 49 50 51 52 53 54 55 [0] 56 57 58 59 60 61 62 63 
[    0.027533] Built 1 zonelists, mobility grouping on.  Total pages: 515672
[    0.027534] Policy zone: DMA32
[    0.027536] Kernel command line: BOOT_IMAGE=/vmlinuz-5.14.0-thor_kernel-salec root=/dev/sda3 ro
[    0.027555] Unknown command line parameters: BOOT_IMAGE=/vmlinuz-5.14.0-thor_kernel-salec
[    0.027576] printk: log_buf_len individual max cpu contribution: 4096 bytes
[    0.027577] printk: log_buf_len total cpu_extra contributions: 258048 bytes
[    0.027578] printk: log_buf_len min size: 262144 bytes
[    0.028066] printk: log_buf_len: 524288 bytes
[    0.028067] printk: early log buf free: 239736(91%)
[    0.028472] Dentry cache hash table entries: 262144 (order: 9, 2097152 bytes, linear)
[    0.028525] Inode-cache hash table entries: 131072 (order: 8, 1048576 bytes, linear)
[    0.029224] mem auto-init: stack:off, heap alloc:off, heap free:off
[    0.032270] Memory: 1980624K/2096092K available (18456K kernel code, 3042K rwdata, 4396K rodata, 1440K init, 1964K bss, 115208K reserved, 0K cma-reserved)
[    0.032357] SLUB: HWalign=64, Order=0-3, MinObjects=0, CPUs=64, Nodes=1
[    0.032368] Kernel/User page tables isolation: enabled
[    0.032566] rcu: Hierarchical RCU implementation.
[    0.032567] rcu: 	RCU event tracing is enabled.
[    0.032568] rcu: RCU calculated value of scheduler-enlistment delay is 100 jiffies.
[    0.033754] NR_IRQS: 4352, nr_irqs: 936, preallocated irqs: 16
[    0.034128] random: get_random_bytes called from start_kernel+0x4b1/0x679 with crng_init=0
[    0.034174] Console: colour dummy device 80x25
[    0.034426] printk: console [tty0] enabled
[    0.034449] ACPI: Core revision 20210604
[    0.034902] clocksource: hpet: mask: 0xffffffff max_cycles: 0xffffffff, max_idle_ns: 133484882848 ns
[    0.034997] APIC: Switch to symmetric I/O mode setup
[    0.035264] ..TIMER: vector=0x30 apic1=0 pin1=2 apic2=-1 pin2=-1
[    0.035279] clocksource: tsc-early: mask: 0xffffffffffffffff max_cycles: 0x29dc08e3e81, max_idle_ns: 440795344234 ns
[    0.035285] Calibrating delay loop (skipped) preset value.. 5808.00 BogoMIPS (lpj=2904003)
[    0.035288] pid_max: default: 65536 minimum: 512
[    0.035952] LSM: Security Framework initializing
[    0.035977] Mount-cache hash table entries: 4096 (order: 3, 32768 bytes, linear)
[    0.035986] Mountpoint-cache hash table entries: 4096 (order: 3, 32768 bytes, linear)
[    0.037337] Disabled fast string operations
[    0.040306] Last level iTLB entries: 4KB 128, 2MB 8, 4MB 8
[    0.040310] Last level dTLB entries: 4KB 64, 2MB 0, 4MB 0, 1GB 4
[    0.040316] Spectre V1 : Mitigation: usercopy/swapgs barriers and __user pointer sanitization
[    0.040319] Spectre V2 : Mitigation: Full generic retpoline
[    0.040320] Spectre V2 : Spectre v2 / SpectreRSB mitigation: Filling RSB on context switch
[    0.040322] Spectre V2 : Enabling Restricted Speculation for firmware calls
[    0.040324] Spectre V2 : mitigation: Enabling conditional Indirect Branch Prediction Barrier
[    0.040326] Speculative Store Bypass: Mitigation: Speculative Store Bypass disabled via prctl and seccomp
[    0.040347] SRBDS: Unknown: Dependent on hypervisor status
[    0.040348] MDS: Mitigation: Clear CPU buffers
[    0.041294] Freeing SMP alternatives memory: 48K
[    0.042908] smpboot: CPU0: Intel(R) Core(TM) i5-9400F CPU @ 2.90GHz (family: 0x6, model: 0x9e, stepping: 0xa)
[    0.043011] Performance Events: Skylake events, Intel PMU driver.
[    0.043062] ... version:                4
[    0.043064] ... bit width:              48
[    0.043065] ... generic registers:      8
[    0.043067] ... value mask:             0000ffffffffffff
[    0.043068] ... max period:             000000007fffffff
[    0.043070] ... fixed-purpose events:   3
[    0.043071] ... event mask:             00000007000000ff
[    0.043173] rcu: Hierarchical SRCU implementation.
[    0.043379] smp: Bringing up secondary CPUs ...
[    0.043471] x86: Booting SMP configuration:
[    0.043473] .... node  #0, CPUs:        #1
[    0.002283] Disabled fast string operations
[    0.043909]   #2
[    0.002283] Disabled fast string operations
[    0.044657]   #3
[    0.002283] Disabled fast string operations
[    0.045431]   #4
[    0.002283] Disabled fast string operations
[    0.046411]   #5
[    0.002283] Disabled fast string operations
[    0.047322] smp: Brought up 1 node, 6 CPUs
[    0.047341] smpboot: Max logical packages: 22
[    0.047343] smpboot: Total of 6 processors activated (34848.03 BogoMIPS)
[    0.047872] devtmpfs: initialized
[    0.048389] clocksource: jiffies: mask: 0xffffffff max_cycles: 0xffffffff, max_idle_ns: 1911260446275000 ns
[    0.048389] futex hash table entries: 16384 (order: 8, 1048576 bytes, linear)
[    0.048881] NET: Registered PF_NETLINK/PF_ROUTE protocol family
[    0.048970] thermal_sys: Registered thermal governor 'step_wise'
[    0.048971] thermal_sys: Registered thermal governor 'user_space'
[    0.052285] cpuidle: using governor menu
[    0.052325] ACPI: bus type PCI registered
[    0.052345] PCI: MMCONFIG for domain 0000 [bus 00-7f] at [mem 0xe0000000-0xe7ffffff] (base 0xe0000000)
[    0.052351] PCI: not using MMCONFIG
[    0.052355] PCI: Using configuration type 1 for base access
[    0.053321] Kprobes globally optimized
[    0.053329] HugeTLB registered 2.00 MiB page size, pre-allocated 0 pages
[    0.073310] raid6: avx2x4   gen() 75748 MB/s
[    0.091283] raid6: avx2x4   xor() 39955 MB/s
[    0.108283] raid6: avx2x2   gen() 66818 MB/s
[    0.125283] raid6: avx2x2   xor() 42367 MB/s
[    0.141297] raid6: avx2x1   gen() 60476 MB/s
[    0.159287] raid6: avx2x1   xor() 34220 MB/s
[    0.175292] raid6: sse2x4   gen() 27741 MB/s
[    0.192321] raid6: sse2x4   xor() 17315 MB/s
[    0.209298] raid6: sse2x2   gen() 27115 MB/s
[    0.227283] raid6: sse2x2   xor() 20064 MB/s
[    0.243351] raid6: sse2x1   gen() 28604 MB/s
[    0.261283] raid6: sse2x1   xor() 14204 MB/s
[    0.261283] raid6: using algorithm avx2x4 gen() 75748 MB/s
[    0.261283] raid6: .... xor() 39955 MB/s, rmw enabled
[    0.261283] raid6: using avx2x2 recovery algorithm
[    0.261283] ACPI: PRMT not present
[    0.261283] PRM: found 4294967277 modules
[    0.261283] ACPI: Added _OSI(Module Device)
[    0.261283] ACPI: Added _OSI(Processor Device)
[    0.261283] ACPI: Added _OSI(3.0 _SCP Extensions)
[    0.261283] ACPI: Added _OSI(Processor Aggregator Device)
[    0.261283] ACPI: Added _OSI(Linux-Dell-Video)
[    0.261283] ACPI: Added _OSI(Linux-Lenovo-NV-HDMI-Audio)
[    0.261283] ACPI: Added _OSI(Linux-HPI-Hybrid-Graphics)
[    0.262553] ACPI: 1 ACPI AML tables successfully acquired and loaded
[    0.263212] ACPI: [Firmware Bug]: BIOS _OSI(Linux) query ignored
[    0.263218] ACPI: BIOS _OSI(Darwin) query ignored
[    0.270283] ACPI: Interpreter enabled
[    0.270283] ACPI: PM: (supports S0 S5)
[    0.270283] ACPI: Using IOAPIC for interrupt routing
[    0.270283] PCI: MMCONFIG for domain 0000 [bus 00-7f] at [mem 0xe0000000-0xe7ffffff] (base 0xe0000000)
[    0.270695] PCI: MMCONFIG at [mem 0xe0000000-0xe7ffffff] reserved in ACPI motherboard resources
[    0.270703] pmd_set_huge: Cannot satisfy [mem 0xe0000000-0xe0200000] with a huge-page mapping due to MTRR override.
[    0.270818] PCI: Using host bridge windows from ACPI; if necessary, use "pci=nocrs" and report a bug
[    0.271125] ACPI: Enabled 4 GPEs in block 00 to 0F
[    0.282517] ACPI: PCI Root Bridge [PCI0] (domain 0000 [bus 00-7f])
[    0.282525] acpi PNP0A03:00: _OSC: OS supports [ExtendedConfig ASPM ClockPM Segments MSI HPX-Type3]
[    0.282634] acpi PNP0A03:00: _OSC: platform does not support [LTR]
[    0.282739] acpi PNP0A03:00: _OSC: OS now controls [PME PCIeCapability]
[    0.282930] PCI host bridge to bus 0000:00
[    0.282933] pci_bus 0000:00: root bus resource [io  0x0d00-0xffff window]
[    0.282935] pci_bus 0000:00: root bus resource [io  0x0000-0x0cf7 window]
[    0.282937] pci_bus 0000:00: root bus resource [mem 0xfef00000-0xffdfffff window]
[    0.282939] pci_bus 0000:00: root bus resource [mem 0xfed45000-0xfedfffff window]
[    0.282940] pci_bus 0000:00: root bus resource [mem 0xfec10000-0xfed3ffff window]
[    0.282942] pci_bus 0000:00: root bus resource [mem 0xfa500000-0xfebfffff window]
[    0.282944] pci_bus 0000:00: root bus resource [mem 0xf0000000-0xfa4fffff pref window]
[    0.282946] pci_bus 0000:00: root bus resource [mem 0xc0000000-0xefffffff window]
[    0.282947] pci_bus 0000:00: root bus resource [mem 0x000a0000-0x000bffff window]
[    0.282949] pci_bus 0000:00: root bus resource [mem 0x000c4000-0x000c7fff window]
[    0.282951] pci_bus 0000:00: root bus resource [mem 0x000c8000-0x000cbfff window]
[    0.282972] pci_bus 0000:00: root bus resource [mem 0x000d4000-0x000d7fff window]
[    0.282974] pci_bus 0000:00: root bus resource [mem 0x000d8000-0x000dbfff window]
[    0.282976] pci_bus 0000:00: root bus resource [mem 0x000e4000-0x000e7fff window]
[    0.282978] pci_bus 0000:00: root bus resource [mem 0x000e8000-0x000ebfff window]
[    0.282980] pci_bus 0000:00: root bus resource [mem 0x000ec000-0x000effff window]
[    0.282982] pci_bus 0000:00: root bus resource [bus 00-7f]
[    0.283080] pci 0000:00:00.0: [8086:7190] type 00 class 0x060000
[    0.283080] pci 0000:00:01.0: [8086:7191] type 01 class 0x060400
[    0.283107] pci 0000:00:07.0: [8086:7110] type 00 class 0x060100
[    0.283283] pci 0000:00:07.1: [8086:7111] type 00 class 0x01018a
[    0.284283] pci 0000:00:07.1: reg 0x20: [io  0x2150-0x215f]
[    0.284283] pci 0000:00:07.1: legacy IDE quirk: reg 0x10: [io  0x01f0-0x01f7]
[    0.284283] pci 0000:00:07.1: legacy IDE quirk: reg 0x14: [io  0x03f6]
[    0.284283] pci 0000:00:07.1: legacy IDE quirk: reg 0x18: [io  0x0170-0x0177]
[    0.284283] pci 0000:00:07.1: legacy IDE quirk: reg 0x1c: [io  0x0376]
[    0.285314] pci 0000:00:07.3: [8086:7113] type 00 class 0x068000
[    0.285695] pci 0000:00:07.3: quirk: [io  0x0440-0x047f] claimed by PIIX4 ACPI
[    0.285995] pci 0000:00:07.7: [15ad:0740] type 00 class 0x088000
[    0.286095] pci 0000:00:07.7: reg 0x10: [io  0x2100-0x213f]
[    0.286175] pci 0000:00:07.7: reg 0x14: [mem 0xffbe0000-0xffbe1fff 64bit]
[    0.286848] pci 0000:00:0f.0: [15ad:0405] type 00 class 0x030000
[    0.288241] pci 0000:00:0f.0: reg 0x10: [io  0x2140-0x214f]
[    0.290037] pci 0000:00:0f.0: reg 0x14: [mem 0xf0000000-0xf7ffffff pref]
[    0.291034] pci 0000:00:0f.0: reg 0x18: [mem 0xfb800000-0xfbffffff]
[    0.295044] pci 0000:00:0f.0: reg 0x30: [mem 0xffff8000-0xffffffff pref]
[    0.295081] pci 0000:00:0f.0: BAR 1: assigned to efifb
[    0.295081] pci 0000:00:10.0: [1000:0030] type 00 class 0x010000
[    0.295205] pci 0000:00:10.0: reg 0x10: [io  0x2000-0x20ff]
[    0.295283] pci 0000:00:10.0: reg 0x14: [mem 0xffbc0000-0xffbdffff 64bit]
[    0.296636] pci 0000:00:10.0: reg 0x1c: [mem 0xffba0000-0xffbbffff 64bit]
[    0.297942] pci 0000:00:10.0: reg 0x30: [mem 0xffffc000-0xffffffff pref]
[    0.298323] pci 0000:00:11.0: [15ad:0790] type 01 class 0x060401
[    0.299067] pci 0000:00:15.0: [15ad:07a0] type 01 class 0x060400
[    0.299792] pci 0000:00:15.0: PME# supported from D0 D3hot D3cold
[    0.300144] pci 0000:00:15.1: [15ad:07a0] type 01 class 0x060400
[    0.300144] pci 0000:00:15.1: PME# supported from D0 D3hot D3cold
[    0.300218] pci 0000:00:15.2: [15ad:07a0] type 01 class 0x060400
[    0.300283] pci 0000:00:15.2: PME# supported from D0 D3hot D3cold
[    0.300303] pci 0000:00:15.3: [15ad:07a0] type 01 class 0x060400
[    0.301035] pci 0000:00:15.3: PME# supported from D0 D3hot D3cold
[    0.301283] pci 0000:00:15.4: [15ad:07a0] type 01 class 0x060400
[    0.301283] pci 0000:00:15.4: PME# supported from D0 D3hot D3cold
[    0.301467] pci 0000:00:15.5: [15ad:07a0] type 01 class 0x060400
[    0.302194] pci 0000:00:15.5: PME# supported from D0 D3hot D3cold
[    0.302283] pci 0000:00:15.6: [15ad:07a0] type 01 class 0x060400
[    0.302283] pci 0000:00:15.6: PME# supported from D0 D3hot D3cold
[    0.303626] pci 0000:00:15.7: [15ad:07a0] type 01 class 0x060400
[    0.303626] pci 0000:00:15.7: PME# supported from D0 D3hot D3cold
[    0.303693] pci 0000:00:16.0: [15ad:07a0] type 01 class 0x060400
[    0.304283] pci 0000:00:16.0: PME# supported from D0 D3hot D3cold
[    0.304283] pci 0000:00:16.1: [15ad:07a0] type 01 class 0x060400
[    0.305494] pci 0000:00:16.1: PME# supported from D0 D3hot D3cold
[    0.305840] pci 0000:00:16.2: [15ad:07a0] type 01 class 0x060400
[    0.305840] pci 0000:00:16.2: PME# supported from D0 D3hot D3cold
[    0.305918] pci 0000:00:16.3: [15ad:07a0] type 01 class 0x060400
[    0.306283] pci 0000:00:16.3: PME# supported from D0 D3hot D3cold
[    0.306283] pci 0000:00:16.4: [15ad:07a0] type 01 class 0x060400
[    0.306723] pci 0000:00:16.4: PME# supported from D0 D3hot D3cold
[    0.307071] pci 0000:00:16.5: [15ad:07a0] type 01 class 0x060400
[    0.307283] pci 0000:00:16.5: PME# supported from D0 D3hot D3cold
[    0.307283] pci 0000:00:16.6: [15ad:07a0] type 01 class 0x060400
[    0.308886] pci 0000:00:16.6: PME# supported from D0 D3hot D3cold
[    0.309253] pci 0000:00:16.7: [15ad:07a0] type 01 class 0x060400
[    0.309253] pci 0000:00:16.7: PME# supported from D0 D3hot D3cold
[    0.309283] pci 0000:00:17.0: [15ad:07a0] type 01 class 0x060400
[    0.309283] pci 0000:00:17.0: PME# supported from D0 D3hot D3cold
[    0.310400] pci 0000:00:17.1: [15ad:07a0] type 01 class 0x060400
[    0.311131] pci 0000:00:17.1: PME# supported from D0 D3hot D3cold
[    0.311131] pci 0000:00:17.2: [15ad:07a0] type 01 class 0x060400
[    0.311231] pci 0000:00:17.2: PME# supported from D0 D3hot D3cold
[    0.311283] pci 0000:00:17.3: [15ad:07a0] type 01 class 0x060400
[    0.311311] pci 0000:00:17.3: PME# supported from D0 D3hot D3cold
[    0.311659] pci 0000:00:17.4: [15ad:07a0] type 01 class 0x060400
[    0.312283] pci 0000:00:17.4: PME# supported from D0 D3hot D3cold
[    0.312283] pci 0000:00:17.5: [15ad:07a0] type 01 class 0x060400
[    0.312530] pci 0000:00:17.5: PME# supported from D0 D3hot D3cold
[    0.312891] pci 0000:00:17.6: [15ad:07a0] type 01 class 0x060400
[    0.313283] pci 0000:00:17.6: PME# supported from D0 D3hot D3cold
[    0.313283] pci 0000:00:17.7: [15ad:07a0] type 01 class 0x060400
[    0.313725] pci 0000:00:17.7: PME# supported from D0 D3hot D3cold
[    0.314082] pci 0000:00:18.0: [15ad:07a0] type 01 class 0x060400
[    0.314283] pci 0000:00:18.0: PME# supported from D0 D3hot D3cold
[    0.314283] pci 0000:00:18.1: [15ad:07a0] type 01 class 0x060400
[    0.314886] pci 0000:00:18.1: PME# supported from D0 D3hot D3cold
[    0.315241] pci 0000:00:18.2: [15ad:07a0] type 01 class 0x060400
[    0.315283] pci 0000:00:18.2: PME# supported from D0 D3hot D3cold
[    0.315330] pci 0000:00:18.3: [15ad:07a0] type 01 class 0x060400
[    0.316089] pci 0000:00:18.3: PME# supported from D0 D3hot D3cold
[    0.316283] pci 0000:00:18.4: [15ad:07a0] type 01 class 0x060400
[    0.316283] pci 0000:00:18.4: PME# supported from D0 D3hot D3cold
[    0.317562] pci 0000:00:18.5: [15ad:07a0] type 01 class 0x060400
[    0.317562] pci 0000:00:18.5: PME# supported from D0 D3hot D3cold
[    0.317642] pci 0000:00:18.6: [15ad:07a0] type 01 class 0x060400
[    0.318283] pci 0000:00:18.6: PME# supported from D0 D3hot D3cold
[    0.318283] pci 0000:00:18.7: [15ad:07a0] type 01 class 0x060400
[    0.318485] pci 0000:00:18.7: PME# supported from D0 D3hot D3cold
[    0.318839] pci_bus 0000:01: extended config space not accessible
[    0.318875] pci 0000:00:01.0: PCI bridge to [bus 01]
[    0.319090] pci_bus 0000:02: extended config space not accessible
[    0.319154] pci 0000:02:00.0: [15ad:0774] type 00 class 0x0c0300
[    0.319837] pci 0000:02:00.0: reg 0x20: [io  0x1080-0x109f]
[    0.320283] pci 0000:02:01.0: [8086:100f] type 00 class 0x020000
[    0.320283] pci 0000:02:01.0: reg 0x10: [mem 0xfc000000-0xfc01ffff 64bit]
[    0.320283] pci 0000:02:01.0: reg 0x18: [mem 0xfc020000-0xfc02ffff 64bit]
[    0.320283] pci 0000:02:01.0: reg 0x20: [io  0x1040-0x107f]
[    0.321329] pci 0000:02:01.0: reg 0x30: [mem 0xffff0000-0xffffffff pref]
[    0.321607] pci 0000:02:01.0: PME# supported from D0 D3hot D3cold
[    0.321900] pci 0000:02:02.0: [1274:1371] type 00 class 0x040100
[    0.321999] pci 0000:02:02.0: reg 0x10: [io  0x1000-0x103f]
[    0.322698] pci 0000:02:03.0: [15ad:0770] type 00 class 0x0c0320
[    0.323210] pci 0000:02:03.0: reg 0x10: [mem 0xfc051000-0xfc051fff]
[    0.325588] pci 0000:02:05.0: [15ad:07e0] type 00 class 0x010601
[    0.325902] pci 0000:02:05.0: reg 0x24: [mem 0xfc050000-0xfc050fff]
[    0.325948] pci 0000:02:05.0: reg 0x30: [mem 0xffff0000-0xffffffff pref]
[    0.325948] pci 0000:02:05.0: PME# supported from D3hot
[    0.325948] pci 0000:00:11.0: PCI bridge to [bus 02] (subtractive decode)
[    0.325948] pci 0000:00:11.0:   bridge window [io  0x1000-0x1fff]
[    0.325948] pci 0000:00:11.0:   bridge window [mem 0xfc000000-0xfc9fffff]
[    0.325948] pci 0000:00:11.0:   bridge window [mem 0xf8000000-0xf84fffff 64bit pref]
[    0.325948] pci 0000:00:11.0:   bridge window [io  0x0d00-0xffff window] (subtractive decode)
[    0.325948] pci 0000:00:11.0:   bridge window [io  0x0000-0x0cf7 window] (subtractive decode)
[    0.325948] pci 0000:00:11.0:   bridge window [mem 0xfef00000-0xffdfffff window] (subtractive decode)
[    0.325948] pci 0000:00:11.0:   bridge window [mem 0xfed45000-0xfedfffff window] (subtractive decode)
[    0.325948] pci 0000:00:11.0:   bridge window [mem 0xfec10000-0xfed3ffff window] (subtractive decode)
[    0.325948] pci 0000:00:11.0:   bridge window [mem 0xfa500000-0xfebfffff window] (subtractive decode)
[    0.325948] pci 0000:00:11.0:   bridge window [mem 0xf0000000-0xfa4fffff pref window] (subtractive decode)
[    0.325948] pci 0000:00:11.0:   bridge window [mem 0xc0000000-0xefffffff window] (subtractive decode)
[    0.325948] pci 0000:00:11.0:   bridge window [mem 0x000a0000-0x000bffff window] (subtractive decode)
[    0.325948] pci 0000:00:11.0:   bridge window [mem 0x000c4000-0x000c7fff window] (subtractive decode)
[    0.325948] pci 0000:00:11.0:   bridge window [mem 0x000c8000-0x000cbfff window] (subtractive decode)
[    0.325948] pci 0000:00:11.0:   bridge window [mem 0x000d4000-0x000d7fff window] (subtractive decode)
[    0.325948] pci 0000:00:11.0:   bridge window [mem 0x000d8000-0x000dbfff window] (subtractive decode)
[    0.325948] pci 0000:00:11.0:   bridge window [mem 0x000e4000-0x000e7fff window] (subtractive decode)
[    0.325948] pci 0000:00:11.0:   bridge window [mem 0x000e8000-0x000ebfff window] (subtractive decode)
[    0.325948] pci 0000:00:11.0:   bridge window [mem 0x000ec000-0x000effff window] (subtractive decode)
[    0.326121] pci 0000:00:15.0: PCI bridge to [bus 03]
[    0.326158] pci 0000:00:15.0:   bridge window [mem 0xfea00000-0xfeafffff]
[    0.326194] pci 0000:00:15.0:   bridge window [mem 0xfa400000-0xfa4fffff 64bit pref]
[    0.326283] pci 0000:00:15.1: PCI bridge to [bus 04]
[    0.326283] pci 0000:00:15.1:   bridge window [mem 0xfe900000-0xfe9fffff]
[    0.326283] pci 0000:00:15.1:   bridge window [mem 0xfa300000-0xfa3fffff 64bit pref]
[    0.326283] pci 0000:00:15.2: PCI bridge to [bus 05]
[    0.326283] pci 0000:00:15.2:   bridge window [mem 0xfe800000-0xfe8fffff]
[    0.326283] pci 0000:00:15.2:   bridge window [mem 0xfa200000-0xfa2fffff 64bit pref]
[    0.326283] pci 0000:00:15.3: PCI bridge to [bus 06]
[    0.326283] pci 0000:00:15.3:   bridge window [mem 0xfe700000-0xfe7fffff]
[    0.326283] pci 0000:00:15.3:   bridge window [mem 0xfa100000-0xfa1fffff 64bit pref]
[    0.326311] pci 0000:00:15.4: PCI bridge to [bus 07]
[    0.326348] pci 0000:00:15.4:   bridge window [mem 0xfe600000-0xfe6fffff]
[    0.326384] pci 0000:00:15.4:   bridge window [mem 0xfa000000-0xfa0fffff 64bit pref]
[    0.326615] pci 0000:00:15.5: PCI bridge to [bus 08]
[    0.326652] pci 0000:00:15.5:   bridge window [mem 0xfe500000-0xfe5fffff]
[    0.326688] pci 0000:00:15.5:   bridge window [mem 0xf9f00000-0xf9ffffff 64bit pref]
[    0.326914] pci 0000:00:15.6: PCI bridge to [bus 09]
[    0.326951] pci 0000:00:15.6:   bridge window [mem 0xfe400000-0xfe4fffff]
[    0.326988] pci 0000:00:15.6:   bridge window [mem 0xf9e00000-0xf9efffff 64bit pref]
[    0.327212] pci 0000:00:15.7: PCI bridge to [bus 0a]
[    0.327248] pci 0000:00:15.7:   bridge window [mem 0xfe300000-0xfe3fffff]
[    0.327283] pci 0000:00:15.7:   bridge window [mem 0xf9d00000-0xf9dfffff 64bit pref]
[    0.327283] pci 0000:00:16.0: PCI bridge to [bus 0b]
[    0.327283] pci 0000:00:16.0:   bridge window [mem 0xfe200000-0xfe2fffff]
[    0.327283] pci 0000:00:16.0:   bridge window [mem 0xf9c00000-0xf9cfffff 64bit pref]
[    0.327283] pci 0000:00:16.1: PCI bridge to [bus 0c]
[    0.327283] pci 0000:00:16.1:   bridge window [mem 0xfe100000-0xfe1fffff]
[    0.327283] pci 0000:00:16.1:   bridge window [mem 0xf9b00000-0xf9bfffff 64bit pref]
[    0.327283] pci 0000:00:16.2: PCI bridge to [bus 0d]
[    0.327283] pci 0000:00:16.2:   bridge window [mem 0xfe000000-0xfe0fffff]
[    0.327283] pci 0000:00:16.2:   bridge window [mem 0xf9a00000-0xf9afffff 64bit pref]
[    0.328448] pci 0000:00:16.3: PCI bridge to [bus 0e]
[    0.328485] pci 0000:00:16.3:   bridge window [mem 0xfdf00000-0xfdffffff]
[    0.328533] pci 0000:00:16.3:   bridge window [mem 0xf9900000-0xf99fffff 64bit pref]
[    0.328762] pci 0000:00:16.4: PCI bridge to [bus 0f]
[    0.328800] pci 0000:00:16.4:   bridge window [mem 0xfde00000-0xfdefffff]
[    0.328837] pci 0000:00:16.4:   bridge window [mem 0xf9800000-0xf98fffff 64bit pref]
[    0.329065] pci 0000:00:16.5: PCI bridge to [bus 10]
[    0.329102] pci 0000:00:16.5:   bridge window [mem 0xfdd00000-0xfddfffff]
[    0.329139] pci 0000:00:16.5:   bridge window [mem 0xf9700000-0xf97fffff 64bit pref]
[    0.329363] pci 0000:00:16.6: PCI bridge to [bus 11]
[    0.329400] pci 0000:00:16.6:   bridge window [mem 0xfdc00000-0xfdcfffff]
[    0.329437] pci 0000:00:16.6:   bridge window [mem 0xf9600000-0xf96fffff 64bit pref]
[    0.329675] pci 0000:00:16.7: PCI bridge to [bus 12]
[    0.329712] pci 0000:00:16.7:   bridge window [mem 0xfdb00000-0xfdbfffff]
[    0.329749] pci 0000:00:16.7:   bridge window [mem 0xf9500000-0xf95fffff 64bit pref]
[    0.329978] pci 0000:00:17.0: PCI bridge to [bus 13]
[    0.330015] pci 0000:00:17.0:   bridge window [mem 0xfda00000-0xfdafffff]
[    0.330051] pci 0000:00:17.0:   bridge window [mem 0xf9400000-0xf94fffff 64bit pref]
[    0.330277] pci 0000:00:17.1: PCI bridge to [bus 14]
[    0.330277] pci 0000:00:17.1:   bridge window [mem 0xfd900000-0xfd9fffff]
[    0.330277] pci 0000:00:17.1:   bridge window [mem 0xf9300000-0xf93fffff 64bit pref]
[    0.330277] pci 0000:00:17.2: PCI bridge to [bus 15]
[    0.330277] pci 0000:00:17.2:   bridge window [mem 0xfd800000-0xfd8fffff]
[    0.330277] pci 0000:00:17.2:   bridge window [mem 0xf9200000-0xf92fffff 64bit pref]
[    0.330277] pci 0000:00:17.3: PCI bridge to [bus 16]
[    0.330277] pci 0000:00:17.3:   bridge window [mem 0xfd700000-0xfd7fffff]
[    0.330277] pci 0000:00:17.3:   bridge window [mem 0xf9100000-0xf91fffff 64bit pref]
[    0.330277] pci 0000:00:17.4: PCI bridge to [bus 17]
[    0.330277] pci 0000:00:17.4:   bridge window [mem 0xfd600000-0xfd6fffff]
[    0.330280] pci 0000:00:17.4:   bridge window [mem 0xf9000000-0xf90fffff 64bit pref]
[    0.330283] pci 0000:00:17.5: PCI bridge to [bus 18]
[    0.330283] pci 0000:00:17.5:   bridge window [mem 0xfd500000-0xfd5fffff]
[    0.330283] pci 0000:00:17.5:   bridge window [mem 0xf8f00000-0xf8ffffff 64bit pref]
[    0.330283] pci 0000:00:17.6: PCI bridge to [bus 19]
[    0.330283] pci 0000:00:17.6:   bridge window [mem 0xfd400000-0xfd4fffff]
[    0.330283] pci 0000:00:17.6:   bridge window [mem 0xf8e00000-0xf8efffff 64bit pref]
[    0.330283] pci 0000:00:17.7: PCI bridge to [bus 1a]
[    0.330283] pci 0000:00:17.7:   bridge window [mem 0xfd300000-0xfd3fffff]
[    0.330283] pci 0000:00:17.7:   bridge window [mem 0xf8d00000-0xf8dfffff 64bit pref]
[    0.330422] pci 0000:00:18.0: PCI bridge to [bus 1b]
[    0.330459] pci 0000:00:18.0:   bridge window [mem 0xfd200000-0xfd2fffff]
[    0.330533] pci 0000:00:18.0:   bridge window [mem 0xf8c00000-0xf8cfffff 64bit pref]
[    0.330764] pci 0000:00:18.1: PCI bridge to [bus 1c]
[    0.330802] pci 0000:00:18.1:   bridge window [mem 0xfd100000-0xfd1fffff]
[    0.330838] pci 0000:00:18.1:   bridge window [mem 0xf8b00000-0xf8bfffff 64bit pref]
[    0.331074] pci 0000:00:18.2: PCI bridge to [bus 1d]
[    0.331111] pci 0000:00:18.2:   bridge window [mem 0xfd000000-0xfd0fffff]
[    0.331148] pci 0000:00:18.2:   bridge window [mem 0xf8a00000-0xf8afffff 64bit pref]
[    0.331283] pci 0000:00:18.3: PCI bridge to [bus 1e]
[    0.331283] pci 0000:00:18.3:   bridge window [mem 0xfcf00000-0xfcffffff]
[    0.331283] pci 0000:00:18.3:   bridge window [mem 0xf8900000-0xf89fffff 64bit pref]
[    0.331283] pci 0000:00:18.4: PCI bridge to [bus 1f]
[    0.331283] pci 0000:00:18.4:   bridge window [mem 0xfce00000-0xfcefffff]
[    0.331283] pci 0000:00:18.4:   bridge window [mem 0xf8800000-0xf88fffff 64bit pref]
[    0.331283] pci 0000:00:18.5: PCI bridge to [bus 20]
[    0.331283] pci 0000:00:18.5:   bridge window [mem 0xfcd00000-0xfcdfffff]
[    0.331283] pci 0000:00:18.5:   bridge window [mem 0xf8700000-0xf87fffff 64bit pref]
[    0.331283] pci 0000:00:18.6: PCI bridge to [bus 21]
[    0.331311] pci 0000:00:18.6:   bridge window [mem 0xfcc00000-0xfccfffff]
[    0.331348] pci 0000:00:18.6:   bridge window [mem 0xf8600000-0xf86fffff 64bit pref]
[    0.331588] pci 0000:00:18.7: PCI bridge to [bus 22]
[    0.331625] pci 0000:00:18.7:   bridge window [mem 0xfcb00000-0xfcbfffff]
[    0.331662] pci 0000:00:18.7:   bridge window [mem 0xf8500000-0xf85fffff 64bit pref]
[    0.332283] ACPI: PCI: Interrupt link LNKA configured for IRQ 0
[    0.332283] ACPI: PCI: Interrupt link LNKA disabled
[    0.332290] ACPI: PCI: Interrupt link LNKB configured for IRQ 0
[    0.332292] ACPI: PCI: Interrupt link LNKB disabled
[    0.332349] ACPI: PCI: Interrupt link LNKC configured for IRQ 0
[    0.332351] ACPI: PCI: Interrupt link LNKC disabled
[    0.332406] ACPI: PCI: Interrupt link LNKD configured for IRQ 0
[    0.332408] ACPI: PCI: Interrupt link LNKD disabled
[    0.335969] iommu: Default domain type: Translated 
[    0.336302] pci 0000:00:0f.0: vgaarb: setting as boot VGA device
[    0.336303] pci 0000:00:0f.0: vgaarb: VGA device added: decodes=io+mem,owns=io+mem,locks=none
[    0.336310] pci 0000:00:0f.0: vgaarb: bridge control possible
[    0.336311] vgaarb: loaded
[    0.336361] SCSI subsystem initialized
[    0.336382] libata version 3.00 loaded.
[    0.336382] ACPI: bus type USB registered
[    0.336382] usbcore: registered new interface driver usbfs
[    0.336382] usbcore: registered new interface driver hub
[    0.336382] usbcore: registered new device driver usb
[    0.336382] pps_core: LinuxPPS API ver. 1 registered
[    0.336382] pps_core: Software ver. 5.3.6 - Copyright 2005-2007 Rodolfo Giometti <giometti@linux.it>
[    0.336382] PTP clock support registered
[    0.336393] Registered efivars operations
[    0.336393] Advanced Linux Sound Architecture Driver Initialized.
[    0.336442] NetLabel: Initializing
[    0.336443] NetLabel:  domain hash size = 128
[    0.336444] NetLabel:  protocols = UNLABELED CIPSOv4 CALIPSO
[    0.336452] NetLabel:  unlabeled traffic allowed by default
[    0.336473] PCI: Using ACPI for IRQ routing
[    0.337289] PCI: pci_cache_line_size set to 64 bytes
[    0.338835] e820: reserve RAM buffer [mem 0x0eeec000-0x0fffffff]
[    0.338838] e820: reserve RAM buffer [mem 0x0ef08000-0x0fffffff]
[    0.338839] e820: reserve RAM buffer [mem 0x0ef2c000-0x0fffffff]
[    0.338839] e820: reserve RAM buffer [mem 0x0fee7000-0x0fffffff]
[    0.338867] hpet0: at MMIO 0xfed00000, IRQs 2, 8, 0, 0, 0, 0, 0, 0, 0, 0, 0, 0, 0, 0, 0, 0
[    0.338875] hpet0: 16 comparators, 64-bit 14.318180 MHz counter
[    0.341370] clocksource: Switched to clocksource tsc-early
[    0.349044] VFS: Disk quotas dquot_6.6.0
[    0.349063] VFS: Dquot-cache hash table entries: 512 (order 0, 4096 bytes)
[    0.349114] pnp: PnP ACPI init
[    0.349227] system 00:00: [io  0x0440-0x047f] has been reserved
[    0.349231] system 00:00: [io  0x5658-0x5659] has been reserved
[    0.349233] system 00:00: [io  0x5670] has been reserved
[    0.349235] system 00:00: [io  0x0cf0-0x0cf1] has been reserved
[    0.349433] system 00:04: [mem 0xfed00000-0xfed003ff] has been reserved
[    0.350617] system 00:05: [io  0x0400-0x041f] has been reserved
[    0.350621] system 00:05: [mem 0xe0000000-0xe7ffffff] has been reserved
[    0.350623] system 00:05: [mem 0xffc00000-0xffdfffff] could not be reserved
[    0.350733] system 00:06: [mem 0xfec10000-0xfec10fff] has been reserved
[    0.352126] pnp: PnP ACPI: found 7 devices
[    0.362824] clocksource: acpi_pm: mask: 0xffffff max_cycles: 0xffffff, max_idle_ns: 2085701024 ns
[    0.362857] NET: Registered PF_INET protocol family
[    0.362929] IP idents hash table entries: 32768 (order: 6, 262144 bytes, linear)
[    0.363150] tcp_listen_portaddr_hash hash table entries: 1024 (order: 2, 16384 bytes, linear)
[    0.363157] TCP established hash table entries: 16384 (order: 5, 131072 bytes, linear)
[    0.363190] TCP bind hash table entries: 16384 (order: 6, 262144 bytes, linear)
[    0.363240] TCP: Hash tables configured (established 16384 bind 16384)
[    0.363314] UDP hash table entries: 1024 (order: 3, 32768 bytes, linear)
[    0.363323] UDP-Lite hash table entries: 1024 (order: 3, 32768 bytes, linear)
[    0.377118] NET: Registered PF_UNIX/PF_LOCAL protocol family
[    0.377531] RPC: Registered named UNIX socket transport module.
[    0.377534] RPC: Registered udp transport module.
[    0.377536] RPC: Registered tcp transport module.
[    0.377537] RPC: Registered tcp NFSv4.1 backchannel transport module.
[    0.377794] pci 0000:00:0f.0: can't claim BAR 6 [mem 0xffff8000-0xffffffff pref]: no compatible bridge window
[    0.377799] pci 0000:00:10.0: can't claim BAR 6 [mem 0xffffc000-0xffffffff pref]: no compatible bridge window
[    0.377802] pci 0000:02:01.0: can't claim BAR 6 [mem 0xffff0000-0xffffffff pref]: no compatible bridge window
[    0.377805] pci 0000:02:05.0: can't claim BAR 6 [mem 0xffff0000-0xffffffff pref]: no compatible bridge window
[    0.377812] pci 0000:00:15.0: bridge window [io  0x1000-0x0fff] to [bus 03] add_size 1000
[    0.377815] pci 0000:00:15.1: bridge window [io  0x1000-0x0fff] to [bus 04] add_size 1000
[    0.377817] pci 0000:00:15.2: bridge window [io  0x1000-0x0fff] to [bus 05] add_size 1000
[    0.377819] pci 0000:00:15.3: bridge window [io  0x1000-0x0fff] to [bus 06] add_size 1000
[    0.377821] pci 0000:00:15.4: bridge window [io  0x1000-0x0fff] to [bus 07] add_size 1000
[    0.377823] pci 0000:00:15.5: bridge window [io  0x1000-0x0fff] to [bus 08] add_size 1000
[    0.377825] pci 0000:00:15.6: bridge window [io  0x1000-0x0fff] to [bus 09] add_size 1000
[    0.377827] pci 0000:00:15.7: bridge window [io  0x1000-0x0fff] to [bus 0a] add_size 1000
[    0.377829] pci 0000:00:16.0: bridge window [io  0x1000-0x0fff] to [bus 0b] add_size 1000
[    0.377831] pci 0000:00:16.1: bridge window [io  0x1000-0x0fff] to [bus 0c] add_size 1000
[    0.377833] pci 0000:00:16.2: bridge window [io  0x1000-0x0fff] to [bus 0d] add_size 1000
[    0.377835] pci 0000:00:16.3: bridge window [io  0x1000-0x0fff] to [bus 0e] add_size 1000
[    0.377837] pci 0000:00:16.4: bridge window [io  0x1000-0x0fff] to [bus 0f] add_size 1000
[    0.377839] pci 0000:00:16.5: bridge window [io  0x1000-0x0fff] to [bus 10] add_size 1000
[    0.377841] pci 0000:00:16.6: bridge window [io  0x1000-0x0fff] to [bus 11] add_size 1000
[    0.377843] pci 0000:00:16.7: bridge window [io  0x1000-0x0fff] to [bus 12] add_size 1000
[    0.377845] pci 0000:00:17.0: bridge window [io  0x1000-0x0fff] to [bus 13] add_size 1000
[    0.377847] pci 0000:00:17.1: bridge window [io  0x1000-0x0fff] to [bus 14] add_size 1000
[    0.377850] pci 0000:00:17.2: bridge window [io  0x1000-0x0fff] to [bus 15] add_size 1000
[    0.377852] pci 0000:00:17.3: bridge window [io  0x1000-0x0fff] to [bus 16] add_size 1000
[    0.377853] pci 0000:00:17.4: bridge window [io  0x1000-0x0fff] to [bus 17] add_size 1000
[    0.377855] pci 0000:00:17.5: bridge window [io  0x1000-0x0fff] to [bus 18] add_size 1000
[    0.377857] pci 0000:00:17.6: bridge window [io  0x1000-0x0fff] to [bus 19] add_size 1000
[    0.377859] pci 0000:00:17.7: bridge window [io  0x1000-0x0fff] to [bus 1a] add_size 1000
[    0.377861] pci 0000:00:18.0: bridge window [io  0x1000-0x0fff] to [bus 1b] add_size 1000
[    0.377863] pci 0000:00:18.1: bridge window [io  0x1000-0x0fff] to [bus 1c] add_size 1000
[    0.377865] pci 0000:00:18.2: bridge window [io  0x1000-0x0fff] to [bus 1d] add_size 1000
[    0.377867] pci 0000:00:18.3: bridge window [io  0x1000-0x0fff] to [bus 1e] add_size 1000
[    0.377869] pci 0000:00:18.4: bridge window [io  0x1000-0x0fff] to [bus 1f] add_size 1000
[    0.377871] pci 0000:00:18.5: bridge window [io  0x1000-0x0fff] to [bus 20] add_size 1000
[    0.377873] pci 0000:00:18.6: bridge window [io  0x1000-0x0fff] to [bus 21] add_size 1000
[    0.377875] pci 0000:00:18.7: bridge window [io  0x1000-0x0fff] to [bus 22] add_size 1000
[    0.377890] pci 0000:00:0f.0: BAR 6: assigned [mem 0xfef00000-0xfef07fff pref]
[    0.377894] pci 0000:00:10.0: BAR 6: assigned [mem 0xfef08000-0xfef0bfff pref]
[    0.377896] pci 0000:00:15.0: BAR 7: assigned [io  0x3000-0x3fff]
[    0.377898] pci 0000:00:15.1: BAR 7: assigned [io  0x4000-0x4fff]
[    0.377899] pci 0000:00:15.2: BAR 7: assigned [io  0x6000-0x6fff]
[    0.377901] pci 0000:00:15.3: BAR 7: assigned [io  0x7000-0x7fff]
[    0.377902] pci 0000:00:15.4: BAR 7: assigned [io  0x8000-0x8fff]
[    0.377904] pci 0000:00:15.5: BAR 7: assigned [io  0x9000-0x9fff]
[    0.377906] pci 0000:00:15.6: BAR 7: assigned [io  0xa000-0xafff]
[    0.377907] pci 0000:00:15.7: BAR 7: assigned [io  0xb000-0xbfff]
[    0.377909] pci 0000:00:16.0: BAR 7: assigned [io  0xc000-0xcfff]
[    0.377910] pci 0000:00:16.1: BAR 7: assigned [io  0xd000-0xdfff]
[    0.377912] pci 0000:00:16.2: BAR 7: assigned [io  0xe000-0xefff]
[    0.377914] pci 0000:00:16.3: BAR 7: assigned [io  0xf000-0xffff]
[    0.377916] pci 0000:00:16.4: BAR 7: no space for [io  size 0x1000]
[    0.377918] pci 0000:00:16.4: BAR 7: failed to assign [io  size 0x1000]
[    0.377920] pci 0000:00:16.5: BAR 7: no space for [io  size 0x1000]
[    0.377921] pci 0000:00:16.5: BAR 7: failed to assign [io  size 0x1000]
[    0.377923] pci 0000:00:16.6: BAR 7: no space for [io  size 0x1000]
[    0.377925] pci 0000:00:16.6: BAR 7: failed to assign [io  size 0x1000]
[    0.377927] pci 0000:00:16.7: BAR 7: no space for [io  size 0x1000]
[    0.377928] pci 0000:00:16.7: BAR 7: failed to assign [io  size 0x1000]
[    0.377930] pci 0000:00:17.0: BAR 7: no space for [io  size 0x1000]
[    0.377932] pci 0000:00:17.0: BAR 7: failed to assign [io  size 0x1000]
[    0.377934] pci 0000:00:17.1: BAR 7: no space for [io  size 0x1000]
[    0.377935] pci 0000:00:17.1: BAR 7: failed to assign [io  size 0x1000]
[    0.377937] pci 0000:00:17.2: BAR 7: no space for [io  size 0x1000]
[    0.377938] pci 0000:00:17.2: BAR 7: failed to assign [io  size 0x1000]
[    0.377940] pci 0000:00:17.3: BAR 7: no space for [io  size 0x1000]
[    0.377942] pci 0000:00:17.3: BAR 7: failed to assign [io  size 0x1000]
[    0.377944] pci 0000:00:17.4: BAR 7: no space for [io  size 0x1000]
[    0.377945] pci 0000:00:17.4: BAR 7: failed to assign [io  size 0x1000]
[    0.377947] pci 0000:00:17.5: BAR 7: no space for [io  size 0x1000]
[    0.377948] pci 0000:00:17.5: BAR 7: failed to assign [io  size 0x1000]
[    0.377950] pci 0000:00:17.6: BAR 7: no space for [io  size 0x1000]
[    0.377952] pci 0000:00:17.6: BAR 7: failed to assign [io  size 0x1000]
[    0.377954] pci 0000:00:17.7: BAR 7: no space for [io  size 0x1000]
[    0.377955] pci 0000:00:17.7: BAR 7: failed to assign [io  size 0x1000]
[    0.377957] pci 0000:00:18.0: BAR 7: no space for [io  size 0x1000]
[    0.377958] pci 0000:00:18.0: BAR 7: failed to assign [io  size 0x1000]
[    0.377960] pci 0000:00:18.1: BAR 7: no space for [io  size 0x1000]
[    0.377962] pci 0000:00:18.1: BAR 7: failed to assign [io  size 0x1000]
[    0.377964] pci 0000:00:18.2: BAR 7: no space for [io  size 0x1000]
[    0.377965] pci 0000:00:18.2: BAR 7: failed to assign [io  size 0x1000]
[    0.377967] pci 0000:00:18.3: BAR 7: no space for [io  size 0x1000]
[    0.377968] pci 0000:00:18.3: BAR 7: failed to assign [io  size 0x1000]
[    0.377970] pci 0000:00:18.4: BAR 7: no space for [io  size 0x1000]
[    0.377972] pci 0000:00:18.4: BAR 7: failed to assign [io  size 0x1000]
[    0.377974] pci 0000:00:18.5: BAR 7: no space for [io  size 0x1000]
[    0.377975] pci 0000:00:18.5: BAR 7: failed to assign [io  size 0x1000]
[    0.377977] pci 0000:00:18.6: BAR 7: no space for [io  size 0x1000]
[    0.377978] pci 0000:00:18.6: BAR 7: failed to assign [io  size 0x1000]
[    0.377980] pci 0000:00:18.7: BAR 7: no space for [io  size 0x1000]
[    0.377982] pci 0000:00:18.7: BAR 7: failed to assign [io  size 0x1000]
[    0.377985] pci 0000:00:18.7: BAR 7: assigned [io  0x3000-0x3fff]
[    0.377987] pci 0000:00:18.6: BAR 7: assigned [io  0x4000-0x4fff]
[    0.377989] pci 0000:00:18.5: BAR 7: assigned [io  0x6000-0x6fff]
[    0.377990] pci 0000:00:18.4: BAR 7: assigned [io  0x7000-0x7fff]
[    0.377992] pci 0000:00:18.3: BAR 7: assigned [io  0x8000-0x8fff]
[    0.377993] pci 0000:00:18.2: BAR 7: assigned [io  0x9000-0x9fff]
[    0.377995] pci 0000:00:18.1: BAR 7: assigned [io  0xa000-0xafff]
[    0.377997] pci 0000:00:18.0: BAR 7: assigned [io  0xb000-0xbfff]
[    0.377998] pci 0000:00:17.7: BAR 7: assigned [io  0xc000-0xcfff]
[    0.378000] pci 0000:00:17.6: BAR 7: assigned [io  0xd000-0xdfff]
[    0.378002] pci 0000:00:17.5: BAR 7: assigned [io  0xe000-0xefff]
[    0.378003] pci 0000:00:17.4: BAR 7: assigned [io  0xf000-0xffff]
[    0.378005] pci 0000:00:17.3: BAR 7: no space for [io  size 0x1000]
[    0.378007] pci 0000:00:17.3: BAR 7: failed to assign [io  size 0x1000]
[    0.378009] pci 0000:00:17.2: BAR 7: no space for [io  size 0x1000]
[    0.378010] pci 0000:00:17.2: BAR 7: failed to assign [io  size 0x1000]
[    0.378012] pci 0000:00:17.1: BAR 7: no space for [io  size 0x1000]
[    0.378013] pci 0000:00:17.1: BAR 7: failed to assign [io  size 0x1000]
[    0.378015] pci 0000:00:17.0: BAR 7: no space for [io  size 0x1000]
[    0.378017] pci 0000:00:17.0: BAR 7: failed to assign [io  size 0x1000]
[    0.378019] pci 0000:00:16.7: BAR 7: no space for [io  size 0x1000]
[    0.378020] pci 0000:00:16.7: BAR 7: failed to assign [io  size 0x1000]
[    0.378022] pci 0000:00:16.6: BAR 7: no space for [io  size 0x1000]
[    0.378024] pci 0000:00:16.6: BAR 7: failed to assign [io  size 0x1000]
[    0.378026] pci 0000:00:16.5: BAR 7: no space for [io  size 0x1000]
[    0.378027] pci 0000:00:16.5: BAR 7: failed to assign [io  size 0x1000]
[    0.378029] pci 0000:00:16.4: BAR 7: no space for [io  size 0x1000]
[    0.378030] pci 0000:00:16.4: BAR 7: failed to assign [io  size 0x1000]
[    0.378032] pci 0000:00:16.3: BAR 7: no space for [io  size 0x1000]
[    0.378034] pci 0000:00:16.3: BAR 7: failed to assign [io  size 0x1000]
[    0.378036] pci 0000:00:16.2: BAR 7: no space for [io  size 0x1000]
[    0.378037] pci 0000:00:16.2: BAR 7: failed to assign [io  size 0x1000]
[    0.378039] pci 0000:00:16.1: BAR 7: no space for [io  size 0x1000]
[    0.378040] pci 0000:00:16.1: BAR 7: failed to assign [io  size 0x1000]
[    0.378042] pci 0000:00:16.0: BAR 7: no space for [io  size 0x1000]
[    0.378044] pci 0000:00:16.0: BAR 7: failed to assign [io  size 0x1000]
[    0.378046] pci 0000:00:15.7: BAR 7: no space for [io  size 0x1000]
[    0.378047] pci 0000:00:15.7: BAR 7: failed to assign [io  size 0x1000]
[    0.378049] pci 0000:00:15.6: BAR 7: no space for [io  size 0x1000]
[    0.378050] pci 0000:00:15.6: BAR 7: failed to assign [io  size 0x1000]
[    0.378052] pci 0000:00:15.5: BAR 7: no space for [io  size 0x1000]
[    0.378054] pci 0000:00:15.5: BAR 7: failed to assign [io  size 0x1000]
[    0.378056] pci 0000:00:15.4: BAR 7: no space for [io  size 0x1000]
[    0.378057] pci 0000:00:15.4: BAR 7: failed to assign [io  size 0x1000]
[    0.378059] pci 0000:00:15.3: BAR 7: no space for [io  size 0x1000]
[    0.378061] pci 0000:00:15.3: BAR 7: failed to assign [io  size 0x1000]
[    0.378063] pci 0000:00:15.2: BAR 7: no space for [io  size 0x1000]
[    0.378064] pci 0000:00:15.2: BAR 7: failed to assign [io  size 0x1000]
[    0.378066] pci 0000:00:15.1: BAR 7: no space for [io  size 0x1000]
[    0.378067] pci 0000:00:15.1: BAR 7: failed to assign [io  size 0x1000]
[    0.378069] pci 0000:00:15.0: BAR 7: no space for [io  size 0x1000]
[    0.378071] pci 0000:00:15.0: BAR 7: failed to assign [io  size 0x1000]
[    0.378073] pci 0000:00:01.0: PCI bridge to [bus 01]
[    0.378162] pci 0000:02:01.0: BAR 6: assigned [mem 0xfc030000-0xfc03ffff pref]
[    0.378165] pci 0000:02:05.0: BAR 6: assigned [mem 0xfc040000-0xfc04ffff pref]
[    0.378168] pci 0000:00:11.0: PCI bridge to [bus 02]
[    0.378179] pci 0000:00:11.0:   bridge window [io  0x1000-0x1fff]
[    0.378207] pci 0000:00:11.0:   bridge window [mem 0xfc000000-0xfc9fffff]
[    0.378227] pci 0000:00:11.0:   bridge window [mem 0xf8000000-0xf84fffff 64bit pref]
[    0.378265] pci 0000:00:15.0: PCI bridge to [bus 03]
[    0.378300] pci 0000:00:15.0:   bridge window [mem 0xfea00000-0xfeafffff]
[    0.378320] pci 0000:00:15.0:   bridge window [mem 0xfa400000-0xfa4fffff 64bit pref]
[    0.378365] pci 0000:00:15.1: PCI bridge to [bus 04]
[    0.378393] pci 0000:00:15.1:   bridge window [mem 0xfe900000-0xfe9fffff]
[    0.378413] pci 0000:00:15.1:   bridge window [mem 0xfa300000-0xfa3fffff 64bit pref]
[    0.378450] pci 0000:00:15.2: PCI bridge to [bus 05]
[    0.378478] pci 0000:00:15.2:   bridge window [mem 0xfe800000-0xfe8fffff]
[    0.378497] pci 0000:00:15.2:   bridge window [mem 0xfa200000-0xfa2fffff 64bit pref]
[    0.378534] pci 0000:00:15.3: PCI bridge to [bus 06]
[    0.378562] pci 0000:00:15.3:   bridge window [mem 0xfe700000-0xfe7fffff]
[    0.378581] pci 0000:00:15.3:   bridge window [mem 0xfa100000-0xfa1fffff 64bit pref]
[    0.378619] pci 0000:00:15.4: PCI bridge to [bus 07]
[    0.378647] pci 0000:00:15.4:   bridge window [mem 0xfe600000-0xfe6fffff]
[    0.378666] pci 0000:00:15.4:   bridge window [mem 0xfa000000-0xfa0fffff 64bit pref]
[    0.378703] pci 0000:00:15.5: PCI bridge to [bus 08]
[    0.378731] pci 0000:00:15.5:   bridge window [mem 0xfe500000-0xfe5fffff]
[    0.378750] pci 0000:00:15.5:   bridge window [mem 0xf9f00000-0xf9ffffff 64bit pref]
[    0.378788] pci 0000:00:15.6: PCI bridge to [bus 09]
[    0.378816] pci 0000:00:15.6:   bridge window [mem 0xfe400000-0xfe4fffff]
[    0.378835] pci 0000:00:15.6:   bridge window [mem 0xf9e00000-0xf9efffff 64bit pref]
[    0.378872] pci 0000:00:15.7: PCI bridge to [bus 0a]
[    0.378900] pci 0000:00:15.7:   bridge window [mem 0xfe300000-0xfe3fffff]
[    0.378919] pci 0000:00:15.7:   bridge window [mem 0xf9d00000-0xf9dfffff 64bit pref]
[    0.378956] pci 0000:00:16.0: PCI bridge to [bus 0b]
[    0.378984] pci 0000:00:16.0:   bridge window [mem 0xfe200000-0xfe2fffff]
[    0.379004] pci 0000:00:16.0:   bridge window [mem 0xf9c00000-0xf9cfffff 64bit pref]
[    0.379041] pci 0000:00:16.1: PCI bridge to [bus 0c]
[    0.379069] pci 0000:00:16.1:   bridge window [mem 0xfe100000-0xfe1fffff]
[    0.379088] pci 0000:00:16.1:   bridge window [mem 0xf9b00000-0xf9bfffff 64bit pref]
[    0.379125] pci 0000:00:16.2: PCI bridge to [bus 0d]
[    0.379153] pci 0000:00:16.2:   bridge window [mem 0xfe000000-0xfe0fffff]
[    0.379172] pci 0000:00:16.2:   bridge window [mem 0xf9a00000-0xf9afffff 64bit pref]
[    0.379209] pci 0000:00:16.3: PCI bridge to [bus 0e]
[    0.379237] pci 0000:00:16.3:   bridge window [mem 0xfdf00000-0xfdffffff]
[    0.379257] pci 0000:00:16.3:   bridge window [mem 0xf9900000-0xf99fffff 64bit pref]
[    0.379299] pci 0000:00:16.4: PCI bridge to [bus 0f]
[    0.379334] pci 0000:00:16.4:   bridge window [mem 0xfde00000-0xfdefffff]
[    0.379354] pci 0000:00:16.4:   bridge window [mem 0xf9800000-0xf98fffff 64bit pref]
[    0.379391] pci 0000:00:16.5: PCI bridge to [bus 10]
[    0.379419] pci 0000:00:16.5:   bridge window [mem 0xfdd00000-0xfddfffff]
[    0.379438] pci 0000:00:16.5:   bridge window [mem 0xf9700000-0xf97fffff 64bit pref]
[    0.379476] pci 0000:00:16.6: PCI bridge to [bus 11]
[    0.379504] pci 0000:00:16.6:   bridge window [mem 0xfdc00000-0xfdcfffff]
[    0.379523] pci 0000:00:16.6:   bridge window [mem 0xf9600000-0xf96fffff 64bit pref]
[    0.379560] pci 0000:00:16.7: PCI bridge to [bus 12]
[    0.379588] pci 0000:00:16.7:   bridge window [mem 0xfdb00000-0xfdbfffff]
[    0.379607] pci 0000:00:16.7:   bridge window [mem 0xf9500000-0xf95fffff 64bit pref]
[    0.379644] pci 0000:00:17.0: PCI bridge to [bus 13]
[    0.379672] pci 0000:00:17.0:   bridge window [mem 0xfda00000-0xfdafffff]
[    0.379692] pci 0000:00:17.0:   bridge window [mem 0xf9400000-0xf94fffff 64bit pref]
[    0.379729] pci 0000:00:17.1: PCI bridge to [bus 14]
[    0.379757] pci 0000:00:17.1:   bridge window [mem 0xfd900000-0xfd9fffff]
[    0.379776] pci 0000:00:17.1:   bridge window [mem 0xf9300000-0xf93fffff 64bit pref]
[    0.379813] pci 0000:00:17.2: PCI bridge to [bus 15]
[    0.379841] pci 0000:00:17.2:   bridge window [mem 0xfd800000-0xfd8fffff]
[    0.379860] pci 0000:00:17.2:   bridge window [mem 0xf9200000-0xf92fffff 64bit pref]
[    0.379897] pci 0000:00:17.3: PCI bridge to [bus 16]
[    0.379925] pci 0000:00:17.3:   bridge window [mem 0xfd700000-0xfd7fffff]
[    0.379945] pci 0000:00:17.3:   bridge window [mem 0xf9100000-0xf91fffff 64bit pref]
[    0.379982] pci 0000:00:17.4: PCI bridge to [bus 17]
[    0.379993] pci 0000:00:17.4:   bridge window [io  0xf000-0xffff]
[    0.380021] pci 0000:00:17.4:   bridge window [mem 0xfd600000-0xfd6fffff]
[    0.380040] pci 0000:00:17.4:   bridge window [mem 0xf9000000-0xf90fffff 64bit pref]
[    0.380077] pci 0000:00:17.5: PCI bridge to [bus 18]
[    0.380088] pci 0000:00:17.5:   bridge window [io  0xe000-0xefff]
[    0.380115] pci 0000:00:17.5:   bridge window [mem 0xfd500000-0xfd5fffff]
[    0.380135] pci 0000:00:17.5:   bridge window [mem 0xf8f00000-0xf8ffffff 64bit pref]
[    0.380172] pci 0000:00:17.6: PCI bridge to [bus 19]
[    0.380183] pci 0000:00:17.6:   bridge window [io  0xd000-0xdfff]
[    0.380211] pci 0000:00:17.6:   bridge window [mem 0xfd400000-0xfd4fffff]
[    0.380230] pci 0000:00:17.6:   bridge window [mem 0xf8e00000-0xf8efffff 64bit pref]
[    0.380267] pci 0000:00:17.7: PCI bridge to [bus 1a]
[    0.380278] pci 0000:00:17.7:   bridge window [io  0xc000-0xcfff]
[    0.380318] pci 0000:00:17.7:   bridge window [mem 0xfd300000-0xfd3fffff]
[    0.380339] pci 0000:00:17.7:   bridge window [mem 0xf8d00000-0xf8dfffff 64bit pref]
[    0.380377] pci 0000:00:18.0: PCI bridge to [bus 1b]
[    0.380387] pci 0000:00:18.0:   bridge window [io  0xb000-0xbfff]
[    0.380415] pci 0000:00:18.0:   bridge window [mem 0xfd200000-0xfd2fffff]
[    0.380435] pci 0000:00:18.0:   bridge window [mem 0xf8c00000-0xf8cfffff 64bit pref]
[    0.380472] pci 0000:00:18.1: PCI bridge to [bus 1c]
[    0.380482] pci 0000:00:18.1:   bridge window [io  0xa000-0xafff]
[    0.380510] pci 0000:00:18.1:   bridge window [mem 0xfd100000-0xfd1fffff]
[    0.380530] pci 0000:00:18.1:   bridge window [mem 0xf8b00000-0xf8bfffff 64bit pref]
[    0.380568] pci 0000:00:18.2: PCI bridge to [bus 1d]
[    0.380578] pci 0000:00:18.2:   bridge window [io  0x9000-0x9fff]
[    0.380606] pci 0000:00:18.2:   bridge window [mem 0xfd000000-0xfd0fffff]
[    0.380626] pci 0000:00:18.2:   bridge window [mem 0xf8a00000-0xf8afffff 64bit pref]
[    0.380663] pci 0000:00:18.3: PCI bridge to [bus 1e]
[    0.380674] pci 0000:00:18.3:   bridge window [io  0x8000-0x8fff]
[    0.380702] pci 0000:00:18.3:   bridge window [mem 0xfcf00000-0xfcffffff]
[    0.380721] pci 0000:00:18.3:   bridge window [mem 0xf8900000-0xf89fffff 64bit pref]
[    0.380758] pci 0000:00:18.4: PCI bridge to [bus 1f]
[    0.380769] pci 0000:00:18.4:   bridge window [io  0x7000-0x7fff]
[    0.380797] pci 0000:00:18.4:   bridge window [mem 0xfce00000-0xfcefffff]
[    0.380816] pci 0000:00:18.4:   bridge window [mem 0xf8800000-0xf88fffff 64bit pref]
[    0.380853] pci 0000:00:18.5: PCI bridge to [bus 20]
[    0.380864] pci 0000:00:18.5:   bridge window [io  0x6000-0x6fff]
[    0.380892] pci 0000:00:18.5:   bridge window [mem 0xfcd00000-0xfcdfffff]
[    0.380911] pci 0000:00:18.5:   bridge window [mem 0xf8700000-0xf87fffff 64bit pref]
[    0.380949] pci 0000:00:18.6: PCI bridge to [bus 21]
[    0.380959] pci 0000:00:18.6:   bridge window [io  0x4000-0x4fff]
[    0.380987] pci 0000:00:18.6:   bridge window [mem 0xfcc00000-0xfccfffff]
[    0.381006] pci 0000:00:18.6:   bridge window [mem 0xf8600000-0xf86fffff 64bit pref]
[    0.381043] pci 0000:00:18.7: PCI bridge to [bus 22]
[    0.381054] pci 0000:00:18.7:   bridge window [io  0x3000-0x3fff]
[    0.381082] pci 0000:00:18.7:   bridge window [mem 0xfcb00000-0xfcbfffff]
[    0.381101] pci 0000:00:18.7:   bridge window [mem 0xf8500000-0xf85fffff 64bit pref]
[    0.381139] pci_bus 0000:00: resource 4 [io  0x0d00-0xffff window]
[    0.381141] pci_bus 0000:00: resource 5 [io  0x0000-0x0cf7 window]
[    0.381143] pci_bus 0000:00: resource 6 [mem 0xfef00000-0xffdfffff window]
[    0.381144] pci_bus 0000:00: resource 7 [mem 0xfed45000-0xfedfffff window]
[    0.381146] pci_bus 0000:00: resource 8 [mem 0xfec10000-0xfed3ffff window]
[    0.381147] pci_bus 0000:00: resource 9 [mem 0xfa500000-0xfebfffff window]
[    0.381149] pci_bus 0000:00: resource 10 [mem 0xf0000000-0xfa4fffff pref window]
[    0.381151] pci_bus 0000:00: resource 11 [mem 0xc0000000-0xefffffff window]
[    0.381152] pci_bus 0000:00: resource 12 [mem 0x000a0000-0x000bffff window]
[    0.381154] pci_bus 0000:00: resource 13 [mem 0x000c4000-0x000c7fff window]
[    0.381155] pci_bus 0000:00: resource 14 [mem 0x000c8000-0x000cbfff window]
[    0.381157] pci_bus 0000:00: resource 15 [mem 0x000d4000-0x000d7fff window]
[    0.381158] pci_bus 0000:00: resource 16 [mem 0x000d8000-0x000dbfff window]
[    0.381160] pci_bus 0000:00: resource 17 [mem 0x000e4000-0x000e7fff window]
[    0.381161] pci_bus 0000:00: resource 18 [mem 0x000e8000-0x000ebfff window]
[    0.381163] pci_bus 0000:00: resource 19 [mem 0x000ec000-0x000effff window]
[    0.381164] pci_bus 0000:02: resource 0 [io  0x1000-0x1fff]
[    0.381166] pci_bus 0000:02: resource 1 [mem 0xfc000000-0xfc9fffff]
[    0.381167] pci_bus 0000:02: resource 2 [mem 0xf8000000-0xf84fffff 64bit pref]
[    0.381169] pci_bus 0000:02: resource 4 [io  0x0d00-0xffff window]
[    0.381170] pci_bus 0000:02: resource 5 [io  0x0000-0x0cf7 window]
[    0.381172] pci_bus 0000:02: resource 6 [mem 0xfef00000-0xffdfffff window]
[    0.381173] pci_bus 0000:02: resource 7 [mem 0xfed45000-0xfedfffff window]
[    0.381175] pci_bus 0000:02: resource 8 [mem 0xfec10000-0xfed3ffff window]
[    0.381176] pci_bus 0000:02: resource 9 [mem 0xfa500000-0xfebfffff window]
[    0.381178] pci_bus 0000:02: resource 10 [mem 0xf0000000-0xfa4fffff pref window]
[    0.381180] pci_bus 0000:02: resource 11 [mem 0xc0000000-0xefffffff window]
[    0.381181] pci_bus 0000:02: resource 12 [mem 0x000a0000-0x000bffff window]
[    0.381183] pci_bus 0000:02: resource 13 [mem 0x000c4000-0x000c7fff window]
[    0.381184] pci_bus 0000:02: resource 14 [mem 0x000c8000-0x000cbfff window]
[    0.381186] pci_bus 0000:02: resource 15 [mem 0x000d4000-0x000d7fff window]
[    0.381187] pci_bus 0000:02: resource 16 [mem 0x000d8000-0x000dbfff window]
[    0.381189] pci_bus 0000:02: resource 17 [mem 0x000e4000-0x000e7fff window]
[    0.381190] pci_bus 0000:02: resource 18 [mem 0x000e8000-0x000ebfff window]
[    0.381192] pci_bus 0000:02: resource 19 [mem 0x000ec000-0x000effff window]
[    0.381193] pci_bus 0000:03: resource 1 [mem 0xfea00000-0xfeafffff]
[    0.381195] pci_bus 0000:03: resource 2 [mem 0xfa400000-0xfa4fffff 64bit pref]
[    0.381197] pci_bus 0000:04: resource 1 [mem 0xfe900000-0xfe9fffff]
[    0.381198] pci_bus 0000:04: resource 2 [mem 0xfa300000-0xfa3fffff 64bit pref]
[    0.381200] pci_bus 0000:05: resource 1 [mem 0xfe800000-0xfe8fffff]
[    0.381201] pci_bus 0000:05: resource 2 [mem 0xfa200000-0xfa2fffff 64bit pref]
[    0.381203] pci_bus 0000:06: resource 1 [mem 0xfe700000-0xfe7fffff]
[    0.381205] pci_bus 0000:06: resource 2 [mem 0xfa100000-0xfa1fffff 64bit pref]
[    0.381206] pci_bus 0000:07: resource 1 [mem 0xfe600000-0xfe6fffff]
[    0.381208] pci_bus 0000:07: resource 2 [mem 0xfa000000-0xfa0fffff 64bit pref]
[    0.381210] pci_bus 0000:08: resource 1 [mem 0xfe500000-0xfe5fffff]
[    0.381211] pci_bus 0000:08: resource 2 [mem 0xf9f00000-0xf9ffffff 64bit pref]
[    0.381213] pci_bus 0000:09: resource 1 [mem 0xfe400000-0xfe4fffff]
[    0.381214] pci_bus 0000:09: resource 2 [mem 0xf9e00000-0xf9efffff 64bit pref]
[    0.381216] pci_bus 0000:0a: resource 1 [mem 0xfe300000-0xfe3fffff]
[    0.381217] pci_bus 0000:0a: resource 2 [mem 0xf9d00000-0xf9dfffff 64bit pref]
[    0.381219] pci_bus 0000:0b: resource 1 [mem 0xfe200000-0xfe2fffff]
[    0.381220] pci_bus 0000:0b: resource 2 [mem 0xf9c00000-0xf9cfffff 64bit pref]
[    0.381222] pci_bus 0000:0c: resource 1 [mem 0xfe100000-0xfe1fffff]
[    0.381224] pci_bus 0000:0c: resource 2 [mem 0xf9b00000-0xf9bfffff 64bit pref]
[    0.381225] pci_bus 0000:0d: resource 1 [mem 0xfe000000-0xfe0fffff]
[    0.381227] pci_bus 0000:0d: resource 2 [mem 0xf9a00000-0xf9afffff 64bit pref]
[    0.381229] pci_bus 0000:0e: resource 1 [mem 0xfdf00000-0xfdffffff]
[    0.381230] pci_bus 0000:0e: resource 2 [mem 0xf9900000-0xf99fffff 64bit pref]
[    0.381232] pci_bus 0000:0f: resource 1 [mem 0xfde00000-0xfdefffff]
[    0.381233] pci_bus 0000:0f: resource 2 [mem 0xf9800000-0xf98fffff 64bit pref]
[    0.381235] pci_bus 0000:10: resource 1 [mem 0xfdd00000-0xfddfffff]
[    0.381237] pci_bus 0000:10: resource 2 [mem 0xf9700000-0xf97fffff 64bit pref]
[    0.381238] pci_bus 0000:11: resource 1 [mem 0xfdc00000-0xfdcfffff]
[    0.381240] pci_bus 0000:11: resource 2 [mem 0xf9600000-0xf96fffff 64bit pref]
[    0.381242] pci_bus 0000:12: resource 1 [mem 0xfdb00000-0xfdbfffff]
[    0.381243] pci_bus 0000:12: resource 2 [mem 0xf9500000-0xf95fffff 64bit pref]
[    0.381245] pci_bus 0000:13: resource 1 [mem 0xfda00000-0xfdafffff]
[    0.381246] pci_bus 0000:13: resource 2 [mem 0xf9400000-0xf94fffff 64bit pref]
[    0.381248] pci_bus 0000:14: resource 1 [mem 0xfd900000-0xfd9fffff]
[    0.381250] pci_bus 0000:14: resource 2 [mem 0xf9300000-0xf93fffff 64bit pref]
[    0.381251] pci_bus 0000:15: resource 1 [mem 0xfd800000-0xfd8fffff]
[    0.381253] pci_bus 0000:15: resource 2 [mem 0xf9200000-0xf92fffff 64bit pref]
[    0.381255] pci_bus 0000:16: resource 1 [mem 0xfd700000-0xfd7fffff]
[    0.381256] pci_bus 0000:16: resource 2 [mem 0xf9100000-0xf91fffff 64bit pref]
[    0.381258] pci_bus 0000:17: resource 0 [io  0xf000-0xffff]
[    0.381259] pci_bus 0000:17: resource 1 [mem 0xfd600000-0xfd6fffff]
[    0.381261] pci_bus 0000:17: resource 2 [mem 0xf9000000-0xf90fffff 64bit pref]
[    0.381263] pci_bus 0000:18: resource 0 [io  0xe000-0xefff]
[    0.381264] pci_bus 0000:18: resource 1 [mem 0xfd500000-0xfd5fffff]
[    0.381265] pci_bus 0000:18: resource 2 [mem 0xf8f00000-0xf8ffffff 64bit pref]
[    0.381267] pci_bus 0000:19: resource 0 [io  0xd000-0xdfff]
[    0.381268] pci_bus 0000:19: resource 1 [mem 0xfd400000-0xfd4fffff]
[    0.381270] pci_bus 0000:19: resource 2 [mem 0xf8e00000-0xf8efffff 64bit pref]
[    0.381272] pci_bus 0000:1a: resource 0 [io  0xc000-0xcfff]
[    0.381273] pci_bus 0000:1a: resource 1 [mem 0xfd300000-0xfd3fffff]
[    0.381274] pci_bus 0000:1a: resource 2 [mem 0xf8d00000-0xf8dfffff 64bit pref]
[    0.381276] pci_bus 0000:1b: resource 0 [io  0xb000-0xbfff]
[    0.381278] pci_bus 0000:1b: resource 1 [mem 0xfd200000-0xfd2fffff]
[    0.381279] pci_bus 0000:1b: resource 2 [mem 0xf8c00000-0xf8cfffff 64bit pref]
[    0.381281] pci_bus 0000:1c: resource 0 [io  0xa000-0xafff]
[    0.381282] pci_bus 0000:1c: resource 1 [mem 0xfd100000-0xfd1fffff]
[    0.381284] pci_bus 0000:1c: resource 2 [mem 0xf8b00000-0xf8bfffff 64bit pref]
[    0.381285] pci_bus 0000:1d: resource 0 [io  0x9000-0x9fff]
[    0.381287] pci_bus 0000:1d: resource 1 [mem 0xfd000000-0xfd0fffff]
[    0.381288] pci_bus 0000:1d: resource 2 [mem 0xf8a00000-0xf8afffff 64bit pref]
[    0.381290] pci_bus 0000:1e: resource 0 [io  0x8000-0x8fff]
[    0.381290] pci_bus 0000:1e: resource 1 [mem 0xfcf00000-0xfcffffff]
[    0.381290] pci_bus 0000:1e: resource 2 [mem 0xf8900000-0xf89fffff 64bit pref]
[    0.381290] pci_bus 0000:1f: resource 0 [io  0x7000-0x7fff]
[    0.381290] pci_bus 0000:1f: resource 1 [mem 0xfce00000-0xfcefffff]
[    0.381290] pci_bus 0000:1f: resource 2 [mem 0xf8800000-0xf88fffff 64bit pref]
[    0.381290] pci_bus 0000:20: resource 0 [io  0x6000-0x6fff]
[    0.381290] pci_bus 0000:20: resource 1 [mem 0xfcd00000-0xfcdfffff]
[    0.381290] pci_bus 0000:20: resource 2 [mem 0xf8700000-0xf87fffff 64bit pref]
[    0.381290] pci_bus 0000:21: resource 0 [io  0x4000-0x4fff]
[    0.381290] pci_bus 0000:21: resource 1 [mem 0xfcc00000-0xfccfffff]
[    0.381290] pci_bus 0000:21: resource 2 [mem 0xf8600000-0xf86fffff 64bit pref]
[    0.381290] pci_bus 0000:22: resource 0 [io  0x3000-0x3fff]
[    0.381290] pci_bus 0000:22: resource 1 [mem 0xfcb00000-0xfcbfffff]
[    0.381290] pci_bus 0000:22: resource 2 [mem 0xf8500000-0xf85fffff 64bit pref]
[    0.381370] pci 0000:00:00.0: Limiting direct PCI/PCI transfers
[    0.381463] pci 0000:00:0f.0: Video device with shadowed ROM at [mem 0x000c0000-0x000dffff]
[    0.382513] pci 0000:02:01.0: CLS mismatch (32 != 64), using 64 bytes
[    0.383082] DMAR: Host address width 45
[    0.383085] DMAR: DRHD base: 0x000000fec10000 flags: 0x1
[    0.383103] DMAR: dmar0: reg_base_addr fec10000 ver 1:0 cap ff0080f02c0462 ecap f0f15f
[    0.383109] DMAR: ATSR flags: 0x1
[    0.434936] RAPL PMU: API unit is 2^-32 Joules, 0 fixed counters, 10737418240 ms ovfl timer
[    0.503109] clocksource: tsc: mask: 0xffffffffffffffff max_cycles: 0x29dc08e3e81, max_idle_ns: 440795344234 ns
[    0.503182] clocksource: Switched to clocksource tsc
[    0.505237] Initialise system trusted keyrings
[    0.505356] workingset: timestamp_bits=56 max_order=19 bucket_order=0
[    0.506212] NFS: Registering the id_resolver key type
[    0.506220] Key type id_resolver registered
[    0.506221] Key type id_legacy registered
[    0.506315] SGI XFS with security attributes, no debug enabled
[    0.513180] xor: automatically using best checksumming function   avx       
[    0.513184] Key type asymmetric registered
[    0.513186] Asymmetric key parser 'x509' registered
[    0.513192] Block layer SCSI generic (bsg) driver version 0.4 loaded (major 251)
[    0.513195] io scheduler mq-deadline registered
[    0.513196] io scheduler kyber registered
[    0.514048] pcieport 0000:00:15.0: PME: Signaling with IRQ 24
[    0.514730] pcieport 0000:00:15.1: PME: Signaling with IRQ 25
[    0.515412] pcieport 0000:00:15.2: PME: Signaling with IRQ 26
[    0.516078] pcieport 0000:00:15.3: PME: Signaling with IRQ 27
[    0.516746] pcieport 0000:00:15.4: PME: Signaling with IRQ 28
[    0.517416] pcieport 0000:00:15.5: PME: Signaling with IRQ 29
[    0.518084] pcieport 0000:00:15.6: PME: Signaling with IRQ 30
[    0.518752] pcieport 0000:00:15.7: PME: Signaling with IRQ 31
[    0.519435] pcieport 0000:00:16.0: PME: Signaling with IRQ 32
[    0.520106] pcieport 0000:00:16.1: PME: Signaling with IRQ 33
[    0.520774] pcieport 0000:00:16.2: PME: Signaling with IRQ 34
[    0.521450] pcieport 0000:00:16.3: PME: Signaling with IRQ 35
[    0.522126] pcieport 0000:00:16.4: PME: Signaling with IRQ 36
[    0.522793] pcieport 0000:00:16.5: PME: Signaling with IRQ 37
[    0.523471] pcieport 0000:00:16.6: PME: Signaling with IRQ 38
[    0.524142] pcieport 0000:00:16.7: PME: Signaling with IRQ 39
[    0.524814] pcieport 0000:00:17.0: PME: Signaling with IRQ 40
[    0.525492] pcieport 0000:00:17.1: PME: Signaling with IRQ 41
[    0.526169] pcieport 0000:00:17.2: PME: Signaling with IRQ 42
[    0.526836] pcieport 0000:00:17.3: PME: Signaling with IRQ 43
[    0.527517] pcieport 0000:00:17.4: PME: Signaling with IRQ 44
[    0.528190] pcieport 0000:00:17.5: PME: Signaling with IRQ 45
[    0.528858] pcieport 0000:00:17.6: PME: Signaling with IRQ 46
[    0.529535] pcieport 0000:00:17.7: PME: Signaling with IRQ 47
[    0.530213] pcieport 0000:00:18.0: PME: Signaling with IRQ 48
[    0.530881] pcieport 0000:00:18.1: PME: Signaling with IRQ 49
[    0.531554] pcieport 0000:00:18.2: PME: Signaling with IRQ 50
[    0.532219] pcieport 0000:00:18.3: PME: Signaling with IRQ 51
[    0.532889] pcieport 0000:00:18.4: PME: Signaling with IRQ 52
[    0.533565] pcieport 0000:00:18.5: PME: Signaling with IRQ 53
[    0.534240] pcieport 0000:00:18.6: PME: Signaling with IRQ 54
[    0.534907] pcieport 0000:00:18.7: PME: Signaling with IRQ 55
[    0.535246] efifb: probing for efifb
[    0.535259] efifb: framebuffer at 0xf0000000, using 3072k, total 3072k
[    0.535261] efifb: mode is 1024x768x32, linelength=4096, pages=1
[    0.535263] efifb: scrolling: redraw
[    0.535264] efifb: Truecolor: size=8:8:8:8, shift=24:16:8:0
[    0.536329] Console: switching to colour frame buffer device 128x48
[    0.537765] fb0: EFI VGA frame buffer device
[    0.537931] ACPI: AC: AC Adapter [ACAD] (on-line)
[    0.538004] input: Power Button as /devices/LNXSYSTM:00/LNXPWRBN:00/input/input0
[    0.538020] ACPI: button: Power Button [PWRF]
[    0.539549] Serial: 8250/16550 driver, 4 ports, IRQ sharing enabled
[    0.540108] Non-volatile memory driver v1.3
[    0.540175] Linux agpgart interface v0.103
[    0.540255] agpgart-intel 0000:00:00.0: Intel 440BX Chipset
[    0.540862] agpgart-intel 0000:00:00.0: AGP aperture is 256M @ 0x0
[    0.540986] checking generic (f0000000 300000) vs hw (f0000000 8000000)
[    0.540987] fb0: switching to svgadrmfb from EFI VGA
[    0.541070] Console: switching to colour dummy device 80x25
[    0.541088] vmwgfx 0000:00:0f.0: vgaarb: deactivate vga console
[    0.541609] [TTM] Zone  kernel: Available graphics memory: 1002482 KiB
[    0.541633] [drm] FIFO at 0x00000000fb800000 size is 8192 kiB
[    0.541644] [drm] VRAM at 0x00000000f0000000 size is 131072 kiB
[    0.541659] [drm] Running on SVGA version 2.
[    0.541667] [drm] DMA map mode: Caching DMA mappings.
[    0.541734] [drm] Capabilities:
[    0.541736] [drm]   Rect copy.
[    0.541737] [drm]   Cursor.
[    0.541738] [drm]   Cursor bypass.
[    0.541738] [drm]   Cursor bypass 2.
[    0.541739] [drm]   8bit emulation.
[    0.541740] [drm]   Alpha cursor.
[    0.541741] [drm]   Extended Fifo.
[    0.541742] [drm]   Multimon.
[    0.541743] [drm]   Pitchlock.
[    0.541743] [drm]   Irq mask.
[    0.541744] [drm]   Display Topology.
[    0.541745] [drm]   GMR.
[    0.541746] [drm]   Traces.
[    0.541746] [drm]   GMR2.
[    0.541747] [drm]   Screen Object 2.
[    0.541748] [drm]   Command Buffers.
[    0.541749] [drm]   Command Buffers 2.
[    0.541750] [drm]   Guest Backed Resources.
[    0.541751] [drm]   DX Features.
[    0.541751] [drm]   HP Command Queue.
[    0.541752] [drm] Capabilities2:
[    0.541753] [drm]   Grow oTable.
[    0.541754] [drm]   IntraSurface copy.
[    0.541755] [drm]   DX3.
[    0.541756] [drm] Supports command queues = 1
[    0.541757] [drm] Max GMR ids is 64
[    0.541758] [drm] Max number of GMR pages is 65536
[    0.541759] [drm] Max dedicated hypervisor surface memory is 0 kiB
[    0.541760] [drm] Maximum display memory size is 262144 kiB
[    0.543505] [drm] Screen Target Display device initialized
[    0.543512] [drm] width 1024
[    0.543516] [drm] height 768
[    0.543521] [drm] bpp 32
[    0.544782] [drm] Fifo max 0x00040000 min 0x00001000 cap 0x0000077f
[    0.545293] [drm] Using command buffers with DMA pool.
[    0.545299] [drm] Running without reservation semaphore
[    0.547877] fbcon: svgadrmfb (fb0) is primary device
[    0.549570] Console: switching to colour frame buffer device 128x48
[    0.551475] [drm] Initialized vmwgfx 2.18.1 20210218 for 0000:00:0f.0 on minor 0
[    0.567385] loop: module loaded
[    0.567455] vmw_vmci 0000:00:07.7: enabling device (0000 -> 0003)
[    0.568222] vmw_vmci 0000:00:07.7: Found VMCI PCI device at 0x12100, irq 16
[    0.568324] vmw_vmci 0000:00:07.7: Using capabilities 0x1c
[    0.568864] Guest personality initialized and is active
[    0.568976] VMCI host device registered (name=vmci, major=10, minor=126)
[    0.568991] Initialized host personality
[    0.569018] VMware PVSCSI driver - version 1.0.7.0-k
[    0.569558] ahci 0000:02:05.0: version 3.0
[    0.569582] ahci 0000:02:05.0: enabling device (0000 -> 0002)
[    0.570625] ahci 0000:02:05.0: AHCI 0001.0300 32 slots 30 ports 6 Gbps 0x3fffffff impl SATA mode
[    0.570645] ahci 0000:02:05.0: flags: 64bit ncq clo only 
[    0.584423] scsi host0: ahci
[    0.584871] scsi host1: ahci
[    0.585253] scsi host2: ahci
[    0.585591] scsi host3: ahci
[    0.585949] scsi host4: ahci
[    0.586342] scsi host5: ahci
[    0.586732] scsi host6: ahci
[    0.587045] scsi host7: ahci
[    0.587376] scsi host8: ahci
[    0.587746] scsi host9: ahci
[    0.588391] scsi host10: ahci
[    0.589034] scsi host11: ahci
[    0.589674] scsi host12: ahci
[    0.590303] scsi host13: ahci
[    0.590875] scsi host14: ahci
[    0.591526] scsi host15: ahci
[    0.592102] scsi host16: ahci
[    0.592636] scsi host17: ahci
[    0.593165] scsi host18: ahci
[    0.593703] scsi host19: ahci
[    0.594254] scsi host20: ahci
[    0.594763] scsi host21: ahci
[    0.595274] scsi host22: ahci
[    0.595748] scsi host23: ahci
[    0.596287] scsi host24: ahci
[    0.596814] scsi host25: ahci
[    0.597350] scsi host26: ahci
[    0.597834] scsi host27: ahci
[    0.598335] scsi host28: ahci
[    0.598844] scsi host29: ahci
[    0.599066] ata1: SATA max UDMA/133 abar m4096@0xfc050000 port 0xfc050100 irq 58
[    0.599263] ata2: SATA max UDMA/133 abar m4096@0xfc050000 port 0xfc050180 irq 58
[    0.599455] ata3: SATA max UDMA/133 abar m4096@0xfc050000 port 0xfc050200 irq 58
[    0.599639] ata4: SATA max UDMA/133 abar m4096@0xfc050000 port 0xfc050280 irq 58
[    0.599819] ata5: SATA max UDMA/133 abar m4096@0xfc050000 port 0xfc050300 irq 58
[    0.600011] ata6: SATA max UDMA/133 abar m4096@0xfc050000 port 0xfc050380 irq 58
[    0.600174] ata7: SATA max UDMA/133 abar m4096@0xfc050000 port 0xfc050400 irq 58
[    0.600328] ata8: SATA max UDMA/133 abar m4096@0xfc050000 port 0xfc050480 irq 58
[    0.600474] ata9: SATA max UDMA/133 abar m4096@0xfc050000 port 0xfc050500 irq 58
[    0.600615] ata10: SATA max UDMA/133 abar m4096@0xfc050000 port 0xfc050580 irq 58
[    0.600761] ata11: SATA max UDMA/133 abar m4096@0xfc050000 port 0xfc050600 irq 58
[    0.600932] ata12: SATA max UDMA/133 abar m4096@0xfc050000 port 0xfc050680 irq 58
[    0.601066] ata13: SATA max UDMA/133 abar m4096@0xfc050000 port 0xfc050700 irq 58
[    0.601190] ata14: SATA max UDMA/133 abar m4096@0xfc050000 port 0xfc050780 irq 58
[    0.601309] ata15: SATA max UDMA/133 abar m4096@0xfc050000 port 0xfc050800 irq 58
[    0.601422] ata16: SATA max UDMA/133 abar m4096@0xfc050000 port 0xfc050880 irq 58
[    0.601525] ata17: SATA max UDMA/133 abar m4096@0xfc050000 port 0xfc050900 irq 58
[    0.601620] ata18: SATA max UDMA/133 abar m4096@0xfc050000 port 0xfc050980 irq 58
[    0.601710] ata19: SATA max UDMA/133 abar m4096@0xfc050000 port 0xfc050a00 irq 58
[    0.601800] ata20: SATA max UDMA/133 abar m4096@0xfc050000 port 0xfc050a80 irq 58
[    0.601905] ata21: SATA max UDMA/133 abar m4096@0xfc050000 port 0xfc050b00 irq 58
[    0.601998] ata22: SATA max UDMA/133 abar m4096@0xfc050000 port 0xfc050b80 irq 58
[    0.602089] ata23: SATA max UDMA/133 abar m4096@0xfc050000 port 0xfc050c00 irq 58
[    0.602180] ata24: SATA max UDMA/133 abar m4096@0xfc050000 port 0xfc050c80 irq 58
[    0.602271] ata25: SATA max UDMA/133 abar m4096@0xfc050000 port 0xfc050d00 irq 58
[    0.602362] ata26: SATA max UDMA/133 abar m4096@0xfc050000 port 0xfc050d80 irq 58
[    0.602454] ata27: SATA max UDMA/133 abar m4096@0xfc050000 port 0xfc050e00 irq 58
[    0.602546] ata28: SATA max UDMA/133 abar m4096@0xfc050000 port 0xfc050e80 irq 58
[    0.602637] ata29: SATA max UDMA/133 abar m4096@0xfc050000 port 0xfc050f00 irq 58
[    0.602728] ata30: SATA max UDMA/133 abar m4096@0xfc050000 port 0xfc050f80 irq 58
[    0.602867] ata_piix 0000:00:07.1: version 2.13
[    0.603891] scsi host30: ata_piix
[    0.604639] scsi host31: ata_piix
[    0.604762] ata31: PATA max UDMA/33 cmd 0x1f0 ctl 0x3f6 bmdma 0x2150 irq 14
[    0.604889] ata32: PATA max UDMA/33 cmd 0x170 ctl 0x376 bmdma 0x2158 irq 15
[    0.605520] libphy: Fixed MDIO Bus: probed
[    0.605673] tun: Universal TUN/TAP device driver, 1.6
[    0.605958] e100: Intel(R) PRO/100 Network Driver
[    0.606090] e100: Copyright(c) 1999-2006 Intel Corporation
[    0.606231] e1000: Intel(R) PRO/1000 Network Driver
[    0.606368] e1000: Copyright (c) 1999-2006 Intel Corporation.
[    0.606550] e1000 0000:02:01.0: enabling device (0110 -> 0113)
[    0.773612] ata32.00: ATAPI: VMware Virtual IDE CDROM Drive, 00000001, max UDMA/33
[    0.915316] ata19: SATA link down (SStatus 0 SControl 300)
[    0.915533] ata14: SATA link down (SStatus 0 SControl 300)
[    0.915733] ata12: SATA link down (SStatus 0 SControl 300)
[    0.915933] ata18: SATA link down (SStatus 0 SControl 300)
[    0.916124] ata11: SATA link down (SStatus 0 SControl 300)
[    0.916329] ata4: SATA link down (SStatus 0 SControl 300)
[    0.916577] ata2: SATA link down (SStatus 0 SControl 300)
[    0.916772] ata5: SATA link down (SStatus 0 SControl 300)
[    0.916971] ata7: SATA link down (SStatus 0 SControl 300)
[    0.917161] ata20: SATA link down (SStatus 0 SControl 300)
[    0.917367] ata13: SATA link down (SStatus 0 SControl 300)
[    0.917557] ata9: SATA link down (SStatus 0 SControl 300)
[    0.917760] ata10: SATA link down (SStatus 0 SControl 300)
[    0.917969] ata21: SATA link down (SStatus 0 SControl 300)
[    0.918184] ata17: SATA link down (SStatus 0 SControl 300)
[    0.918388] ata3: SATA link down (SStatus 0 SControl 300)
[    0.918584] ata15: SATA link down (SStatus 0 SControl 300)
[    0.918785] ata8: SATA link down (SStatus 0 SControl 300)
[    0.918991] ata16: SATA link down (SStatus 0 SControl 300)
[    0.919202] ata1: SATA link down (SStatus 0 SControl 300)
[    0.919430] ata6: SATA link down (SStatus 0 SControl 300)
[    0.919649] ata26: SATA link down (SStatus 0 SControl 300)
[    0.921307] ata30: SATA link down (SStatus 0 SControl 300)
[    0.923269] ata23: SATA link down (SStatus 0 SControl 300)
[    0.923501] ata22: SATA link down (SStatus 0 SControl 300)
[    0.923732] ata25: SATA link down (SStatus 0 SControl 300)
[    0.923962] ata24: SATA link down (SStatus 0 SControl 300)
[    0.924192] ata27: SATA link down (SStatus 0 SControl 300)
[    0.924425] ata28: SATA link down (SStatus 0 SControl 300)
[    0.924647] ata29: SATA link down (SStatus 0 SControl 300)
[    0.925303] scsi 31:0:0:0: CD-ROM            NECVMWar VMware IDE CDR10 1.00 PQ: 0 ANSI: 5
[    0.926489] sr 31:0:0:0: [sr0] scsi3-mmc drive: 1x/1x writer dvd-ram cd/rw xa/form2 cdda tray
[    0.926726] cdrom: Uniform CD-ROM driver Revision: 3.20
[    0.953374] sr 31:0:0:0: Attached scsi CD-ROM sr0
[    0.953650] sr 31:0:0:0: Attached scsi generic sg0 type 5
[    0.962906] e1000 0000:02:01.0 eth0: (PCI:66MHz:32-bit) 00:0c:29:66:16:17
[    0.963248] e1000 0000:02:01.0 eth0: Intel(R) PRO/1000 Network Connection
[    0.963298] e1000e: Intel(R) PRO/1000 Network Driver
[    0.963298] e1000e: Copyright(c) 1999 - 2015 Intel Corporation.
[    0.963298] sky2: driver version 1.30
[    0.964329] VMware vmxnet3 virtual NIC driver - version 1.5.0.0-k-NAPI
[    0.964633] Fusion MPT base driver 3.04.20
[    0.964885] Copyright (c) 1999-2008 LSI Corporation
[    0.965155] Fusion MPT SPI Host driver 3.04.20
[    0.966204] mptbase: ioc0: Initiating bringup
[    0.994588] ioc0: LSI53C1030 B0: Capabilities={Initiator}
[    1.057474] scsi host32: ioc0: LSI53C1030 B0, FwRev=01032920h, Ports=1, MaxQ=128, IRQ=17
[    1.100071] scsi 32:0:0:0: Direct-Access     VMware,  VMware Virtual S 1.0  PQ: 0 ANSI: 2
[    1.100355] scsi target32:0:0: Beginning Domain Validation
[    1.102807] scsi target32:0:0: Domain Validation skipping write tests
[    1.103073] scsi target32:0:0: Ending Domain Validation
[    1.103379] scsi target32:0:0: FAST-40 WIDE SCSI 80.0 MB/s ST (25 ns, offset 127)
[    1.103836] sd 32:0:0:0: Attached scsi generic sg1 type 0
[    1.103871] sd 32:0:0:0: [sda] 46137344 512-byte logical blocks: (23.6 GB/22.0 GiB)
[    1.104497] sd 32:0:0:0: [sda] Write Protect is off
[    1.104825] sd 32:0:0:0: [sda] Mode Sense: 61 00 00 00
[    1.104874] sd 32:0:0:0: [sda] Cache data unavailable
[    1.105196] sd 32:0:0:0: [sda] Assuming drive cache: write through
[    1.107414]  sda: sda1 sda2 sda3
[    1.119173] Fusion MPT SAS Host driver 3.04.20
[    1.119254] sd 32:0:0:0: [sda] Attached SCSI disk
[    1.119500] Fusion MPT misc device (ioctl) driver 3.04.20
[    1.119626] mptctl: Registered with Fusion MPT base driver
[    1.120437] mptctl: /dev/mptctl @ (major,minor=10,220)
[    1.120892] ehci_hcd: USB 2.0 'Enhanced' Host Controller (EHCI) Driver
[    1.121266] ehci-pci: EHCI PCI platform driver
[    1.121925] ehci-pci 0000:02:03.0: EHCI Host Controller
[    1.122416] ehci-pci 0000:02:03.0: new USB bus registered, assigned bus number 1
[    1.122884] ehci-pci 0000:02:03.0: irq 17, io mem 0xfc051000
[    1.130252] ehci-pci 0000:02:03.0: USB 2.0 started, EHCI 1.00
[    1.130623] usb usb1: New USB device found, idVendor=1d6b, idProduct=0002, bcdDevice= 5.14
[    1.130957] usb usb1: New USB device strings: Mfr=3, Product=2, SerialNumber=1
[    1.131304] usb usb1: Product: EHCI Host Controller
[    1.131603] usb usb1: Manufacturer: Linux 5.14.0-thor_kernel-salec-00001-g8cae8cd89f05-dirty ehci_hcd
[    1.131603] usb usb1: SerialNumber: 0000:02:03.0
[    1.132537] hub 1-0:1.0: USB hub found
[    1.132906] hub 1-0:1.0: 6 ports detected
[    1.133755] ohci_hcd: USB 1.1 'Open' Host Controller (OHCI) Driver
[    1.134189] ohci-pci: OHCI PCI platform driver
[    1.134360] uhci_hcd: USB Universal Host Controller Interface driver
[    1.135395] uhci_hcd 0000:02:00.0: UHCI Host Controller
[    1.135911] uhci_hcd 0000:02:00.0: new USB bus registered, assigned bus number 2
[    1.136567] uhci_hcd 0000:02:00.0: irq 18, io base 0x00001080
[    1.137081] usb usb2: New USB device found, idVendor=1d6b, idProduct=0001, bcdDevice= 5.14
[    1.137490] usb usb2: New USB device strings: Mfr=3, Product=2, SerialNumber=1
[    1.137867] usb usb2: Product: UHCI Host Controller
[    1.138349] usb usb2: Manufacturer: Linux 5.14.0-thor_kernel-salec-00001-g8cae8cd89f05-dirty uhci_hcd
[    1.138809] usb usb2: SerialNumber: 0000:02:00.0
[    1.139369] hub 2-0:1.0: USB hub found
[    1.139752] hub 2-0:1.0: 2 ports detected
[    1.140267] usbcore: registered new interface driver usblp
[    1.140339] usbcore: registered new interface driver usb-storage
[    1.140339] i8042: PNP: PS/2 Controller [PNP0303:KBC,PNP0f13:MOUS] at 0x60,0x64 irq 1,12
[    1.142035] serio: i8042 KBD port at 0x60,0x64 irq 1
[    1.142447] serio: i8042 AUX port at 0x60,0x64 irq 12
[    1.144806] rtc_cmos 00:01: registered as rtc0
[    1.145295] rtc_cmos 00:01: alarms up to one month, y3k, 242 bytes nvram, hpet irqs
[    1.145887] device-mapper: ioctl: 4.45.0-ioctl (2021-03-22) initialised: dm-devel@redhat.com
[    1.146359] intel_pstate: CPU model not supported
[    1.146877] input: AT Translated Set 2 keyboard as /devices/platform/i8042/serio0/input/input1
[    1.147271] No iBFT detected.
[    1.147753] hid: raw HID events driver (C) Jiri Kosina
[    1.148206] usbcore: registered new interface driver usbhid
[    1.148359] usbhid: USB HID core driver
[    1.149605] snd_ens1371 0000:02:02.0: enabling device (0000 -> 0001)
[    1.356604] input: ImPS/2 Generic Wheel Mouse as /devices/platform/i8042/serio1/input/input3
[    1.364968] usb 2-1: new full-speed USB device number 2 using uhci_hcd
[    1.515544] usb 2-1: New USB device found, idVendor=0e0f, idProduct=0003, bcdDevice= 1.03
[    1.515966] usb 2-1: New USB device strings: Mfr=1, Product=2, SerialNumber=0
[    1.516392] usb 2-1: Product: VMware Virtual USB Mouse
[    1.516536] usb 2-1: Manufacturer: VMware
[    1.528743] input: VMware VMware Virtual USB Mouse as /devices/pci0000:00/0000:00:11.0/0000:02:00.0/usb2/2-1/2-1:1.0/0003:0E0F:0003.0001/input/input4
