[    0.000000] Linux version 5.14.0-rc2-salec-00001-g8cae8cd89f05 (root@salec) (gcc (GCC) 11.1.0, GNU ld (GNU Binutils) 2.36.1) #1 SMP Wed Jul 21 02:40:09 MSK 2021
[    0.000000] Command line: BOOT_IMAGE=/vmlinuz-5.14.0-rc2-salec root=/dev/sda3 ro
[    0.000000] Disabled fast string operations
[    0.000000] x86/fpu: Supporting XSAVE feature 0x001: 'x87 floating point registers'
[    0.000000] x86/fpu: Supporting XSAVE feature 0x002: 'SSE registers'
[    0.000000] x86/fpu: Supporting XSAVE feature 0x004: 'AVX registers'
[    0.000000] x86/fpu: xstate_offset[2]:  576, xstate_sizes[2]:  256
[    0.000000] x86/fpu: Enabled xstate features 0x7, context size is 832 bytes, using 'compacted' format.
[    0.000000] signal: max sigframe size: 1776
[    0.000000] BIOS-provided physical RAM map:
[    0.000000] BIOS-e820: [mem 0x0000000000000000-0x0000000000000fff] ACPI NVS
[    0.000000] BIOS-e820: [mem 0x0000000000001000-0x000000000009ffff] usable
[    0.000000] BIOS-e820: [mem 0x00000000000c0000-0x00000000000fffff] reserved
[    0.000000] BIOS-e820: [mem 0x0000000000100000-0x000000000eeebfff] usable
[    0.000000] BIOS-e820: [mem 0x000000000eeec000-0x000000000eef4fff] type 20
[    0.000000] BIOS-e820: [mem 0x000000000eef5000-0x000000000ef07fff] usable
[    0.000000] BIOS-e820: [mem 0x000000000ef08000-0x000000000ef0cfff] type 20
[    0.000000] BIOS-e820: [mem 0x000000000ef0d000-0x000000000ef11fff] ACPI NVS
[    0.000000] BIOS-e820: [mem 0x000000000ef12000-0x000000000ef2bfff] usable
[    0.000000] BIOS-e820: [mem 0x000000000ef2c000-0x000000000ef30fff] type 20
[    0.000000] BIOS-e820: [mem 0x000000000ef31000-0x000000000fee6fff] usable
[    0.000000] BIOS-e820: [mem 0x000000000fee7000-0x000000000ff06fff] type 20
[    0.000000] BIOS-e820: [mem 0x000000000ff07000-0x000000000ff56fff] reserved
[    0.000000] BIOS-e820: [mem 0x000000000ff57000-0x000000000ff72fff] ACPI data
[    0.000000] BIOS-e820: [mem 0x000000000ff73000-0x000000000ff76fff] ACPI NVS
[    0.000000] BIOS-e820: [mem 0x000000000ff77000-0x000000007fffffff] usable
[    0.000000] BIOS-e820: [mem 0x00000000ffc00000-0x00000000ffc29fff] reserved
[    0.000000] NX (Execute Disable) protection: active
[    0.000000] efi: EFI v2.31 by VMware, Inc.
[    0.000000] efi: SMBIOS=0xef0d000 ACPI 2.0=0xff64000 MEMATTR=0xfd6f118 
[    0.000000] SMBIOS 2.7 present.
[    0.000000] DMI: VMware, Inc. VMware7,1/440BX Desktop Reference Platform, BIOS VMW71.00V.16722896.B64.2008100651 08/10/2020
[    0.000000] vmware: hypercall mode: 0x02
[    0.000000] Hypervisor detected: VMware
[    0.000000] vmware: TSC freq read from hypervisor : 2904.003 MHz
[    0.000000] vmware: Host bus clock speed read from hypervisor : 66000000 Hz
[    0.000000] tsc: Detected 2904.003 MHz processor
[    0.001291] e820: update [mem 0x00000000-0x00000fff] usable ==> reserved
[    0.001293] e820: remove [mem 0x000a0000-0x000fffff] usable
[    0.001296] last_pfn = 0x80000 max_arch_pfn = 0x400000000
[    0.001348] x86/PAT: Configuration [0-7]: WB  WC  UC- UC  WB  WP  UC- WT  
[    0.010765] Using GB pages for direct mapping
[    0.010921] Secure boot disabled
[    0.010922] ACPI: Early table checksum verification disabled
[    0.010924] ACPI: RSDP 0x000000000FF64000 000024 (v02 VMWARE)
[    0.010928] ACPI: XSDT 0x000000000FF64068 000064 (v01 INTEL  440BX    06040000 VMW  01324272)
[    0.010932] ACPI: SRAT 0x000000000FF640CC 0008A8 (v03 VMWARE EFISRAT  06040001 VMW  000007CE)
[    0.010935] ACPI: FACP 0x000000000FF72258 0000F4 (v04 INTEL  440BX    06040000 PTL  000F4240)
[    0.010939] ACPI: DSDT 0x000000000FF64974 00D8E4 (v01 PTLTD  Custom   00000000 INTL 20130823)
[    0.010941] ACPI: FACS 0x000000000FF76000 000040
[    0.010943] ACPI: FACS 0x000000000FF76000 000040
[    0.010945] ACPI: APIC 0x000000000FF723C0 000742 (v03 VMWARE EFIAPIC  06040001 VMW  000007CE)
[    0.010948] ACPI: MCFG 0x000000000FF72B02 00003C (v01 VMWARE EFIMCFG  06040001 VMW  000007CE)
[    0.010950] ACPI: HPET 0x000000000FF72B3E 000038 (v01 VMWARE VMW HPET 00000000 VMW  00000000)
[    0.010953] ACPI: WAET 0x000000000FF72B76 000028 (v01 VMWARE VMW WAET 06040001 VMW  00000001)
[    0.010955] ACPI: WSMT 0x000000000FF72B9E 000028 (v01 VMWARE VMW WSMT 06040001 VMW  00000001)
[    0.010957] ACPI: DMAR 0x000000000FF72BC6 000050 (v01 VMWARE VMW DMAR 06040001 VMW  00000001)
[    0.010959] ACPI: Reserving SRAT table memory at [mem 0xff640cc-0xff64973]
[    0.010961] ACPI: Reserving FACP table memory at [mem 0xff72258-0xff7234b]
[    0.010962] ACPI: Reserving DSDT table memory at [mem 0xff64974-0xff72257]
[    0.010962] ACPI: Reserving FACS table memory at [mem 0xff76000-0xff7603f]
[    0.010963] ACPI: Reserving FACS table memory at [mem 0xff76000-0xff7603f]
[    0.010964] ACPI: Reserving APIC table memory at [mem 0xff723c0-0xff72b01]
[    0.010964] ACPI: Reserving MCFG table memory at [mem 0xff72b02-0xff72b3d]
[    0.010965] ACPI: Reserving HPET table memory at [mem 0xff72b3e-0xff72b75]
[    0.010966] ACPI: Reserving WAET table memory at [mem 0xff72b76-0xff72b9d]
[    0.010966] ACPI: Reserving WSMT table memory at [mem 0xff72b9e-0xff72bc5]
[    0.010967] ACPI: Reserving DMAR table memory at [mem 0xff72bc6-0xff72c15]
[    0.010987] system APIC only can use physical flat
[    0.010988] Setting APIC routing to physical flat.
[    0.011005] SRAT: PXM 0 -> APIC 0x00 -> Node 0
[    0.011006] SRAT: PXM 0 -> APIC 0x01 -> Node 0
[    0.011007] SRAT: PXM 0 -> APIC 0x02 -> Node 0
[    0.011007] SRAT: PXM 0 -> APIC 0x03 -> Node 0
[    0.011008] SRAT: PXM 0 -> APIC 0x04 -> Node 0
[    0.011009] SRAT: PXM 0 -> APIC 0x05 -> Node 0
[    0.011009] SRAT: PXM 0 -> APIC 0x08 -> Node 0
[    0.011010] SRAT: PXM 0 -> APIC 0x09 -> Node 0
[    0.011010] SRAT: PXM 0 -> APIC 0x0a -> Node 0
[    0.011011] SRAT: PXM 0 -> APIC 0x0b -> Node 0
[    0.011011] SRAT: PXM 0 -> APIC 0x0c -> Node 0
[    0.011012] SRAT: PXM 0 -> APIC 0x0d -> Node 0
[    0.011012] SRAT: PXM 0 -> APIC 0x10 -> Node 0
[    0.011013] SRAT: PXM 0 -> APIC 0x11 -> Node 0
[    0.011013] SRAT: PXM 0 -> APIC 0x12 -> Node 0
[    0.011014] SRAT: PXM 0 -> APIC 0x13 -> Node 0
[    0.011014] SRAT: PXM 0 -> APIC 0x14 -> Node 0
[    0.011015] SRAT: PXM 0 -> APIC 0x15 -> Node 0
[    0.011015] SRAT: PXM 0 -> APIC 0x18 -> Node 0
[    0.011016] SRAT: PXM 0 -> APIC 0x19 -> Node 0
[    0.011016] SRAT: PXM 0 -> APIC 0x1a -> Node 0
[    0.011017] SRAT: PXM 0 -> APIC 0x1b -> Node 0
[    0.011018] SRAT: PXM 0 -> APIC 0x1c -> Node 0
[    0.011018] SRAT: PXM 0 -> APIC 0x1d -> Node 0
[    0.011019] SRAT: PXM 0 -> APIC 0x20 -> Node 0
[    0.011019] SRAT: PXM 0 -> APIC 0x21 -> Node 0
[    0.011020] SRAT: PXM 0 -> APIC 0x22 -> Node 0
[    0.011020] SRAT: PXM 0 -> APIC 0x23 -> Node 0
[    0.011021] SRAT: PXM 0 -> APIC 0x24 -> Node 0
[    0.011021] SRAT: PXM 0 -> APIC 0x25 -> Node 0
[    0.011022] SRAT: PXM 0 -> APIC 0x28 -> Node 0
[    0.011022] SRAT: PXM 0 -> APIC 0x29 -> Node 0
[    0.011023] SRAT: PXM 0 -> APIC 0x2a -> Node 0
[    0.011023] SRAT: PXM 0 -> APIC 0x2b -> Node 0
[    0.011024] SRAT: PXM 0 -> APIC 0x2c -> Node 0
[    0.011024] SRAT: PXM 0 -> APIC 0x2d -> Node 0
[    0.011025] SRAT: PXM 0 -> APIC 0x30 -> Node 0
[    0.011025] SRAT: PXM 0 -> APIC 0x31 -> Node 0
[    0.011026] SRAT: PXM 0 -> APIC 0x32 -> Node 0
[    0.011026] SRAT: PXM 0 -> APIC 0x33 -> Node 0
[    0.011027] SRAT: PXM 0 -> APIC 0x34 -> Node 0
[    0.011027] SRAT: PXM 0 -> APIC 0x35 -> Node 0
[    0.011028] SRAT: PXM 0 -> APIC 0x38 -> Node 0
[    0.011028] SRAT: PXM 0 -> APIC 0x39 -> Node 0
[    0.011029] SRAT: PXM 0 -> APIC 0x3a -> Node 0
[    0.011029] SRAT: PXM 0 -> APIC 0x3b -> Node 0
[    0.011030] SRAT: PXM 0 -> APIC 0x3c -> Node 0
[    0.011031] SRAT: PXM 0 -> APIC 0x3d -> Node 0
[    0.011031] SRAT: PXM 0 -> APIC 0x40 -> Node 0
[    0.011032] SRAT: PXM 0 -> APIC 0x41 -> Node 0
[    0.011032] SRAT: PXM 0 -> APIC 0x42 -> Node 0
[    0.011033] SRAT: PXM 0 -> APIC 0x43 -> Node 0
[    0.011033] SRAT: PXM 0 -> APIC 0x44 -> Node 0
[    0.011034] SRAT: PXM 0 -> APIC 0x45 -> Node 0
[    0.011034] SRAT: PXM 0 -> APIC 0x48 -> Node 0
[    0.011035] SRAT: PXM 0 -> APIC 0x49 -> Node 0
[    0.011035] SRAT: PXM 0 -> APIC 0x4a -> Node 0
[    0.011036] SRAT: PXM 0 -> APIC 0x4b -> Node 0
[    0.011036] SRAT: PXM 0 -> APIC 0x4c -> Node 0
[    0.011037] SRAT: PXM 0 -> APIC 0x4d -> Node 0
[    0.011037] SRAT: PXM 0 -> APIC 0x50 -> Node 0
[    0.011038] SRAT: PXM 0 -> APIC 0x51 -> Node 0
[    0.011038] SRAT: PXM 0 -> APIC 0x52 -> Node 0
[    0.011039] SRAT: PXM 0 -> APIC 0x53 -> Node 0
[    0.011039] SRAT: PXM 0 -> APIC 0x54 -> Node 0
[    0.011040] SRAT: PXM 0 -> APIC 0x55 -> Node 0
[    0.011040] SRAT: PXM 0 -> APIC 0x58 -> Node 0
[    0.011041] SRAT: PXM 0 -> APIC 0x59 -> Node 0
[    0.011041] SRAT: PXM 0 -> APIC 0x5a -> Node 0
[    0.011042] SRAT: PXM 0 -> APIC 0x5b -> Node 0
[    0.011042] SRAT: PXM 0 -> APIC 0x5c -> Node 0
[    0.011043] SRAT: PXM 0 -> APIC 0x5d -> Node 0
[    0.011043] SRAT: PXM 0 -> APIC 0x60 -> Node 0
[    0.011044] SRAT: PXM 0 -> APIC 0x61 -> Node 0
[    0.011045] SRAT: PXM 0 -> APIC 0x62 -> Node 0
[    0.011045] SRAT: PXM 0 -> APIC 0x63 -> Node 0
[    0.011046] SRAT: PXM 0 -> APIC 0x64 -> Node 0
[    0.011046] SRAT: PXM 0 -> APIC 0x65 -> Node 0
[    0.011047] SRAT: PXM 0 -> APIC 0x68 -> Node 0
[    0.011047] SRAT: PXM 0 -> APIC 0x69 -> Node 0
[    0.011048] SRAT: PXM 0 -> APIC 0x6a -> Node 0
[    0.011048] SRAT: PXM 0 -> APIC 0x6b -> Node 0
[    0.011049] SRAT: PXM 0 -> APIC 0x6c -> Node 0
[    0.011049] SRAT: PXM 0 -> APIC 0x6d -> Node 0
[    0.011050] SRAT: PXM 0 -> APIC 0x70 -> Node 0
[    0.011050] SRAT: PXM 0 -> APIC 0x71 -> Node 0
[    0.011051] SRAT: PXM 0 -> APIC 0x72 -> Node 0
[    0.011051] SRAT: PXM 0 -> APIC 0x73 -> Node 0
[    0.011052] SRAT: PXM 0 -> APIC 0x74 -> Node 0
[    0.011052] SRAT: PXM 0 -> APIC 0x75 -> Node 0
[    0.011053] SRAT: PXM 0 -> APIC 0x78 -> Node 0
[    0.011053] SRAT: PXM 0 -> APIC 0x79 -> Node 0
[    0.011054] SRAT: PXM 0 -> APIC 0x7a -> Node 0
[    0.011054] SRAT: PXM 0 -> APIC 0x7b -> Node 0
[    0.011055] SRAT: PXM 0 -> APIC 0x7c -> Node 0
[    0.011055] SRAT: PXM 0 -> APIC 0x7d -> Node 0
[    0.011056] SRAT: PXM 0 -> APIC 0x80 -> Node 0
[    0.011056] SRAT: PXM 0 -> APIC 0x81 -> Node 0
[    0.011057] SRAT: PXM 0 -> APIC 0x82 -> Node 0
[    0.011057] SRAT: PXM 0 -> APIC 0x83 -> Node 0
[    0.011058] SRAT: PXM 0 -> APIC 0x84 -> Node 0
[    0.011059] SRAT: PXM 0 -> APIC 0x85 -> Node 0
[    0.011059] SRAT: PXM 0 -> APIC 0x88 -> Node 0
[    0.011060] SRAT: PXM 0 -> APIC 0x89 -> Node 0
[    0.011060] SRAT: PXM 0 -> APIC 0x8a -> Node 0
[    0.011061] SRAT: PXM 0 -> APIC 0x8b -> Node 0
[    0.011061] SRAT: PXM 0 -> APIC 0x8c -> Node 0
[    0.011062] SRAT: PXM 0 -> APIC 0x8d -> Node 0
[    0.011062] SRAT: PXM 0 -> APIC 0x90 -> Node 0
[    0.011063] SRAT: PXM 0 -> APIC 0x91 -> Node 0
[    0.011063] SRAT: PXM 0 -> APIC 0x92 -> Node 0
[    0.011064] SRAT: PXM 0 -> APIC 0x93 -> Node 0
[    0.011064] SRAT: PXM 0 -> APIC 0x94 -> Node 0
[    0.011065] SRAT: PXM 0 -> APIC 0x95 -> Node 0
[    0.011065] SRAT: PXM 0 -> APIC 0x98 -> Node 0
[    0.011066] SRAT: PXM 0 -> APIC 0x99 -> Node 0
[    0.011066] SRAT: PXM 0 -> APIC 0x9a -> Node 0
[    0.011067] SRAT: PXM 0 -> APIC 0x9b -> Node 0
[    0.011067] SRAT: PXM 0 -> APIC 0x9c -> Node 0
[    0.011068] SRAT: PXM 0 -> APIC 0x9d -> Node 0
[    0.011068] SRAT: PXM 0 -> APIC 0xa0 -> Node 0
[    0.011069] SRAT: PXM 0 -> APIC 0xa1 -> Node 0
[    0.011069] SRAT: PXM 0 -> APIC 0xa2 -> Node 0
[    0.011070] SRAT: PXM 0 -> APIC 0xa3 -> Node 0
[    0.011070] SRAT: PXM 0 -> APIC 0xa4 -> Node 0
[    0.011071] SRAT: PXM 0 -> APIC 0xa5 -> Node 0
[    0.011072] SRAT: PXM 0 -> APIC 0xa8 -> Node 0
[    0.011072] SRAT: PXM 0 -> APIC 0xa9 -> Node 0
[    0.011074] ACPI: SRAT: Node 0 PXM 0 [mem 0x00000000-0x0009ffff]
[    0.011076] ACPI: SRAT: Node 0 PXM 0 [mem 0x00100000-0x7fffffff]
[    0.011077] NUMA: Node 0 [mem 0x00000000-0x0009ffff] + [mem 0x00100000-0x7fffffff] -> [mem 0x00000000-0x7fffffff]
[    0.011081] NODE_DATA(0) allocated [mem 0x7fffc000-0x7fffffff]
[    0.011089] Zone ranges:
[    0.011090]   DMA      [mem 0x0000000000001000-0x0000000000ffffff]
[    0.011091]   DMA32    [mem 0x0000000001000000-0x000000007fffffff]
[    0.011093]   Normal   empty
[    0.011093] Movable zone start for each node
[    0.011094] Early memory node ranges
[    0.011094]   node   0: [mem 0x0000000000001000-0x000000000009ffff]
[    0.011096]   node   0: [mem 0x0000000000100000-0x000000000eeebfff]
[    0.011097]   node   0: [mem 0x000000000eef5000-0x000000000ef07fff]
[    0.011097]   node   0: [mem 0x000000000ef12000-0x000000000ef2bfff]
[    0.011098]   node   0: [mem 0x000000000ef31000-0x000000000fee6fff]
[    0.011098]   node   0: [mem 0x000000000ff77000-0x000000007fffffff]
[    0.011099] Initmem setup node 0 [mem 0x0000000000001000-0x000000007fffffff]
[    0.011105] On node 0, zone DMA: 1 pages in unavailable ranges
[    0.011152] On node 0, zone DMA: 96 pages in unavailable ranges
[    0.011835] On node 0, zone DMA32: 9 pages in unavailable ranges
[    0.011836] On node 0, zone DMA32: 10 pages in unavailable ranges
[    0.011882] On node 0, zone DMA32: 5 pages in unavailable ranges
[    0.015277] On node 0, zone DMA32: 144 pages in unavailable ranges
[    0.017859] ACPI: PM-Timer IO Port: 0x448
[    0.017861] system APIC only can use physical flat
[    0.017868] ACPI: LAPIC_NMI (acpi_id[0x00] high edge lint[0x1])
[    0.017870] ACPI: LAPIC_NMI (acpi_id[0x01] high edge lint[0x1])
[    0.017871] ACPI: LAPIC_NMI (acpi_id[0x02] high edge lint[0x1])
[    0.017871] ACPI: LAPIC_NMI (acpi_id[0x03] high edge lint[0x1])
[    0.017872] ACPI: LAPIC_NMI (acpi_id[0x04] high edge lint[0x1])
[    0.017872] ACPI: LAPIC_NMI (acpi_id[0x05] high edge lint[0x1])
[    0.017873] ACPI: LAPIC_NMI (acpi_id[0x06] high edge lint[0x1])
[    0.017874] ACPI: LAPIC_NMI (acpi_id[0x07] high edge lint[0x1])
[    0.017874] ACPI: LAPIC_NMI (acpi_id[0x08] high edge lint[0x1])
[    0.017875] ACPI: LAPIC_NMI (acpi_id[0x09] high edge lint[0x1])
[    0.017875] ACPI: LAPIC_NMI (acpi_id[0x0a] high edge lint[0x1])
[    0.017876] ACPI: LAPIC_NMI (acpi_id[0x0b] high edge lint[0x1])
[    0.017876] ACPI: LAPIC_NMI (acpi_id[0x0c] high edge lint[0x1])
[    0.017877] ACPI: LAPIC_NMI (acpi_id[0x0d] high edge lint[0x1])
[    0.017878] ACPI: LAPIC_NMI (acpi_id[0x0e] high edge lint[0x1])
[    0.017878] ACPI: LAPIC_NMI (acpi_id[0x0f] high edge lint[0x1])
[    0.017879] ACPI: LAPIC_NMI (acpi_id[0x10] high edge lint[0x1])
[    0.017879] ACPI: LAPIC_NMI (acpi_id[0x11] high edge lint[0x1])
[    0.017880] ACPI: LAPIC_NMI (acpi_id[0x12] high edge lint[0x1])
[    0.017880] ACPI: LAPIC_NMI (acpi_id[0x13] high edge lint[0x1])
[    0.017881] ACPI: LAPIC_NMI (acpi_id[0x14] high edge lint[0x1])
[    0.017882] ACPI: LAPIC_NMI (acpi_id[0x15] high edge lint[0x1])
[    0.017882] ACPI: LAPIC_NMI (acpi_id[0x16] high edge lint[0x1])
[    0.017883] ACPI: LAPIC_NMI (acpi_id[0x17] high edge lint[0x1])
[    0.017883] ACPI: LAPIC_NMI (acpi_id[0x18] high edge lint[0x1])
[    0.017884] ACPI: LAPIC_NMI (acpi_id[0x19] high edge lint[0x1])
[    0.017884] ACPI: LAPIC_NMI (acpi_id[0x1a] high edge lint[0x1])
[    0.017885] ACPI: LAPIC_NMI (acpi_id[0x1b] high edge lint[0x1])
[    0.017886] ACPI: LAPIC_NMI (acpi_id[0x1c] high edge lint[0x1])
[    0.017886] ACPI: LAPIC_NMI (acpi_id[0x1d] high edge lint[0x1])
[    0.017887] ACPI: LAPIC_NMI (acpi_id[0x1e] high edge lint[0x1])
[    0.017887] ACPI: LAPIC_NMI (acpi_id[0x1f] high edge lint[0x1])
[    0.017888] ACPI: LAPIC_NMI (acpi_id[0x20] high edge lint[0x1])
[    0.017888] ACPI: LAPIC_NMI (acpi_id[0x21] high edge lint[0x1])
[    0.017889] ACPI: LAPIC_NMI (acpi_id[0x22] high edge lint[0x1])
[    0.017890] ACPI: LAPIC_NMI (acpi_id[0x23] high edge lint[0x1])
[    0.017890] ACPI: LAPIC_NMI (acpi_id[0x24] high edge lint[0x1])
[    0.017891] ACPI: LAPIC_NMI (acpi_id[0x25] high edge lint[0x1])
[    0.017891] ACPI: LAPIC_NMI (acpi_id[0x26] high edge lint[0x1])
[    0.017892] ACPI: LAPIC_NMI (acpi_id[0x27] high edge lint[0x1])
[    0.017892] ACPI: LAPIC_NMI (acpi_id[0x28] high edge lint[0x1])
[    0.017893] ACPI: LAPIC_NMI (acpi_id[0x29] high edge lint[0x1])
[    0.017893] ACPI: LAPIC_NMI (acpi_id[0x2a] high edge lint[0x1])
[    0.017894] ACPI: LAPIC_NMI (acpi_id[0x2b] high edge lint[0x1])
[    0.017895] ACPI: LAPIC_NMI (acpi_id[0x2c] high edge lint[0x1])
[    0.017895] ACPI: LAPIC_NMI (acpi_id[0x2d] high edge lint[0x1])
[    0.017896] ACPI: LAPIC_NMI (acpi_id[0x2e] high edge lint[0x1])
[    0.017896] ACPI: LAPIC_NMI (acpi_id[0x2f] high edge lint[0x1])
[    0.017897] ACPI: LAPIC_NMI (acpi_id[0x30] high edge lint[0x1])
[    0.017897] ACPI: LAPIC_NMI (acpi_id[0x31] high edge lint[0x1])
[    0.017898] ACPI: LAPIC_NMI (acpi_id[0x32] high edge lint[0x1])
[    0.017899] ACPI: LAPIC_NMI (acpi_id[0x33] high edge lint[0x1])
[    0.017899] ACPI: LAPIC_NMI (acpi_id[0x34] high edge lint[0x1])
[    0.017900] ACPI: LAPIC_NMI (acpi_id[0x35] high edge lint[0x1])
[    0.017900] ACPI: LAPIC_NMI (acpi_id[0x36] high edge lint[0x1])
[    0.017901] ACPI: LAPIC_NMI (acpi_id[0x37] high edge lint[0x1])
[    0.017901] ACPI: LAPIC_NMI (acpi_id[0x38] high edge lint[0x1])
[    0.017902] ACPI: LAPIC_NMI (acpi_id[0x39] high edge lint[0x1])
[    0.017902] ACPI: LAPIC_NMI (acpi_id[0x3a] high edge lint[0x1])
[    0.017903] ACPI: LAPIC_NMI (acpi_id[0x3b] high edge lint[0x1])
[    0.017904] ACPI: LAPIC_NMI (acpi_id[0x3c] high edge lint[0x1])
[    0.017904] ACPI: LAPIC_NMI (acpi_id[0x3d] high edge lint[0x1])
[    0.017905] ACPI: LAPIC_NMI (acpi_id[0x3e] high edge lint[0x1])
[    0.017905] ACPI: LAPIC_NMI (acpi_id[0x3f] high edge lint[0x1])
[    0.017906] ACPI: LAPIC_NMI (acpi_id[0x40] high edge lint[0x1])
[    0.017906] ACPI: LAPIC_NMI (acpi_id[0x41] high edge lint[0x1])
[    0.017907] ACPI: LAPIC_NMI (acpi_id[0x42] high edge lint[0x1])
[    0.017908] ACPI: LAPIC_NMI (acpi_id[0x43] high edge lint[0x1])
[    0.017908] ACPI: LAPIC_NMI (acpi_id[0x44] high edge lint[0x1])
[    0.017909] ACPI: LAPIC_NMI (acpi_id[0x45] high edge lint[0x1])
[    0.017909] ACPI: LAPIC_NMI (acpi_id[0x46] high edge lint[0x1])
[    0.017910] ACPI: LAPIC_NMI (acpi_id[0x47] high edge lint[0x1])
[    0.017910] ACPI: LAPIC_NMI (acpi_id[0x48] high edge lint[0x1])
[    0.017911] ACPI: LAPIC_NMI (acpi_id[0x49] high edge lint[0x1])
[    0.017912] ACPI: LAPIC_NMI (acpi_id[0x4a] high edge lint[0x1])
[    0.017912] ACPI: LAPIC_NMI (acpi_id[0x4b] high edge lint[0x1])
[    0.017913] ACPI: LAPIC_NMI (acpi_id[0x4c] high edge lint[0x1])
[    0.017913] ACPI: LAPIC_NMI (acpi_id[0x4d] high edge lint[0x1])
[    0.017914] ACPI: LAPIC_NMI (acpi_id[0x4e] high edge lint[0x1])
[    0.017914] ACPI: LAPIC_NMI (acpi_id[0x4f] high edge lint[0x1])
[    0.017915] ACPI: LAPIC_NMI (acpi_id[0x50] high edge lint[0x1])
[    0.017915] ACPI: LAPIC_NMI (acpi_id[0x51] high edge lint[0x1])
[    0.017916] ACPI: LAPIC_NMI (acpi_id[0x52] high edge lint[0x1])
[    0.017917] ACPI: LAPIC_NMI (acpi_id[0x53] high edge lint[0x1])
[    0.017917] ACPI: LAPIC_NMI (acpi_id[0x54] high edge lint[0x1])
[    0.017918] ACPI: LAPIC_NMI (acpi_id[0x55] high edge lint[0x1])
[    0.017918] ACPI: LAPIC_NMI (acpi_id[0x56] high edge lint[0x1])
[    0.017919] ACPI: LAPIC_NMI (acpi_id[0x57] high edge lint[0x1])
[    0.017919] ACPI: LAPIC_NMI (acpi_id[0x58] high edge lint[0x1])
[    0.017920] ACPI: LAPIC_NMI (acpi_id[0x59] high edge lint[0x1])
[    0.017921] ACPI: LAPIC_NMI (acpi_id[0x5a] high edge lint[0x1])
[    0.017921] ACPI: LAPIC_NMI (acpi_id[0x5b] high edge lint[0x1])
[    0.017922] ACPI: LAPIC_NMI (acpi_id[0x5c] high edge lint[0x1])
[    0.017922] ACPI: LAPIC_NMI (acpi_id[0x5d] high edge lint[0x1])
[    0.017923] ACPI: LAPIC_NMI (acpi_id[0x5e] high edge lint[0x1])
[    0.017923] ACPI: LAPIC_NMI (acpi_id[0x5f] high edge lint[0x1])
[    0.017924] ACPI: LAPIC_NMI (acpi_id[0x60] high edge lint[0x1])
[    0.017925] ACPI: LAPIC_NMI (acpi_id[0x61] high edge lint[0x1])
[    0.017925] ACPI: LAPIC_NMI (acpi_id[0x62] high edge lint[0x1])
[    0.017926] ACPI: LAPIC_NMI (acpi_id[0x63] high edge lint[0x1])
[    0.017926] ACPI: LAPIC_NMI (acpi_id[0x64] high edge lint[0x1])
[    0.017927] ACPI: LAPIC_NMI (acpi_id[0x65] high edge lint[0x1])
[    0.017927] ACPI: LAPIC_NMI (acpi_id[0x66] high edge lint[0x1])
[    0.017928] ACPI: LAPIC_NMI (acpi_id[0x67] high edge lint[0x1])
[    0.017929] ACPI: LAPIC_NMI (acpi_id[0x68] high edge lint[0x1])
[    0.017929] ACPI: LAPIC_NMI (acpi_id[0x69] high edge lint[0x1])
[    0.017930] ACPI: LAPIC_NMI (acpi_id[0x6a] high edge lint[0x1])
[    0.017930] ACPI: LAPIC_NMI (acpi_id[0x6b] high edge lint[0x1])
[    0.017931] ACPI: LAPIC_NMI (acpi_id[0x6c] high edge lint[0x1])
[    0.017931] ACPI: LAPIC_NMI (acpi_id[0x6d] high edge lint[0x1])
[    0.017932] ACPI: LAPIC_NMI (acpi_id[0x6e] high edge lint[0x1])
[    0.017932] ACPI: LAPIC_NMI (acpi_id[0x6f] high edge lint[0x1])
[    0.017933] ACPI: LAPIC_NMI (acpi_id[0x70] high edge lint[0x1])
[    0.017934] ACPI: LAPIC_NMI (acpi_id[0x71] high edge lint[0x1])
[    0.017934] ACPI: LAPIC_NMI (acpi_id[0x72] high edge lint[0x1])
[    0.017935] ACPI: LAPIC_NMI (acpi_id[0x73] high edge lint[0x1])
[    0.017935] ACPI: LAPIC_NMI (acpi_id[0x74] high edge lint[0x1])
[    0.017936] ACPI: LAPIC_NMI (acpi_id[0x75] high edge lint[0x1])
[    0.017936] ACPI: LAPIC_NMI (acpi_id[0x76] high edge lint[0x1])
[    0.017937] ACPI: LAPIC_NMI (acpi_id[0x77] high edge lint[0x1])
[    0.017938] ACPI: LAPIC_NMI (acpi_id[0x78] high edge lint[0x1])
[    0.017938] ACPI: LAPIC_NMI (acpi_id[0x79] high edge lint[0x1])
[    0.017939] ACPI: LAPIC_NMI (acpi_id[0x7a] high edge lint[0x1])
[    0.017939] ACPI: LAPIC_NMI (acpi_id[0x7b] high edge lint[0x1])
[    0.017940] ACPI: LAPIC_NMI (acpi_id[0x7c] high edge lint[0x1])
[    0.017940] ACPI: LAPIC_NMI (acpi_id[0x7d] high edge lint[0x1])
[    0.017941] ACPI: LAPIC_NMI (acpi_id[0x7e] high edge lint[0x1])
[    0.017942] ACPI: LAPIC_NMI (acpi_id[0x7f] high edge lint[0x1])
[    0.017963] IOAPIC[0]: apic_id 128, version 32, address 0xfec00000, GSI 0-23
[    0.017967] ACPI: INT_SRC_OVR (bus 0 bus_irq 0 global_irq 2 high edge)
[    0.017971] ACPI: Using ACPI (MADT) for SMP configuration information
[    0.017972] ACPI: HPET id: 0x8086af01 base: 0xfed00000
[    0.017975] TSC deadline timer available
[    0.017980] smpboot: 128 Processors exceeds NR_CPUS limit of 64
[    0.017981] smpboot: Allowing 64 CPUs, 58 hotplug CPUs
[    0.017990] [mem 0x80000000-0xffbfffff] available for PCI devices
[    0.017992] clocksource: refined-jiffies: mask: 0xffffffff max_cycles: 0xffffffff, max_idle_ns: 1910969940391419 ns
[    0.022485] setup_percpu: NR_CPUS:64 nr_cpumask_bits:64 nr_cpu_ids:64 nr_node_ids:1
[    0.026320] percpu: Embedded 52 pages/cpu s173784 r8192 d31016 u262144
[    0.026328] pcpu-alloc: s173784 r8192 d31016 u262144 alloc=1*2097152
[    0.026330] pcpu-alloc: [0] 00 01 02 03 04 05 06 07 [0] 08 09 10 11 12 13 14 15 
[    0.026336] pcpu-alloc: [0] 16 17 18 19 20 21 22 23 [0] 24 25 26 27 28 29 30 31 
[    0.026340] pcpu-alloc: [0] 32 33 34 35 36 37 38 39 [0] 40 41 42 43 44 45 46 47 
[    0.026345] pcpu-alloc: [0] 48 49 50 51 52 53 54 55 [0] 56 57 58 59 60 61 62 63 
[    0.026366] Built 1 zonelists, mobility grouping on.  Total pages: 515672
[    0.026367] Policy zone: DMA32
[    0.026368] Kernel command line: BOOT_IMAGE=/vmlinuz-5.14.0-rc2-salec root=/dev/sda3 ro
[    0.026386] Unknown command line parameters: BOOT_IMAGE=/vmlinuz-5.14.0-rc2-salec
[    0.026392] printk: log_buf_len individual max cpu contribution: 4096 bytes
[    0.026393] printk: log_buf_len total cpu_extra contributions: 258048 bytes
[    0.026394] printk: log_buf_len min size: 262144 bytes
[    0.026829] printk: log_buf_len: 524288 bytes
[    0.026830] printk: early log buf free: 239776(91%)
[    0.027234] Dentry cache hash table entries: 262144 (order: 9, 2097152 bytes, linear)
[    0.027286] Inode-cache hash table entries: 131072 (order: 8, 1048576 bytes, linear)
[    0.027985] mem auto-init: stack:off, heap alloc:off, heap free:off
[    0.030966] Memory: 1980624K/2096092K available (18456K kernel code, 3042K rwdata, 4396K rodata, 1440K init, 1964K bss, 115208K reserved, 0K cma-reserved)
[    0.031048] SLUB: HWalign=64, Order=0-3, MinObjects=0, CPUs=64, Nodes=1
[    0.031059] Kernel/User page tables isolation: enabled
[    0.031245] rcu: Hierarchical RCU implementation.
[    0.031246] rcu: 	RCU event tracing is enabled.
[    0.031247] rcu: RCU calculated value of scheduler-enlistment delay is 100 jiffies.
[    0.032389] NR_IRQS: 4352, nr_irqs: 936, preallocated irqs: 16
[    0.032778] random: get_random_bytes called from start_kernel+0x4b1/0x679 with crng_init=0
[    0.032823] Console: colour dummy device 80x25
[    0.033076] printk: console [tty0] enabled
[    0.033099] ACPI: Core revision 20210604
[    0.033590] clocksource: hpet: mask: 0xffffffff max_cycles: 0xffffffff, max_idle_ns: 133484882848 ns
[    0.033684] APIC: Switch to symmetric I/O mode setup
[    0.033948] ..TIMER: vector=0x30 apic1=0 pin1=2 apic2=-1 pin2=-1
[    0.033963] clocksource: tsc-early: mask: 0xffffffffffffffff max_cycles: 0x29dc08e3e81, max_idle_ns: 440795344234 ns
[    0.033969] Calibrating delay loop (skipped) preset value.. 5808.00 BogoMIPS (lpj=2904003)
[    0.033972] pid_max: default: 65536 minimum: 512
[    0.034644] LSM: Security Framework initializing
[    0.034978] Mount-cache hash table entries: 4096 (order: 3, 32768 bytes, linear)
[    0.034987] Mountpoint-cache hash table entries: 4096 (order: 3, 32768 bytes, linear)
[    0.035173] Disabled fast string operations
[    0.035329] Last level iTLB entries: 4KB 128, 2MB 8, 4MB 8
[    0.035331] Last level dTLB entries: 4KB 64, 2MB 0, 4MB 0, 1GB 4
[    0.035336] Spectre V1 : Mitigation: usercopy/swapgs barriers and __user pointer sanitization
[    0.035339] Spectre V2 : Mitigation: Full generic retpoline
[    0.035340] Spectre V2 : Spectre v2 / SpectreRSB mitigation: Filling RSB on context switch
[    0.035341] Spectre V2 : Enabling Restricted Speculation for firmware calls
[    0.035343] Spectre V2 : mitigation: Enabling conditional Indirect Branch Prediction Barrier
[    0.035344] Speculative Store Bypass: Mitigation: Speculative Store Bypass disabled via prctl and seccomp
[    0.035351] SRBDS: Unknown: Dependent on hypervisor status
[    0.035352] MDS: Mitigation: Clear CPU buffers
[    0.036604] Freeing SMP alternatives memory: 48K
[    0.036704] smpboot: CPU0: Intel(R) Core(TM) i5-9400F CPU @ 2.90GHz (family: 0x6, model: 0x9e, stepping: 0xa)
[    0.036782] Performance Events: Skylake events, Intel PMU driver.
[    0.036832] ... version:                4
[    0.036833] ... bit width:              48
[    0.036834] ... generic registers:      8
[    0.036835] ... value mask:             0000ffffffffffff
[    0.036837] ... max period:             000000007fffffff
[    0.036838] ... fixed-purpose events:   3
[    0.036839] ... event mask:             00000007000000ff
[    0.036936] rcu: Hierarchical SRCU implementation.
[    0.036967] smp: Bringing up secondary CPUs ...
[    0.036972] x86: Booting SMP configuration:
[    0.036974] .... node  #0, CPUs:        #1
[    0.001332] Disabled fast string operations
[    0.037502]   #2
[    0.001332] Disabled fast string operations
[    0.038031]   #3
[    0.001332] Disabled fast string operations
[    0.038514]   #4
[    0.001332] Disabled fast string operations
[    0.039343]   #5
[    0.001332] Disabled fast string operations
[    0.040790] smp: Brought up 1 node, 6 CPUs
[    0.040794] smpboot: Max logical packages: 22
[    0.040795] smpboot: Total of 6 processors activated (34848.03 BogoMIPS)
[    0.041563] devtmpfs: initialized
[    0.042020] clocksource: jiffies: mask: 0xffffffff max_cycles: 0xffffffff, max_idle_ns: 1911260446275000 ns
[    0.042025] futex hash table entries: 16384 (order: 8, 1048576 bytes, linear)
[    0.042711] NET: Registered PF_NETLINK/PF_ROUTE protocol family
[    0.042793] thermal_sys: Registered thermal governor 'step_wise'
[    0.042794] thermal_sys: Registered thermal governor 'user_space'
[    0.042997] cpuidle: using governor menu
[    0.043002] ACPI: bus type PCI registered
[    0.043119] PCI: MMCONFIG for domain 0000 [bus 00-7f] at [mem 0xe0000000-0xe7ffffff] (base 0xe0000000)
[    0.043124] PCI: not using MMCONFIG
[    0.043127] PCI: Using configuration type 1 for base access
[    0.043994] Kprobes globally optimized
[    0.044008] HugeTLB registered 2.00 MiB page size, pre-allocated 0 pages
[    0.064968] raid6: avx2x4   gen() 72313 MB/s
[    0.081968] raid6: avx2x4   xor() 34486 MB/s
[    0.098968] raid6: avx2x2   gen() 73895 MB/s
[    0.115968] raid6: avx2x2   xor() 47497 MB/s
[    0.132969] raid6: avx2x1   gen() 63432 MB/s
[    0.149969] raid6: avx2x1   xor() 36714 MB/s
[    0.166973] raid6: sse2x4   gen() 34461 MB/s
[    0.183969] raid6: sse2x4   xor() 18613 MB/s
[    0.200968] raid6: sse2x2   gen() 32964 MB/s
[    0.217969] raid6: sse2x2   xor() 19305 MB/s
[    0.234970] raid6: sse2x1   gen() 23586 MB/s
[    0.251969] raid6: sse2x1   xor() 12771 MB/s
[    0.251972] raid6: using algorithm avx2x2 gen() 73895 MB/s
[    0.251974] raid6: .... xor() 47497 MB/s, rmw enabled
[    0.251975] raid6: using avx2x2 recovery algorithm
[    0.252012] ACPI: PRMT not present
[    0.252014] PRM: found 4294967277 modules
[    0.252042] ACPI: Added _OSI(Module Device)
[    0.252043] ACPI: Added _OSI(Processor Device)
[    0.252044] ACPI: Added _OSI(3.0 _SCP Extensions)
[    0.252046] ACPI: Added _OSI(Processor Aggregator Device)
[    0.252047] ACPI: Added _OSI(Linux-Dell-Video)
[    0.252048] ACPI: Added _OSI(Linux-Lenovo-NV-HDMI-Audio)
[    0.252049] ACPI: Added _OSI(Linux-HPI-Hybrid-Graphics)
[    0.253967] ACPI: 1 ACPI AML tables successfully acquired and loaded
[    0.254318] ACPI: [Firmware Bug]: BIOS _OSI(Linux) query ignored
[    0.254324] ACPI: BIOS _OSI(Darwin) query ignored
[    0.264519] ACPI: Interpreter enabled
[    0.264524] ACPI: PM: (supports S0 S5)
[    0.264525] ACPI: Using IOAPIC for interrupt routing
[    0.264537] PCI: MMCONFIG for domain 0000 [bus 00-7f] at [mem 0xe0000000-0xe7ffffff] (base 0xe0000000)
[    0.264967] PCI: MMCONFIG at [mem 0xe0000000-0xe7ffffff] reserved in ACPI motherboard resources
[    0.264967] pmd_set_huge: Cannot satisfy [mem 0xe0000000-0xe0200000] with a huge-page mapping due to MTRR override.
[    0.264967] PCI: Using host bridge windows from ACPI; if necessary, use "pci=nocrs" and report a bug
[    0.265075] ACPI: Enabled 4 GPEs in block 00 to 0F
[    0.283934] ACPI: PCI Root Bridge [PCI0] (domain 0000 [bus 00-7f])
[    0.283941] acpi PNP0A03:00: _OSC: OS supports [ExtendedConfig ASPM ClockPM Segments MSI HPX-Type3]
[    0.284049] acpi PNP0A03:00: _OSC: platform does not support [LTR]
[    0.284154] acpi PNP0A03:00: _OSC: OS now controls [PME PCIeCapability]
[    0.284347] PCI host bridge to bus 0000:00
[    0.284350] pci_bus 0000:00: root bus resource [io  0x0d00-0xffff window]
[    0.284352] pci_bus 0000:00: root bus resource [io  0x0000-0x0cf7 window]
[    0.284354] pci_bus 0000:00: root bus resource [mem 0xfef00000-0xffdfffff window]
[    0.284356] pci_bus 0000:00: root bus resource [mem 0xfed45000-0xfedfffff window]
[    0.284357] pci_bus 0000:00: root bus resource [mem 0xfec10000-0xfed3ffff window]
[    0.284359] pci_bus 0000:00: root bus resource [mem 0xfa500000-0xfebfffff window]
[    0.284361] pci_bus 0000:00: root bus resource [mem 0xf0000000-0xfa4fffff pref window]
[    0.284363] pci_bus 0000:00: root bus resource [mem 0xc0000000-0xefffffff window]
[    0.284364] pci_bus 0000:00: root bus resource [mem 0x000a0000-0x000bffff window]
[    0.284366] pci_bus 0000:00: root bus resource [mem 0x000c4000-0x000c7fff window]
[    0.284368] pci_bus 0000:00: root bus resource [mem 0x000c8000-0x000cbfff window]
[    0.284370] pci_bus 0000:00: root bus resource [mem 0x000d4000-0x000d7fff window]
[    0.284371] pci_bus 0000:00: root bus resource [mem 0x000d8000-0x000dbfff window]
[    0.284373] pci_bus 0000:00: root bus resource [mem 0x000e4000-0x000e7fff window]
[    0.284375] pci_bus 0000:00: root bus resource [mem 0x000e8000-0x000ebfff window]
[    0.284376] pci_bus 0000:00: root bus resource [mem 0x000ec000-0x000effff window]
[    0.284378] pci_bus 0000:00: root bus resource [bus 00-7f]
[    0.284471] pci 0000:00:00.0: [8086:7190] type 00 class 0x060000
[    0.285057] pci 0000:00:01.0: [8086:7191] type 01 class 0x060400
[    0.285538] pci 0000:00:07.0: [8086:7110] type 00 class 0x060100
[    0.286184] pci 0000:00:07.1: [8086:7111] type 00 class 0x01018a
[    0.287651] pci 0000:00:07.1: reg 0x20: [io  0x2150-0x215f]
[    0.288158] pci 0000:00:07.1: legacy IDE quirk: reg 0x10: [io  0x01f0-0x01f7]
[    0.288161] pci 0000:00:07.1: legacy IDE quirk: reg 0x14: [io  0x03f6]
[    0.288162] pci 0000:00:07.1: legacy IDE quirk: reg 0x18: [io  0x0170-0x0177]
[    0.288164] pci 0000:00:07.1: legacy IDE quirk: reg 0x1c: [io  0x0376]
[    0.288367] pci 0000:00:07.3: [8086:7113] type 00 class 0x068000
[    0.288743] pci 0000:00:07.3: quirk: [io  0x0440-0x047f] claimed by PIIX4 ACPI
[    0.289040] pci 0000:00:07.7: [15ad:0740] type 00 class 0x088000
[    0.289138] pci 0000:00:07.7: reg 0x10: [io  0x2100-0x213f]
[    0.289217] pci 0000:00:07.7: reg 0x14: [mem 0xffbe0000-0xffbe1fff 64bit]
[    0.289962] pci 0000:00:0f.0: [15ad:0405] type 00 class 0x030000
[    0.291861] pci 0000:00:0f.0: reg 0x10: [io  0x2140-0x214f]
[    0.292891] pci 0000:00:0f.0: reg 0x14: [mem 0xf0000000-0xf7ffffff pref]
[    0.293836] pci 0000:00:0f.0: reg 0x18: [mem 0xfb800000-0xfbffffff]
[    0.297874] pci 0000:00:0f.0: reg 0x30: [mem 0xffff8000-0xffffffff pref]
[    0.297916] pci 0000:00:0f.0: BAR 1: assigned to efifb
[    0.298337] pci 0000:00:10.0: [1000:0030] type 00 class 0x010000
[    0.298969] pci 0000:00:10.0: reg 0x10: [io  0x2000-0x20ff]
[    0.299970] pci 0000:00:10.0: reg 0x14: [mem 0xffbc0000-0xffbdffff 64bit]
[    0.300949] pci 0000:00:10.0: reg 0x1c: [mem 0xffba0000-0xffbbffff 64bit]
[    0.301970] pci 0000:00:10.0: reg 0x30: [mem 0xffffc000-0xffffffff pref]
[    0.302354] pci 0000:00:11.0: [15ad:0790] type 01 class 0x060401
[    0.303116] pci 0000:00:15.0: [15ad:07a0] type 01 class 0x060400
[    0.303834] pci 0000:00:15.0: PME# supported from D0 D3hot D3cold
[    0.304189] pci 0000:00:15.1: [15ad:07a0] type 01 class 0x060400
[    0.304899] pci 0000:00:15.1: PME# supported from D0 D3hot D3cold
[    0.305251] pci 0000:00:15.2: [15ad:07a0] type 01 class 0x060400
[    0.305961] pci 0000:00:15.2: PME# supported from D0 D3hot D3cold
[    0.306332] pci 0000:00:15.3: [15ad:07a0] type 01 class 0x060400
[    0.307038] pci 0000:00:15.3: PME# supported from D0 D3hot D3cold
[    0.307387] pci 0000:00:15.4: [15ad:07a0] type 01 class 0x060400
[    0.308114] pci 0000:00:15.4: PME# supported from D0 D3hot D3cold
[    0.308458] pci 0000:00:15.5: [15ad:07a0] type 01 class 0x060400
[    0.309179] pci 0000:00:15.5: PME# supported from D0 D3hot D3cold
[    0.309525] pci 0000:00:15.6: [15ad:07a0] type 01 class 0x060400
[    0.310236] pci 0000:00:15.6: PME# supported from D0 D3hot D3cold
[    0.310577] pci 0000:00:15.7: [15ad:07a0] type 01 class 0x060400
[    0.311287] pci 0000:00:15.7: PME# supported from D0 D3hot D3cold
[    0.311629] pci 0000:00:16.0: [15ad:07a0] type 01 class 0x060400
[    0.312337] pci 0000:00:16.0: PME# supported from D0 D3hot D3cold
[    0.312677] pci 0000:00:16.1: [15ad:07a0] type 01 class 0x060400
[    0.313387] pci 0000:00:16.1: PME# supported from D0 D3hot D3cold
[    0.313729] pci 0000:00:16.2: [15ad:07a0] type 01 class 0x060400
[    0.314433] pci 0000:00:16.2: PME# supported from D0 D3hot D3cold
[    0.314773] pci 0000:00:16.3: [15ad:07a0] type 01 class 0x060400
[    0.315485] pci 0000:00:16.3: PME# supported from D0 D3hot D3cold
[    0.315835] pci 0000:00:16.4: [15ad:07a0] type 01 class 0x060400
[    0.316542] pci 0000:00:16.4: PME# supported from D0 D3hot D3cold
[    0.316886] pci 0000:00:16.5: [15ad:07a0] type 01 class 0x060400
[    0.317599] pci 0000:00:16.5: PME# supported from D0 D3hot D3cold
[    0.317940] pci 0000:00:16.6: [15ad:07a0] type 01 class 0x060400
[    0.318650] pci 0000:00:16.6: PME# supported from D0 D3hot D3cold
[    0.318995] pci 0000:00:16.7: [15ad:07a0] type 01 class 0x060400
[    0.319704] pci 0000:00:16.7: PME# supported from D0 D3hot D3cold
[    0.320047] pci 0000:00:17.0: [15ad:07a0] type 01 class 0x060400
[    0.320756] pci 0000:00:17.0: PME# supported from D0 D3hot D3cold
[    0.321082] pci 0000:00:17.1: [15ad:07a0] type 01 class 0x060400
[    0.321790] pci 0000:00:17.1: PME# supported from D0 D3hot D3cold
[    0.322140] pci 0000:00:17.2: [15ad:07a0] type 01 class 0x060400
[    0.322854] pci 0000:00:17.2: PME# supported from D0 D3hot D3cold
[    0.323190] pci 0000:00:17.3: [15ad:07a0] type 01 class 0x060400
[    0.323923] pci 0000:00:17.3: PME# supported from D0 D3hot D3cold
[    0.324260] pci 0000:00:17.4: [15ad:07a0] type 01 class 0x060400
[    0.324968] pci 0000:00:17.4: PME# supported from D0 D3hot D3cold
[    0.325310] pci 0000:00:17.5: [15ad:07a0] type 01 class 0x060400
[    0.326020] pci 0000:00:17.5: PME# supported from D0 D3hot D3cold
[    0.326362] pci 0000:00:17.6: [15ad:07a0] type 01 class 0x060400
[    0.327073] pci 0000:00:17.6: PME# supported from D0 D3hot D3cold
[    0.327415] pci 0000:00:17.7: [15ad:07a0] type 01 class 0x060400
[    0.328122] pci 0000:00:17.7: PME# supported from D0 D3hot D3cold
[    0.328463] pci 0000:00:18.0: [15ad:07a0] type 01 class 0x060400
[    0.329190] pci 0000:00:18.0: PME# supported from D0 D3hot D3cold
[    0.329533] pci 0000:00:18.1: [15ad:07a0] type 01 class 0x060400
[    0.330285] pci 0000:00:18.1: PME# supported from D0 D3hot D3cold
[    0.330630] pci 0000:00:18.2: [15ad:07a0] type 01 class 0x060400
[    0.331348] pci 0000:00:18.2: PME# supported from D0 D3hot D3cold
[    0.331692] pci 0000:00:18.3: [15ad:07a0] type 01 class 0x060400
[    0.332426] pci 0000:00:18.3: PME# supported from D0 D3hot D3cold
[    0.332781] pci 0000:00:18.4: [15ad:07a0] type 01 class 0x060400
[    0.333490] pci 0000:00:18.4: PME# supported from D0 D3hot D3cold
[    0.333833] pci 0000:00:18.5: [15ad:07a0] type 01 class 0x060400
[    0.334539] pci 0000:00:18.5: PME# supported from D0 D3hot D3cold
[    0.334890] pci 0000:00:18.6: [15ad:07a0] type 01 class 0x060400
[    0.335590] pci 0000:00:18.6: PME# supported from D0 D3hot D3cold
[    0.335947] pci 0000:00:18.7: [15ad:07a0] type 01 class 0x060400
[    0.336649] pci 0000:00:18.7: PME# supported from D0 D3hot D3cold
[    0.336994] pci_bus 0000:01: extended config space not accessible
[    0.337030] pci 0000:00:01.0: PCI bridge to [bus 01]
[    0.337222] pci_bus 0000:02: extended config space not accessible
[    0.337283] pci 0000:02:00.0: [15ad:0774] type 00 class 0x0c0300
[    0.338969] pci 0000:02:00.0: reg 0x20: [io  0x1080-0x109f]
[    0.339980] pci 0000:02:01.0: [8086:100f] type 00 class 0x020000
[    0.340112] pci 0000:02:01.0: reg 0x10: [mem 0xfc000000-0xfc01ffff 64bit]
[    0.340192] pci 0000:02:01.0: reg 0x18: [mem 0xfc020000-0xfc02ffff 64bit]
[    0.340237] pci 0000:02:01.0: reg 0x20: [io  0x1040-0x107f]
[    0.340324] pci 0000:02:01.0: reg 0x30: [mem 0xffff0000-0xffffffff pref]
[    0.340597] pci 0000:02:01.0: PME# supported from D0 D3hot D3cold
[    0.340901] pci 0000:02:02.0: [1274:1371] type 00 class 0x040100
[    0.340995] pci 0000:02:02.0: reg 0x10: [io  0x1000-0x103f]
[    0.341705] pci 0000:02:03.0: [15ad:0770] type 00 class 0x0c0320
[    0.342185] pci 0000:02:03.0: reg 0x10: [mem 0xfc051000-0xfc051fff]
[    0.344783] pci 0000:02:05.0: [15ad:07e0] type 00 class 0x010601
[    0.345088] pci 0000:02:05.0: reg 0x24: [mem 0xfc050000-0xfc050fff]
[    0.345134] pci 0000:02:05.0: reg 0x30: [mem 0xffff0000-0xffffffff pref]
[    0.345475] pci 0000:02:05.0: PME# supported from D3hot
[    0.345953] pci 0000:00:11.0: PCI bridge to [bus 02] (subtractive decode)
[    0.345968] pci 0000:00:11.0:   bridge window [io  0x1000-0x1fff]
[    0.345989] pci 0000:00:11.0:   bridge window [mem 0xfc000000-0xfc9fffff]
[    0.346025] pci 0000:00:11.0:   bridge window [mem 0xf8000000-0xf84fffff 64bit pref]
[    0.346028] pci 0000:00:11.0:   bridge window [io  0x0d00-0xffff window] (subtractive decode)
[    0.346030] pci 0000:00:11.0:   bridge window [io  0x0000-0x0cf7 window] (subtractive decode)
[    0.346032] pci 0000:00:11.0:   bridge window [mem 0xfef00000-0xffdfffff window] (subtractive decode)
[    0.346034] pci 0000:00:11.0:   bridge window [mem 0xfed45000-0xfedfffff window] (subtractive decode)
[    0.346036] pci 0000:00:11.0:   bridge window [mem 0xfec10000-0xfed3ffff window] (subtractive decode)
[    0.346038] pci 0000:00:11.0:   bridge window [mem 0xfa500000-0xfebfffff window] (subtractive decode)
[    0.346040] pci 0000:00:11.0:   bridge window [mem 0xf0000000-0xfa4fffff pref window] (subtractive decode)
[    0.346042] pci 0000:00:11.0:   bridge window [mem 0xc0000000-0xefffffff window] (subtractive decode)
[    0.346044] pci 0000:00:11.0:   bridge window [mem 0x000a0000-0x000bffff window] (subtractive decode)
[    0.346045] pci 0000:00:11.0:   bridge window [mem 0x000c4000-0x000c7fff window] (subtractive decode)
[    0.346047] pci 0000:00:11.0:   bridge window [mem 0x000c8000-0x000cbfff window] (subtractive decode)
[    0.346049] pci 0000:00:11.0:   bridge window [mem 0x000d4000-0x000d7fff window] (subtractive decode)
[    0.346051] pci 0000:00:11.0:   bridge window [mem 0x000d8000-0x000dbfff window] (subtractive decode)
[    0.346053] pci 0000:00:11.0:   bridge window [mem 0x000e4000-0x000e7fff window] (subtractive decode)
[    0.346055] pci 0000:00:11.0:   bridge window [mem 0x000e8000-0x000ebfff window] (subtractive decode)
[    0.346056] pci 0000:00:11.0:   bridge window [mem 0x000ec000-0x000effff window] (subtractive decode)
[    0.346282] pci 0000:00:15.0: PCI bridge to [bus 03]
[    0.346319] pci 0000:00:15.0:   bridge window [mem 0xfea00000-0xfeafffff]
[    0.346355] pci 0000:00:15.0:   bridge window [mem 0xfa400000-0xfa4fffff 64bit pref]
[    0.346587] pci 0000:00:15.1: PCI bridge to [bus 04]
[    0.346624] pci 0000:00:15.1:   bridge window [mem 0xfe900000-0xfe9fffff]
[    0.346660] pci 0000:00:15.1:   bridge window [mem 0xfa300000-0xfa3fffff 64bit pref]
[    0.346882] pci 0000:00:15.2: PCI bridge to [bus 05]
[    0.346918] pci 0000:00:15.2:   bridge window [mem 0xfe800000-0xfe8fffff]
[    0.346954] pci 0000:00:15.2:   bridge window [mem 0xfa200000-0xfa2fffff 64bit pref]
[    0.347172] pci 0000:00:15.3: PCI bridge to [bus 06]
[    0.347209] pci 0000:00:15.3:   bridge window [mem 0xfe700000-0xfe7fffff]
[    0.347245] pci 0000:00:15.3:   bridge window [mem 0xfa100000-0xfa1fffff 64bit pref]
[    0.347467] pci 0000:00:15.4: PCI bridge to [bus 07]
[    0.347505] pci 0000:00:15.4:   bridge window [mem 0xfe600000-0xfe6fffff]
[    0.347542] pci 0000:00:15.4:   bridge window [mem 0xfa000000-0xfa0fffff 64bit pref]
[    0.347767] pci 0000:00:15.5: PCI bridge to [bus 08]
[    0.347804] pci 0000:00:15.5:   bridge window [mem 0xfe500000-0xfe5fffff]
[    0.347840] pci 0000:00:15.5:   bridge window [mem 0xf9f00000-0xf9ffffff 64bit pref]
[    0.348060] pci 0000:00:15.6: PCI bridge to [bus 09]
[    0.348096] pci 0000:00:15.6:   bridge window [mem 0xfe400000-0xfe4fffff]
[    0.348133] pci 0000:00:15.6:   bridge window [mem 0xf9e00000-0xf9efffff 64bit pref]
[    0.348356] pci 0000:00:15.7: PCI bridge to [bus 0a]
[    0.348393] pci 0000:00:15.7:   bridge window [mem 0xfe300000-0xfe3fffff]
[    0.348429] pci 0000:00:15.7:   bridge window [mem 0xf9d00000-0xf9dfffff 64bit pref]
[    0.348657] pci 0000:00:16.0: PCI bridge to [bus 0b]
[    0.348694] pci 0000:00:16.0:   bridge window [mem 0xfe200000-0xfe2fffff]
[    0.348730] pci 0000:00:16.0:   bridge window [mem 0xf9c00000-0xf9cfffff 64bit pref]
[    0.348953] pci 0000:00:16.1: PCI bridge to [bus 0c]
[    0.348986] pci 0000:00:16.1:   bridge window [mem 0xfe100000-0xfe1fffff]
[    0.349022] pci 0000:00:16.1:   bridge window [mem 0xf9b00000-0xf9bfffff 64bit pref]
[    0.349248] pci 0000:00:16.2: PCI bridge to [bus 0d]
[    0.349284] pci 0000:00:16.2:   bridge window [mem 0xfe000000-0xfe0fffff]
[    0.349320] pci 0000:00:16.2:   bridge window [mem 0xf9a00000-0xf9afffff 64bit pref]
[    0.349543] pci 0000:00:16.3: PCI bridge to [bus 0e]
[    0.349580] pci 0000:00:16.3:   bridge window [mem 0xfdf00000-0xfdffffff]
[    0.349616] pci 0000:00:16.3:   bridge window [mem 0xf9900000-0xf99fffff 64bit pref]
[    0.349839] pci 0000:00:16.4: PCI bridge to [bus 0f]
[    0.349876] pci 0000:00:16.4:   bridge window [mem 0xfde00000-0xfdefffff]
[    0.349912] pci 0000:00:16.4:   bridge window [mem 0xf9800000-0xf98fffff 64bit pref]
[    0.350127] pci 0000:00:16.5: PCI bridge to [bus 10]
[    0.350164] pci 0000:00:16.5:   bridge window [mem 0xfdd00000-0xfddfffff]
[    0.350200] pci 0000:00:16.5:   bridge window [mem 0xf9700000-0xf97fffff 64bit pref]
[    0.350423] pci 0000:00:16.6: PCI bridge to [bus 11]
[    0.350460] pci 0000:00:16.6:   bridge window [mem 0xfdc00000-0xfdcfffff]
[    0.350540] pci 0000:00:16.6:   bridge window [mem 0xf9600000-0xf96fffff 64bit pref]
[    0.350772] pci 0000:00:16.7: PCI bridge to [bus 12]
[    0.350810] pci 0000:00:16.7:   bridge window [mem 0xfdb00000-0xfdbfffff]
[    0.350858] pci 0000:00:16.7:   bridge window [mem 0xf9500000-0xf95fffff 64bit pref]
[    0.351095] pci 0000:00:17.0: PCI bridge to [bus 13]
[    0.351132] pci 0000:00:17.0:   bridge window [mem 0xfda00000-0xfdafffff]
[    0.351169] pci 0000:00:17.0:   bridge window [mem 0xf9400000-0xf94fffff 64bit pref]
[    0.351396] pci 0000:00:17.1: PCI bridge to [bus 14]
[    0.351437] pci 0000:00:17.1:   bridge window [mem 0xfd900000-0xfd9fffff]
[    0.351473] pci 0000:00:17.1:   bridge window [mem 0xf9300000-0xf93fffff 64bit pref]
[    0.351708] pci 0000:00:17.2: PCI bridge to [bus 15]
[    0.351755] pci 0000:00:17.2:   bridge window [mem 0xfd800000-0xfd8fffff]
[    0.351791] pci 0000:00:17.2:   bridge window [mem 0xf9200000-0xf92fffff 64bit pref]
[    0.352010] pci 0000:00:17.3: PCI bridge to [bus 16]
[    0.352046] pci 0000:00:17.3:   bridge window [mem 0xfd700000-0xfd7fffff]
[    0.352082] pci 0000:00:17.3:   bridge window [mem 0xf9100000-0xf91fffff 64bit pref]
[    0.352312] pci 0000:00:17.4: PCI bridge to [bus 17]
[    0.352348] pci 0000:00:17.4:   bridge window [mem 0xfd600000-0xfd6fffff]
[    0.352384] pci 0000:00:17.4:   bridge window [mem 0xf9000000-0xf90fffff 64bit pref]
[    0.352634] pci 0000:00:17.5: PCI bridge to [bus 18]
[    0.352671] pci 0000:00:17.5:   bridge window [mem 0xfd500000-0xfd5fffff]
[    0.352707] pci 0000:00:17.5:   bridge window [mem 0xf8f00000-0xf8ffffff 64bit pref]
[    0.352940] pci 0000:00:17.6: PCI bridge to [bus 19]
[    0.352968] pci 0000:00:17.6:   bridge window [mem 0xfd400000-0xfd4fffff]
[    0.353005] pci 0000:00:17.6:   bridge window [mem 0xf8e00000-0xf8efffff 64bit pref]
[    0.353236] pci 0000:00:17.7: PCI bridge to [bus 1a]
[    0.353282] pci 0000:00:17.7:   bridge window [mem 0xfd300000-0xfd3fffff]
[    0.353318] pci 0000:00:17.7:   bridge window [mem 0xf8d00000-0xf8dfffff 64bit pref]
[    0.353558] pci 0000:00:18.0: PCI bridge to [bus 1b]
[    0.353594] pci 0000:00:18.0:   bridge window [mem 0xfd200000-0xfd2fffff]
[    0.353630] pci 0000:00:18.0:   bridge window [mem 0xf8c00000-0xf8cfffff 64bit pref]
[    0.353856] pci 0000:00:18.1: PCI bridge to [bus 1c]
[    0.353896] pci 0000:00:18.1:   bridge window [mem 0xfd100000-0xfd1fffff]
[    0.353932] pci 0000:00:18.1:   bridge window [mem 0xf8b00000-0xf8bfffff 64bit pref]
[    0.354161] pci 0000:00:18.2: PCI bridge to [bus 1d]
[    0.354198] pci 0000:00:18.2:   bridge window [mem 0xfd000000-0xfd0fffff]
[    0.354234] pci 0000:00:18.2:   bridge window [mem 0xf8a00000-0xf8afffff 64bit pref]
[    0.354511] pci 0000:00:18.3: PCI bridge to [bus 1e]
[    0.354549] pci 0000:00:18.3:   bridge window [mem 0xfcf00000-0xfcffffff]
[    0.354586] pci 0000:00:18.3:   bridge window [mem 0xf8900000-0xf89fffff 64bit pref]
[    0.354812] pci 0000:00:18.4: PCI bridge to [bus 1f]
[    0.354848] pci 0000:00:18.4:   bridge window [mem 0xfce00000-0xfcefffff]
[    0.354884] pci 0000:00:18.4:   bridge window [mem 0xf8800000-0xf88fffff 64bit pref]
[    0.355106] pci 0000:00:18.5: PCI bridge to [bus 20]
[    0.355143] pci 0000:00:18.5:   bridge window [mem 0xfcd00000-0xfcdfffff]
[    0.355183] pci 0000:00:18.5:   bridge window [mem 0xf8700000-0xf87fffff 64bit pref]
[    0.355422] pci 0000:00:18.6: PCI bridge to [bus 21]
[    0.355459] pci 0000:00:18.6:   bridge window [mem 0xfcc00000-0xfccfffff]
[    0.355495] pci 0000:00:18.6:   bridge window [mem 0xf8600000-0xf86fffff 64bit pref]
[    0.355726] pci 0000:00:18.7: PCI bridge to [bus 22]
[    0.355767] pci 0000:00:18.7:   bridge window [mem 0xfcb00000-0xfcbfffff]
[    0.355803] pci 0000:00:18.7:   bridge window [mem 0xf8500000-0xf85fffff 64bit pref]
[    0.357419] ACPI: PCI: Interrupt link LNKA configured for IRQ 0
[    0.357422] ACPI: PCI: Interrupt link LNKA disabled
[    0.357481] ACPI: PCI: Interrupt link LNKB configured for IRQ 0
[    0.357483] ACPI: PCI: Interrupt link LNKB disabled
[    0.357539] ACPI: PCI: Interrupt link LNKC configured for IRQ 0
[    0.357541] ACPI: PCI: Interrupt link LNKC disabled
[    0.357608] ACPI: PCI: Interrupt link LNKD configured for IRQ 0
[    0.357610] ACPI: PCI: Interrupt link LNKD disabled
[    0.364296] iommu: Default domain type: Translated 
[    0.364318] pci 0000:00:0f.0: vgaarb: setting as boot VGA device
[    0.364318] pci 0000:00:0f.0: vgaarb: VGA device added: decodes=io+mem,owns=io+mem,locks=none
[    0.364318] pci 0000:00:0f.0: vgaarb: bridge control possible
[    0.364318] vgaarb: loaded
[    0.364318] SCSI subsystem initialized
[    0.364318] libata version 3.00 loaded.
[    0.364318] ACPI: bus type USB registered
[    0.364318] usbcore: registered new interface driver usbfs
[    0.364318] usbcore: registered new interface driver hub
[    0.364318] usbcore: registered new device driver usb
[    0.364318] pps_core: LinuxPPS API ver. 1 registered
[    0.364318] pps_core: Software ver. 5.3.6 - Copyright 2005-2007 Rodolfo Giometti <giometti@linux.it>
[    0.364318] PTP clock support registered
[    0.364318] Registered efivars operations
[    0.364318] Advanced Linux Sound Architecture Driver Initialized.
[    0.364318] NetLabel: Initializing
[    0.364318] NetLabel:  domain hash size = 128
[    0.364318] NetLabel:  protocols = UNLABELED CIPSOv4 CALIPSO
[    0.364318] NetLabel:  unlabeled traffic allowed by default
[    0.365094] PCI: Using ACPI for IRQ routing
[    0.366967] PCI: pci_cache_line_size set to 64 bytes
[    0.367744] e820: reserve RAM buffer [mem 0x0eeec000-0x0fffffff]
[    0.367747] e820: reserve RAM buffer [mem 0x0ef08000-0x0fffffff]
[    0.367748] e820: reserve RAM buffer [mem 0x0ef2c000-0x0fffffff]
[    0.367748] e820: reserve RAM buffer [mem 0x0fee7000-0x0fffffff]
[    0.367783] hpet0: at MMIO 0xfed00000, IRQs 2, 8, 0, 0, 0, 0, 0, 0, 0, 0, 0, 0, 0, 0, 0, 0
[    0.367791] hpet0: 16 comparators, 64-bit 14.318180 MHz counter
[    0.369274] clocksource: Switched to clocksource tsc-early
[    0.376299] VFS: Disk quotas dquot_6.6.0
[    0.376317] VFS: Dquot-cache hash table entries: 512 (order 0, 4096 bytes)
[    0.376350] pnp: PnP ACPI init
[    0.376456] system 00:00: [io  0x0440-0x047f] has been reserved
[    0.376460] system 00:00: [io  0x5658-0x5659] has been reserved
[    0.376462] system 00:00: [io  0x5670] has been reserved
[    0.376464] system 00:00: [io  0x0cf0-0x0cf1] has been reserved
[    0.376643] system 00:04: [mem 0xfed00000-0xfed003ff] has been reserved
[    0.377819] system 00:05: [io  0x0400-0x041f] has been reserved
[    0.377822] system 00:05: [mem 0xe0000000-0xe7ffffff] has been reserved
[    0.377824] system 00:05: [mem 0xffc00000-0xffdfffff] could not be reserved
[    0.377934] system 00:06: [mem 0xfec10000-0xfec10fff] has been reserved
[    0.379346] pnp: PnP ACPI: found 7 devices
[    0.389652] clocksource: acpi_pm: mask: 0xffffff max_cycles: 0xffffff, max_idle_ns: 2085701024 ns
[    0.389677] NET: Registered PF_INET protocol family
[    0.389793] IP idents hash table entries: 32768 (order: 6, 262144 bytes, linear)
[    0.389993] tcp_listen_portaddr_hash hash table entries: 1024 (order: 2, 16384 bytes, linear)
[    0.390001] TCP established hash table entries: 16384 (order: 5, 131072 bytes, linear)
[    0.390031] TCP bind hash table entries: 16384 (order: 6, 262144 bytes, linear)
[    0.390081] TCP: Hash tables configured (established 16384 bind 16384)
[    0.390155] UDP hash table entries: 1024 (order: 3, 32768 bytes, linear)
[    0.390164] UDP-Lite hash table entries: 1024 (order: 3, 32768 bytes, linear)
[    0.390236] NET: Registered PF_UNIX/PF_LOCAL protocol family
[    0.390628] RPC: Registered named UNIX socket transport module.
[    0.390630] RPC: Registered udp transport module.
[    0.390632] RPC: Registered tcp transport module.
[    0.390632] RPC: Registered tcp NFSv4.1 backchannel transport module.
[    0.390867] pci 0000:00:0f.0: can't claim BAR 6 [mem 0xffff8000-0xffffffff pref]: no compatible bridge window
[    0.390871] pci 0000:00:10.0: can't claim BAR 6 [mem 0xffffc000-0xffffffff pref]: no compatible bridge window
[    0.390874] pci 0000:02:01.0: can't claim BAR 6 [mem 0xffff0000-0xffffffff pref]: no compatible bridge window
[    0.390876] pci 0000:02:05.0: can't claim BAR 6 [mem 0xffff0000-0xffffffff pref]: no compatible bridge window
[    0.390881] pci 0000:00:15.0: bridge window [io  0x1000-0x0fff] to [bus 03] add_size 1000
[    0.390884] pci 0000:00:15.1: bridge window [io  0x1000-0x0fff] to [bus 04] add_size 1000
[    0.390886] pci 0000:00:15.2: bridge window [io  0x1000-0x0fff] to [bus 05] add_size 1000
[    0.390888] pci 0000:00:15.3: bridge window [io  0x1000-0x0fff] to [bus 06] add_size 1000
[    0.390890] pci 0000:00:15.4: bridge window [io  0x1000-0x0fff] to [bus 07] add_size 1000
[    0.390892] pci 0000:00:15.5: bridge window [io  0x1000-0x0fff] to [bus 08] add_size 1000
[    0.390894] pci 0000:00:15.6: bridge window [io  0x1000-0x0fff] to [bus 09] add_size 1000
[    0.390896] pci 0000:00:15.7: bridge window [io  0x1000-0x0fff] to [bus 0a] add_size 1000
[    0.390898] pci 0000:00:16.0: bridge window [io  0x1000-0x0fff] to [bus 0b] add_size 1000
[    0.390900] pci 0000:00:16.1: bridge window [io  0x1000-0x0fff] to [bus 0c] add_size 1000
[    0.390902] pci 0000:00:16.2: bridge window [io  0x1000-0x0fff] to [bus 0d] add_size 1000
[    0.390904] pci 0000:00:16.3: bridge window [io  0x1000-0x0fff] to [bus 0e] add_size 1000
[    0.390906] pci 0000:00:16.4: bridge window [io  0x1000-0x0fff] to [bus 0f] add_size 1000
[    0.390907] pci 0000:00:16.5: bridge window [io  0x1000-0x0fff] to [bus 10] add_size 1000
[    0.390909] pci 0000:00:16.6: bridge window [io  0x1000-0x0fff] to [bus 11] add_size 1000
[    0.390911] pci 0000:00:16.7: bridge window [io  0x1000-0x0fff] to [bus 12] add_size 1000
[    0.390913] pci 0000:00:17.0: bridge window [io  0x1000-0x0fff] to [bus 13] add_size 1000
[    0.390915] pci 0000:00:17.1: bridge window [io  0x1000-0x0fff] to [bus 14] add_size 1000
[    0.390917] pci 0000:00:17.2: bridge window [io  0x1000-0x0fff] to [bus 15] add_size 1000
[    0.390919] pci 0000:00:17.3: bridge window [io  0x1000-0x0fff] to [bus 16] add_size 1000
[    0.390921] pci 0000:00:17.4: bridge window [io  0x1000-0x0fff] to [bus 17] add_size 1000
[    0.390923] pci 0000:00:17.5: bridge window [io  0x1000-0x0fff] to [bus 18] add_size 1000
[    0.390925] pci 0000:00:17.6: bridge window [io  0x1000-0x0fff] to [bus 19] add_size 1000
[    0.390927] pci 0000:00:17.7: bridge window [io  0x1000-0x0fff] to [bus 1a] add_size 1000
[    0.390929] pci 0000:00:18.0: bridge window [io  0x1000-0x0fff] to [bus 1b] add_size 1000
[    0.390930] pci 0000:00:18.1: bridge window [io  0x1000-0x0fff] to [bus 1c] add_size 1000
[    0.390932] pci 0000:00:18.2: bridge window [io  0x1000-0x0fff] to [bus 1d] add_size 1000
[    0.390934] pci 0000:00:18.3: bridge window [io  0x1000-0x0fff] to [bus 1e] add_size 1000
[    0.390936] pci 0000:00:18.4: bridge window [io  0x1000-0x0fff] to [bus 1f] add_size 1000
[    0.390938] pci 0000:00:18.5: bridge window [io  0x1000-0x0fff] to [bus 20] add_size 1000
[    0.390940] pci 0000:00:18.6: bridge window [io  0x1000-0x0fff] to [bus 21] add_size 1000
[    0.390942] pci 0000:00:18.7: bridge window [io  0x1000-0x0fff] to [bus 22] add_size 1000
[    0.390952] pci 0000:00:0f.0: BAR 6: assigned [mem 0xfef00000-0xfef07fff pref]
[    0.390955] pci 0000:00:10.0: BAR 6: assigned [mem 0xfef08000-0xfef0bfff pref]
[    0.390957] pci 0000:00:15.0: BAR 7: assigned [io  0x3000-0x3fff]
[    0.390959] pci 0000:00:15.1: BAR 7: assigned [io  0x4000-0x4fff]
[    0.390961] pci 0000:00:15.2: BAR 7: assigned [io  0x6000-0x6fff]
[    0.390962] pci 0000:00:15.3: BAR 7: assigned [io  0x7000-0x7fff]
[    0.390964] pci 0000:00:15.4: BAR 7: assigned [io  0x8000-0x8fff]
[    0.390965] pci 0000:00:15.5: BAR 7: assigned [io  0x9000-0x9fff]
[    0.390967] pci 0000:00:15.6: BAR 7: assigned [io  0xa000-0xafff]
[    0.390969] pci 0000:00:15.7: BAR 7: assigned [io  0xb000-0xbfff]
[    0.390970] pci 0000:00:16.0: BAR 7: assigned [io  0xc000-0xcfff]
[    0.390972] pci 0000:00:16.1: BAR 7: assigned [io  0xd000-0xdfff]
[    0.390973] pci 0000:00:16.2: BAR 7: assigned [io  0xe000-0xefff]
[    0.390975] pci 0000:00:16.3: BAR 7: assigned [io  0xf000-0xffff]
[    0.390977] pci 0000:00:16.4: BAR 7: no space for [io  size 0x1000]
[    0.390979] pci 0000:00:16.4: BAR 7: failed to assign [io  size 0x1000]
[    0.390981] pci 0000:00:16.5: BAR 7: no space for [io  size 0x1000]
[    0.390983] pci 0000:00:16.5: BAR 7: failed to assign [io  size 0x1000]
[    0.390985] pci 0000:00:16.6: BAR 7: no space for [io  size 0x1000]
[    0.390986] pci 0000:00:16.6: BAR 7: failed to assign [io  size 0x1000]
[    0.390988] pci 0000:00:16.7: BAR 7: no space for [io  size 0x1000]
[    0.390989] pci 0000:00:16.7: BAR 7: failed to assign [io  size 0x1000]
[    0.390991] pci 0000:00:17.0: BAR 7: no space for [io  size 0x1000]
[    0.390993] pci 0000:00:17.0: BAR 7: failed to assign [io  size 0x1000]
[    0.390995] pci 0000:00:17.1: BAR 7: no space for [io  size 0x1000]
[    0.390996] pci 0000:00:17.1: BAR 7: failed to assign [io  size 0x1000]
[    0.390998] pci 0000:00:17.2: BAR 7: no space for [io  size 0x1000]
[    0.391000] pci 0000:00:17.2: BAR 7: failed to assign [io  size 0x1000]
[    0.391002] pci 0000:00:17.3: BAR 7: no space for [io  size 0x1000]
[    0.391003] pci 0000:00:17.3: BAR 7: failed to assign [io  size 0x1000]
[    0.391005] pci 0000:00:17.4: BAR 7: no space for [io  size 0x1000]
[    0.391006] pci 0000:00:17.4: BAR 7: failed to assign [io  size 0x1000]
[    0.391008] pci 0000:00:17.5: BAR 7: no space for [io  size 0x1000]
[    0.391010] pci 0000:00:17.5: BAR 7: failed to assign [io  size 0x1000]
[    0.391012] pci 0000:00:17.6: BAR 7: no space for [io  size 0x1000]
[    0.391013] pci 0000:00:17.6: BAR 7: failed to assign [io  size 0x1000]
[    0.391015] pci 0000:00:17.7: BAR 7: no space for [io  size 0x1000]
[    0.391016] pci 0000:00:17.7: BAR 7: failed to assign [io  size 0x1000]
[    0.391018] pci 0000:00:18.0: BAR 7: no space for [io  size 0x1000]
[    0.391020] pci 0000:00:18.0: BAR 7: failed to assign [io  size 0x1000]
[    0.391022] pci 0000:00:18.1: BAR 7: no space for [io  size 0x1000]
[    0.391023] pci 0000:00:18.1: BAR 7: failed to assign [io  size 0x1000]
[    0.391025] pci 0000:00:18.2: BAR 7: no space for [io  size 0x1000]
[    0.391027] pci 0000:00:18.2: BAR 7: failed to assign [io  size 0x1000]
[    0.391029] pci 0000:00:18.3: BAR 7: no space for [io  size 0x1000]
[    0.391030] pci 0000:00:18.3: BAR 7: failed to assign [io  size 0x1000]
[    0.391032] pci 0000:00:18.4: BAR 7: no space for [io  size 0x1000]
[    0.391033] pci 0000:00:18.4: BAR 7: failed to assign [io  size 0x1000]
[    0.391035] pci 0000:00:18.5: BAR 7: no space for [io  size 0x1000]
[    0.391037] pci 0000:00:18.5: BAR 7: failed to assign [io  size 0x1000]
[    0.391039] pci 0000:00:18.6: BAR 7: no space for [io  size 0x1000]
[    0.391040] pci 0000:00:18.6: BAR 7: failed to assign [io  size 0x1000]
[    0.391042] pci 0000:00:18.7: BAR 7: no space for [io  size 0x1000]
[    0.391044] pci 0000:00:18.7: BAR 7: failed to assign [io  size 0x1000]
[    0.391047] pci 0000:00:18.7: BAR 7: assigned [io  0x3000-0x3fff]
[    0.391049] pci 0000:00:18.6: BAR 7: assigned [io  0x4000-0x4fff]
[    0.391051] pci 0000:00:18.5: BAR 7: assigned [io  0x6000-0x6fff]
[    0.391052] pci 0000:00:18.4: BAR 7: assigned [io  0x7000-0x7fff]
[    0.391054] pci 0000:00:18.3: BAR 7: assigned [io  0x8000-0x8fff]
[    0.391056] pci 0000:00:18.2: BAR 7: assigned [io  0x9000-0x9fff]
[    0.391057] pci 0000:00:18.1: BAR 7: assigned [io  0xa000-0xafff]
[    0.391059] pci 0000:00:18.0: BAR 7: assigned [io  0xb000-0xbfff]
[    0.391060] pci 0000:00:17.7: BAR 7: assigned [io  0xc000-0xcfff]
[    0.391062] pci 0000:00:17.6: BAR 7: assigned [io  0xd000-0xdfff]
[    0.391064] pci 0000:00:17.5: BAR 7: assigned [io  0xe000-0xefff]
[    0.391065] pci 0000:00:17.4: BAR 7: assigned [io  0xf000-0xffff]
[    0.391067] pci 0000:00:17.3: BAR 7: no space for [io  size 0x1000]
[    0.391069] pci 0000:00:17.3: BAR 7: failed to assign [io  size 0x1000]
[    0.391071] pci 0000:00:17.2: BAR 7: no space for [io  size 0x1000]
[    0.391072] pci 0000:00:17.2: BAR 7: failed to assign [io  size 0x1000]
[    0.391074] pci 0000:00:17.1: BAR 7: no space for [io  size 0x1000]
[    0.391076] pci 0000:00:17.1: BAR 7: failed to assign [io  size 0x1000]
[    0.391078] pci 0000:00:17.0: BAR 7: no space for [io  size 0x1000]
[    0.391079] pci 0000:00:17.0: BAR 7: failed to assign [io  size 0x1000]
[    0.391081] pci 0000:00:16.7: BAR 7: no space for [io  size 0x1000]
[    0.391082] pci 0000:00:16.7: BAR 7: failed to assign [io  size 0x1000]
[    0.391084] pci 0000:00:16.6: BAR 7: no space for [io  size 0x1000]
[    0.391086] pci 0000:00:16.6: BAR 7: failed to assign [io  size 0x1000]
[    0.391088] pci 0000:00:16.5: BAR 7: no space for [io  size 0x1000]
[    0.391089] pci 0000:00:16.5: BAR 7: failed to assign [io  size 0x1000]
[    0.391091] pci 0000:00:16.4: BAR 7: no space for [io  size 0x1000]
[    0.391092] pci 0000:00:16.4: BAR 7: failed to assign [io  size 0x1000]
[    0.391094] pci 0000:00:16.3: BAR 7: no space for [io  size 0x1000]
[    0.391096] pci 0000:00:16.3: BAR 7: failed to assign [io  size 0x1000]
[    0.391098] pci 0000:00:16.2: BAR 7: no space for [io  size 0x1000]
[    0.391099] pci 0000:00:16.2: BAR 7: failed to assign [io  size 0x1000]
[    0.391101] pci 0000:00:16.1: BAR 7: no space for [io  size 0x1000]
[    0.391102] pci 0000:00:16.1: BAR 7: failed to assign [io  size 0x1000]
[    0.391104] pci 0000:00:16.0: BAR 7: no space for [io  size 0x1000]
[    0.391106] pci 0000:00:16.0: BAR 7: failed to assign [io  size 0x1000]
[    0.391108] pci 0000:00:15.7: BAR 7: no space for [io  size 0x1000]
[    0.391109] pci 0000:00:15.7: BAR 7: failed to assign [io  size 0x1000]
[    0.391111] pci 0000:00:15.6: BAR 7: no space for [io  size 0x1000]
[    0.391112] pci 0000:00:15.6: BAR 7: failed to assign [io  size 0x1000]
[    0.391114] pci 0000:00:15.5: BAR 7: no space for [io  size 0x1000]
[    0.391116] pci 0000:00:15.5: BAR 7: failed to assign [io  size 0x1000]
[    0.391118] pci 0000:00:15.4: BAR 7: no space for [io  size 0x1000]
[    0.391119] pci 0000:00:15.4: BAR 7: failed to assign [io  size 0x1000]
[    0.391121] pci 0000:00:15.3: BAR 7: no space for [io  size 0x1000]
[    0.391123] pci 0000:00:15.3: BAR 7: failed to assign [io  size 0x1000]
[    0.391125] pci 0000:00:15.2: BAR 7: no space for [io  size 0x1000]
[    0.391126] pci 0000:00:15.2: BAR 7: failed to assign [io  size 0x1000]
[    0.391128] pci 0000:00:15.1: BAR 7: no space for [io  size 0x1000]
[    0.391129] pci 0000:00:15.1: BAR 7: failed to assign [io  size 0x1000]
[    0.391131] pci 0000:00:15.0: BAR 7: no space for [io  size 0x1000]
[    0.391133] pci 0000:00:15.0: BAR 7: failed to assign [io  size 0x1000]
[    0.391135] pci 0000:00:01.0: PCI bridge to [bus 01]
[    0.391225] pci 0000:02:01.0: BAR 6: assigned [mem 0xfc030000-0xfc03ffff pref]
[    0.391228] pci 0000:02:05.0: BAR 6: assigned [mem 0xfc040000-0xfc04ffff pref]
[    0.391230] pci 0000:00:11.0: PCI bridge to [bus 02]
[    0.391241] pci 0000:00:11.0:   bridge window [io  0x1000-0x1fff]
[    0.391269] pci 0000:00:11.0:   bridge window [mem 0xfc000000-0xfc9fffff]
[    0.391289] pci 0000:00:11.0:   bridge window [mem 0xf8000000-0xf84fffff 64bit pref]
[    0.391326] pci 0000:00:15.0: PCI bridge to [bus 03]
[    0.391354] pci 0000:00:15.0:   bridge window [mem 0xfea00000-0xfeafffff]
[    0.391373] pci 0000:00:15.0:   bridge window [mem 0xfa400000-0xfa4fffff 64bit pref]
[    0.391410] pci 0000:00:15.1: PCI bridge to [bus 04]
[    0.391437] pci 0000:00:15.1:   bridge window [mem 0xfe900000-0xfe9fffff]
[    0.391457] pci 0000:00:15.1:   bridge window [mem 0xfa300000-0xfa3fffff 64bit pref]
[    0.391493] pci 0000:00:15.2: PCI bridge to [bus 05]
[    0.391521] pci 0000:00:15.2:   bridge window [mem 0xfe800000-0xfe8fffff]
[    0.391547] pci 0000:00:15.2:   bridge window [mem 0xfa200000-0xfa2fffff 64bit pref]
[    0.391584] pci 0000:00:15.3: PCI bridge to [bus 06]
[    0.391611] pci 0000:00:15.3:   bridge window [mem 0xfe700000-0xfe7fffff]
[    0.391630] pci 0000:00:15.3:   bridge window [mem 0xfa100000-0xfa1fffff 64bit pref]
[    0.391667] pci 0000:00:15.4: PCI bridge to [bus 07]
[    0.391695] pci 0000:00:15.4:   bridge window [mem 0xfe600000-0xfe6fffff]
[    0.391714] pci 0000:00:15.4:   bridge window [mem 0xfa000000-0xfa0fffff 64bit pref]
[    0.391750] pci 0000:00:15.5: PCI bridge to [bus 08]
[    0.391778] pci 0000:00:15.5:   bridge window [mem 0xfe500000-0xfe5fffff]
[    0.391797] pci 0000:00:15.5:   bridge window [mem 0xf9f00000-0xf9ffffff 64bit pref]
[    0.391834] pci 0000:00:15.6: PCI bridge to [bus 09]
[    0.391861] pci 0000:00:15.6:   bridge window [mem 0xfe400000-0xfe4fffff]
[    0.391881] pci 0000:00:15.6:   bridge window [mem 0xf9e00000-0xf9efffff 64bit pref]
[    0.391917] pci 0000:00:15.7: PCI bridge to [bus 0a]
[    0.391945] pci 0000:00:15.7:   bridge window [mem 0xfe300000-0xfe3fffff]
[    0.391964] pci 0000:00:15.7:   bridge window [mem 0xf9d00000-0xf9dfffff 64bit pref]
[    0.392005] pci 0000:00:16.0: PCI bridge to [bus 0b]
[    0.392032] pci 0000:00:16.0:   bridge window [mem 0xfe200000-0xfe2fffff]
[    0.392052] pci 0000:00:16.0:   bridge window [mem 0xf9c00000-0xf9cfffff 64bit pref]
[    0.392088] pci 0000:00:16.1: PCI bridge to [bus 0c]
[    0.392115] pci 0000:00:16.1:   bridge window [mem 0xfe100000-0xfe1fffff]
[    0.392135] pci 0000:00:16.1:   bridge window [mem 0xf9b00000-0xf9bfffff 64bit pref]
[    0.392171] pci 0000:00:16.2: PCI bridge to [bus 0d]
[    0.392198] pci 0000:00:16.2:   bridge window [mem 0xfe000000-0xfe0fffff]
[    0.392218] pci 0000:00:16.2:   bridge window [mem 0xf9a00000-0xf9afffff 64bit pref]
[    0.392254] pci 0000:00:16.3: PCI bridge to [bus 0e]
[    0.392282] pci 0000:00:16.3:   bridge window [mem 0xfdf00000-0xfdffffff]
[    0.392301] pci 0000:00:16.3:   bridge window [mem 0xf9900000-0xf99fffff 64bit pref]
[    0.392337] pci 0000:00:16.4: PCI bridge to [bus 0f]
[    0.392365] pci 0000:00:16.4:   bridge window [mem 0xfde00000-0xfdefffff]
[    0.392384] pci 0000:00:16.4:   bridge window [mem 0xf9800000-0xf98fffff 64bit pref]
[    0.392420] pci 0000:00:16.5: PCI bridge to [bus 10]
[    0.392448] pci 0000:00:16.5:   bridge window [mem 0xfdd00000-0xfddfffff]
[    0.392467] pci 0000:00:16.5:   bridge window [mem 0xf9700000-0xf97fffff 64bit pref]
[    0.392504] pci 0000:00:16.6: PCI bridge to [bus 11]
[    0.392551] pci 0000:00:16.6:   bridge window [mem 0xfdc00000-0xfdcfffff]
[    0.392571] pci 0000:00:16.6:   bridge window [mem 0xf9600000-0xf96fffff 64bit pref]
[    0.392607] pci 0000:00:16.7: PCI bridge to [bus 12]
[    0.392635] pci 0000:00:16.7:   bridge window [mem 0xfdb00000-0xfdbfffff]
[    0.392654] pci 0000:00:16.7:   bridge window [mem 0xf9500000-0xf95fffff 64bit pref]
[    0.392690] pci 0000:00:17.0: PCI bridge to [bus 13]
[    0.392718] pci 0000:00:17.0:   bridge window [mem 0xfda00000-0xfdafffff]
[    0.392737] pci 0000:00:17.0:   bridge window [mem 0xf9400000-0xf94fffff 64bit pref]
[    0.392774] pci 0000:00:17.1: PCI bridge to [bus 14]
[    0.392801] pci 0000:00:17.1:   bridge window [mem 0xfd900000-0xfd9fffff]
[    0.392821] pci 0000:00:17.1:   bridge window [mem 0xf9300000-0xf93fffff 64bit pref]
[    0.392857] pci 0000:00:17.2: PCI bridge to [bus 15]
[    0.392885] pci 0000:00:17.2:   bridge window [mem 0xfd800000-0xfd8fffff]
[    0.392904] pci 0000:00:17.2:   bridge window [mem 0xf9200000-0xf92fffff 64bit pref]
[    0.392940] pci 0000:00:17.3: PCI bridge to [bus 16]
[    0.392968] pci 0000:00:17.3:   bridge window [mem 0xfd700000-0xfd7fffff]
[    0.392991] pci 0000:00:17.3:   bridge window [mem 0xf9100000-0xf91fffff 64bit pref]
[    0.393028] pci 0000:00:17.4: PCI bridge to [bus 17]
[    0.393039] pci 0000:00:17.4:   bridge window [io  0xf000-0xffff]
[    0.393066] pci 0000:00:17.4:   bridge window [mem 0xfd600000-0xfd6fffff]
[    0.393086] pci 0000:00:17.4:   bridge window [mem 0xf9000000-0xf90fffff 64bit pref]
[    0.393122] pci 0000:00:17.5: PCI bridge to [bus 18]
[    0.393133] pci 0000:00:17.5:   bridge window [io  0xe000-0xefff]
[    0.393160] pci 0000:00:17.5:   bridge window [mem 0xfd500000-0xfd5fffff]
[    0.393179] pci 0000:00:17.5:   bridge window [mem 0xf8f00000-0xf8ffffff 64bit pref]
[    0.393216] pci 0000:00:17.6: PCI bridge to [bus 19]
[    0.393226] pci 0000:00:17.6:   bridge window [io  0xd000-0xdfff]
[    0.393253] pci 0000:00:17.6:   bridge window [mem 0xfd400000-0xfd4fffff]
[    0.393273] pci 0000:00:17.6:   bridge window [mem 0xf8e00000-0xf8efffff 64bit pref]
[    0.393309] pci 0000:00:17.7: PCI bridge to [bus 1a]
[    0.393319] pci 0000:00:17.7:   bridge window [io  0xc000-0xcfff]
[    0.393347] pci 0000:00:17.7:   bridge window [mem 0xfd300000-0xfd3fffff]
[    0.393366] pci 0000:00:17.7:   bridge window [mem 0xf8d00000-0xf8dfffff 64bit pref]
[    0.393403] pci 0000:00:18.0: PCI bridge to [bus 1b]
[    0.393413] pci 0000:00:18.0:   bridge window [io  0xb000-0xbfff]
[    0.393441] pci 0000:00:18.0:   bridge window [mem 0xfd200000-0xfd2fffff]
[    0.393460] pci 0000:00:18.0:   bridge window [mem 0xf8c00000-0xf8cfffff 64bit pref]
[    0.393496] pci 0000:00:18.1: PCI bridge to [bus 1c]
[    0.393507] pci 0000:00:18.1:   bridge window [io  0xa000-0xafff]
[    0.393540] pci 0000:00:18.1:   bridge window [mem 0xfd100000-0xfd1fffff]
[    0.393560] pci 0000:00:18.1:   bridge window [mem 0xf8b00000-0xf8bfffff 64bit pref]
[    0.393596] pci 0000:00:18.2: PCI bridge to [bus 1d]
[    0.393607] pci 0000:00:18.2:   bridge window [io  0x9000-0x9fff]
[    0.393634] pci 0000:00:18.2:   bridge window [mem 0xfd000000-0xfd0fffff]
[    0.393653] pci 0000:00:18.2:   bridge window [mem 0xf8a00000-0xf8afffff 64bit pref]
[    0.393690] pci 0000:00:18.3: PCI bridge to [bus 1e]
[    0.393700] pci 0000:00:18.3:   bridge window [io  0x8000-0x8fff]
[    0.393727] pci 0000:00:18.3:   bridge window [mem 0xfcf00000-0xfcffffff]
[    0.393747] pci 0000:00:18.3:   bridge window [mem 0xf8900000-0xf89fffff 64bit pref]
[    0.393783] pci 0000:00:18.4: PCI bridge to [bus 1f]
[    0.393793] pci 0000:00:18.4:   bridge window [io  0x7000-0x7fff]
[    0.393821] pci 0000:00:18.4:   bridge window [mem 0xfce00000-0xfcefffff]
[    0.393840] pci 0000:00:18.4:   bridge window [mem 0xf8800000-0xf88fffff 64bit pref]
[    0.393876] pci 0000:00:18.5: PCI bridge to [bus 20]
[    0.393887] pci 0000:00:18.5:   bridge window [io  0x6000-0x6fff]
[    0.393914] pci 0000:00:18.5:   bridge window [mem 0xfcd00000-0xfcdfffff]
[    0.393933] pci 0000:00:18.5:   bridge window [mem 0xf8700000-0xf87fffff 64bit pref]
[    0.393974] pci 0000:00:18.6: PCI bridge to [bus 21]
[    0.393985] pci 0000:00:18.6:   bridge window [io  0x4000-0x4fff]
[    0.394013] pci 0000:00:18.6:   bridge window [mem 0xfcc00000-0xfccfffff]
[    0.394032] pci 0000:00:18.6:   bridge window [mem 0xf8600000-0xf86fffff 64bit pref]
[    0.394068] pci 0000:00:18.7: PCI bridge to [bus 22]
[    0.394079] pci 0000:00:18.7:   bridge window [io  0x3000-0x3fff]
[    0.394106] pci 0000:00:18.7:   bridge window [mem 0xfcb00000-0xfcbfffff]
[    0.394125] pci 0000:00:18.7:   bridge window [mem 0xf8500000-0xf85fffff 64bit pref]
[    0.394162] pci_bus 0000:00: resource 4 [io  0x0d00-0xffff window]
[    0.394164] pci_bus 0000:00: resource 5 [io  0x0000-0x0cf7 window]
[    0.394166] pci_bus 0000:00: resource 6 [mem 0xfef00000-0xffdfffff window]
[    0.394167] pci_bus 0000:00: resource 7 [mem 0xfed45000-0xfedfffff window]
[    0.394169] pci_bus 0000:00: resource 8 [mem 0xfec10000-0xfed3ffff window]
[    0.394170] pci_bus 0000:00: resource 9 [mem 0xfa500000-0xfebfffff window]
[    0.394172] pci_bus 0000:00: resource 10 [mem 0xf0000000-0xfa4fffff pref window]
[    0.394174] pci_bus 0000:00: resource 11 [mem 0xc0000000-0xefffffff window]
[    0.394175] pci_bus 0000:00: resource 12 [mem 0x000a0000-0x000bffff window]
[    0.394177] pci_bus 0000:00: resource 13 [mem 0x000c4000-0x000c7fff window]
[    0.394178] pci_bus 0000:00: resource 14 [mem 0x000c8000-0x000cbfff window]
[    0.394180] pci_bus 0000:00: resource 15 [mem 0x000d4000-0x000d7fff window]
[    0.394181] pci_bus 0000:00: resource 16 [mem 0x000d8000-0x000dbfff window]
[    0.394183] pci_bus 0000:00: resource 17 [mem 0x000e4000-0x000e7fff window]
[    0.394184] pci_bus 0000:00: resource 18 [mem 0x000e8000-0x000ebfff window]
[    0.394186] pci_bus 0000:00: resource 19 [mem 0x000ec000-0x000effff window]
[    0.394188] pci_bus 0000:02: resource 0 [io  0x1000-0x1fff]
[    0.394189] pci_bus 0000:02: resource 1 [mem 0xfc000000-0xfc9fffff]
[    0.394191] pci_bus 0000:02: resource 2 [mem 0xf8000000-0xf84fffff 64bit pref]
[    0.394192] pci_bus 0000:02: resource 4 [io  0x0d00-0xffff window]
[    0.394194] pci_bus 0000:02: resource 5 [io  0x0000-0x0cf7 window]
[    0.394195] pci_bus 0000:02: resource 6 [mem 0xfef00000-0xffdfffff window]
[    0.394197] pci_bus 0000:02: resource 7 [mem 0xfed45000-0xfedfffff window]
[    0.394198] pci_bus 0000:02: resource 8 [mem 0xfec10000-0xfed3ffff window]
[    0.394200] pci_bus 0000:02: resource 9 [mem 0xfa500000-0xfebfffff window]
[    0.394201] pci_bus 0000:02: resource 10 [mem 0xf0000000-0xfa4fffff pref window]
[    0.394203] pci_bus 0000:02: resource 11 [mem 0xc0000000-0xefffffff window]
[    0.394205] pci_bus 0000:02: resource 12 [mem 0x000a0000-0x000bffff window]
[    0.394206] pci_bus 0000:02: resource 13 [mem 0x000c4000-0x000c7fff window]
[    0.394208] pci_bus 0000:02: resource 14 [mem 0x000c8000-0x000cbfff window]
[    0.394209] pci_bus 0000:02: resource 15 [mem 0x000d4000-0x000d7fff window]
[    0.394210] pci_bus 0000:02: resource 16 [mem 0x000d8000-0x000dbfff window]
[    0.394212] pci_bus 0000:02: resource 17 [mem 0x000e4000-0x000e7fff window]
[    0.394213] pci_bus 0000:02: resource 18 [mem 0x000e8000-0x000ebfff window]
[    0.394215] pci_bus 0000:02: resource 19 [mem 0x000ec000-0x000effff window]
[    0.394216] pci_bus 0000:03: resource 1 [mem 0xfea00000-0xfeafffff]
[    0.394218] pci_bus 0000:03: resource 2 [mem 0xfa400000-0xfa4fffff 64bit pref]
[    0.394220] pci_bus 0000:04: resource 1 [mem 0xfe900000-0xfe9fffff]
[    0.394221] pci_bus 0000:04: resource 2 [mem 0xfa300000-0xfa3fffff 64bit pref]
[    0.394223] pci_bus 0000:05: resource 1 [mem 0xfe800000-0xfe8fffff]
[    0.394224] pci_bus 0000:05: resource 2 [mem 0xfa200000-0xfa2fffff 64bit pref]
[    0.394226] pci_bus 0000:06: resource 1 [mem 0xfe700000-0xfe7fffff]
[    0.394228] pci_bus 0000:06: resource 2 [mem 0xfa100000-0xfa1fffff 64bit pref]
[    0.394230] pci_bus 0000:07: resource 1 [mem 0xfe600000-0xfe6fffff]
[    0.394231] pci_bus 0000:07: resource 2 [mem 0xfa000000-0xfa0fffff 64bit pref]
[    0.394233] pci_bus 0000:08: resource 1 [mem 0xfe500000-0xfe5fffff]
[    0.394234] pci_bus 0000:08: resource 2 [mem 0xf9f00000-0xf9ffffff 64bit pref]
[    0.394236] pci_bus 0000:09: resource 1 [mem 0xfe400000-0xfe4fffff]
[    0.394237] pci_bus 0000:09: resource 2 [mem 0xf9e00000-0xf9efffff 64bit pref]
[    0.394239] pci_bus 0000:0a: resource 1 [mem 0xfe300000-0xfe3fffff]
[    0.394241] pci_bus 0000:0a: resource 2 [mem 0xf9d00000-0xf9dfffff 64bit pref]
[    0.394242] pci_bus 0000:0b: resource 1 [mem 0xfe200000-0xfe2fffff]
[    0.394244] pci_bus 0000:0b: resource 2 [mem 0xf9c00000-0xf9cfffff 64bit pref]
[    0.394246] pci_bus 0000:0c: resource 1 [mem 0xfe100000-0xfe1fffff]
[    0.394247] pci_bus 0000:0c: resource 2 [mem 0xf9b00000-0xf9bfffff 64bit pref]
[    0.394249] pci_bus 0000:0d: resource 1 [mem 0xfe000000-0xfe0fffff]
[    0.394250] pci_bus 0000:0d: resource 2 [mem 0xf9a00000-0xf9afffff 64bit pref]
[    0.394252] pci_bus 0000:0e: resource 1 [mem 0xfdf00000-0xfdffffff]
[    0.394253] pci_bus 0000:0e: resource 2 [mem 0xf9900000-0xf99fffff 64bit pref]
[    0.394255] pci_bus 0000:0f: resource 1 [mem 0xfde00000-0xfdefffff]
[    0.394257] pci_bus 0000:0f: resource 2 [mem 0xf9800000-0xf98fffff 64bit pref]
[    0.394259] pci_bus 0000:10: resource 1 [mem 0xfdd00000-0xfddfffff]
[    0.394260] pci_bus 0000:10: resource 2 [mem 0xf9700000-0xf97fffff 64bit pref]
[    0.394262] pci_bus 0000:11: resource 1 [mem 0xfdc00000-0xfdcfffff]
[    0.394263] pci_bus 0000:11: resource 2 [mem 0xf9600000-0xf96fffff 64bit pref]
[    0.394265] pci_bus 0000:12: resource 1 [mem 0xfdb00000-0xfdbfffff]
[    0.394267] pci_bus 0000:12: resource 2 [mem 0xf9500000-0xf95fffff 64bit pref]
[    0.394268] pci_bus 0000:13: resource 1 [mem 0xfda00000-0xfdafffff]
[    0.394270] pci_bus 0000:13: resource 2 [mem 0xf9400000-0xf94fffff 64bit pref]
[    0.394272] pci_bus 0000:14: resource 1 [mem 0xfd900000-0xfd9fffff]
[    0.394273] pci_bus 0000:14: resource 2 [mem 0xf9300000-0xf93fffff 64bit pref]
[    0.394275] pci_bus 0000:15: resource 1 [mem 0xfd800000-0xfd8fffff]
[    0.394276] pci_bus 0000:15: resource 2 [mem 0xf9200000-0xf92fffff 64bit pref]
[    0.394278] pci_bus 0000:16: resource 1 [mem 0xfd700000-0xfd7fffff]
[    0.394279] pci_bus 0000:16: resource 2 [mem 0xf9100000-0xf91fffff 64bit pref]
[    0.394281] pci_bus 0000:17: resource 0 [io  0xf000-0xffff]
[    0.394283] pci_bus 0000:17: resource 1 [mem 0xfd600000-0xfd6fffff]
[    0.394284] pci_bus 0000:17: resource 2 [mem 0xf9000000-0xf90fffff 64bit pref]
[    0.394286] pci_bus 0000:18: resource 0 [io  0xe000-0xefff]
[    0.394287] pci_bus 0000:18: resource 1 [mem 0xfd500000-0xfd5fffff]
[    0.394289] pci_bus 0000:18: resource 2 [mem 0xf8f00000-0xf8ffffff 64bit pref]
[    0.394290] pci_bus 0000:19: resource 0 [io  0xd000-0xdfff]
[    0.394292] pci_bus 0000:19: resource 1 [mem 0xfd400000-0xfd4fffff]
[    0.394293] pci_bus 0000:19: resource 2 [mem 0xf8e00000-0xf8efffff 64bit pref]
[    0.394295] pci_bus 0000:1a: resource 0 [io  0xc000-0xcfff]
[    0.394296] pci_bus 0000:1a: resource 1 [mem 0xfd300000-0xfd3fffff]
[    0.394298] pci_bus 0000:1a: resource 2 [mem 0xf8d00000-0xf8dfffff 64bit pref]
[    0.394299] pci_bus 0000:1b: resource 0 [io  0xb000-0xbfff]
[    0.394301] pci_bus 0000:1b: resource 1 [mem 0xfd200000-0xfd2fffff]
[    0.394302] pci_bus 0000:1b: resource 2 [mem 0xf8c00000-0xf8cfffff 64bit pref]
[    0.394304] pci_bus 0000:1c: resource 0 [io  0xa000-0xafff]
[    0.394305] pci_bus 0000:1c: resource 1 [mem 0xfd100000-0xfd1fffff]
[    0.394307] pci_bus 0000:1c: resource 2 [mem 0xf8b00000-0xf8bfffff 64bit pref]
[    0.394308] pci_bus 0000:1d: resource 0 [io  0x9000-0x9fff]
[    0.394310] pci_bus 0000:1d: resource 1 [mem 0xfd000000-0xfd0fffff]
[    0.394311] pci_bus 0000:1d: resource 2 [mem 0xf8a00000-0xf8afffff 64bit pref]
[    0.394313] pci_bus 0000:1e: resource 0 [io  0x8000-0x8fff]
[    0.394314] pci_bus 0000:1e: resource 1 [mem 0xfcf00000-0xfcffffff]
[    0.394316] pci_bus 0000:1e: resource 2 [mem 0xf8900000-0xf89fffff 64bit pref]
[    0.394318] pci_bus 0000:1f: resource 0 [io  0x7000-0x7fff]
[    0.394319] pci_bus 0000:1f: resource 1 [mem 0xfce00000-0xfcefffff]
[    0.394320] pci_bus 0000:1f: resource 2 [mem 0xf8800000-0xf88fffff 64bit pref]
[    0.394322] pci_bus 0000:20: resource 0 [io  0x6000-0x6fff]
[    0.394323] pci_bus 0000:20: resource 1 [mem 0xfcd00000-0xfcdfffff]
[    0.394325] pci_bus 0000:20: resource 2 [mem 0xf8700000-0xf87fffff 64bit pref]
[    0.394327] pci_bus 0000:21: resource 0 [io  0x4000-0x4fff]
[    0.394328] pci_bus 0000:21: resource 1 [mem 0xfcc00000-0xfccfffff]
[    0.394329] pci_bus 0000:21: resource 2 [mem 0xf8600000-0xf86fffff 64bit pref]
[    0.394331] pci_bus 0000:22: resource 0 [io  0x3000-0x3fff]
[    0.394333] pci_bus 0000:22: resource 1 [mem 0xfcb00000-0xfcbfffff]
[    0.394334] pci_bus 0000:22: resource 2 [mem 0xf8500000-0xf85fffff 64bit pref]
[    0.394377] pci 0000:00:00.0: Limiting direct PCI/PCI transfers
[    0.394466] pci 0000:00:0f.0: Video device with shadowed ROM at [mem 0x000c0000-0x000dffff]
[    0.395487] pci 0000:02:01.0: CLS mismatch (32 != 64), using 64 bytes
[    0.396065] DMAR: Host address width 45
[    0.396067] DMAR: DRHD base: 0x000000fec10000 flags: 0x1
[    0.396086] DMAR: dmar0: reg_base_addr fec10000 ver 1:0 cap ff0080f02c0462 ecap f0f15f
[    0.396091] DMAR: ATSR flags: 0x1
[    0.461317] RAPL PMU: API unit is 2^-32 Joules, 0 fixed counters, 10737418240 ms ovfl timer
[    0.529716] clocksource: tsc: mask: 0xffffffffffffffff max_cycles: 0x29dc08e3e81, max_idle_ns: 440795344234 ns
[    0.529785] clocksource: Switched to clocksource tsc
[    0.531341] Initialise system trusted keyrings
[    0.531450] workingset: timestamp_bits=56 max_order=19 bucket_order=0
[    0.532341] NFS: Registering the id_resolver key type
[    0.532349] Key type id_resolver registered
[    0.532351] Key type id_legacy registered
[    0.532416] SGI XFS with security attributes, no debug enabled
[    0.538816] xor: automatically using best checksumming function   avx       
[    0.538820] Key type asymmetric registered
[    0.538821] Asymmetric key parser 'x509' registered
[    0.538826] Block layer SCSI generic (bsg) driver version 0.4 loaded (major 251)
[    0.538828] io scheduler mq-deadline registered
[    0.538829] io scheduler kyber registered
[    0.539620] pcieport 0000:00:15.0: PME: Signaling with IRQ 24
[    0.540338] pcieport 0000:00:15.1: PME: Signaling with IRQ 25
[    0.541002] pcieport 0000:00:15.2: PME: Signaling with IRQ 26
[    0.541668] pcieport 0000:00:15.3: PME: Signaling with IRQ 27
[    0.542339] pcieport 0000:00:15.4: PME: Signaling with IRQ 28
[    0.543004] pcieport 0000:00:15.5: PME: Signaling with IRQ 29
[    0.543681] pcieport 0000:00:15.6: PME: Signaling with IRQ 30
[    0.544355] pcieport 0000:00:15.7: PME: Signaling with IRQ 31
[    0.545022] pcieport 0000:00:16.0: PME: Signaling with IRQ 32
[    0.545689] pcieport 0000:00:16.1: PME: Signaling with IRQ 33
[    0.546360] pcieport 0000:00:16.2: PME: Signaling with IRQ 34
[    0.547026] pcieport 0000:00:16.3: PME: Signaling with IRQ 35
[    0.547694] pcieport 0000:00:16.4: PME: Signaling with IRQ 36
[    0.548378] pcieport 0000:00:16.5: PME: Signaling with IRQ 37
[    0.549065] pcieport 0000:00:16.6: PME: Signaling with IRQ 38
[    0.549730] pcieport 0000:00:16.7: PME: Signaling with IRQ 39
[    0.550392] pcieport 0000:00:17.0: PME: Signaling with IRQ 40
[    0.551052] pcieport 0000:00:17.1: PME: Signaling with IRQ 41
[    0.551715] pcieport 0000:00:17.2: PME: Signaling with IRQ 42
[    0.552381] pcieport 0000:00:17.3: PME: Signaling with IRQ 43
[    0.553042] pcieport 0000:00:17.4: PME: Signaling with IRQ 44
[    0.553707] pcieport 0000:00:17.5: PME: Signaling with IRQ 45
[    0.554387] pcieport 0000:00:17.6: PME: Signaling with IRQ 46
[    0.555047] pcieport 0000:00:17.7: PME: Signaling with IRQ 47
[    0.555744] pcieport 0000:00:18.0: PME: Signaling with IRQ 48
[    0.556410] pcieport 0000:00:18.1: PME: Signaling with IRQ 49
[    0.557070] pcieport 0000:00:18.2: PME: Signaling with IRQ 50
[    0.557751] pcieport 0000:00:18.3: PME: Signaling with IRQ 51
[    0.558436] pcieport 0000:00:18.4: PME: Signaling with IRQ 52
[    0.559099] pcieport 0000:00:18.5: PME: Signaling with IRQ 53
[    0.559758] pcieport 0000:00:18.6: PME: Signaling with IRQ 54
[    0.560420] pcieport 0000:00:18.7: PME: Signaling with IRQ 55
[    0.560752] efifb: probing for efifb
[    0.560762] efifb: framebuffer at 0xf0000000, using 3072k, total 3072k
[    0.560764] efifb: mode is 1024x768x32, linelength=4096, pages=1
[    0.560766] efifb: scrolling: redraw
[    0.560767] efifb: Truecolor: size=8:8:8:8, shift=24:16:8:0
[    0.562392] Console: switching to colour frame buffer device 128x48
[    0.563304] fb0: EFI VGA frame buffer device
[    0.563461] ACPI: AC: AC Adapter [ACAD] (on-line)
[    0.563520] input: Power Button as /devices/LNXSYSTM:00/LNXPWRBN:00/input/input0
[    0.563536] ACPI: button: Power Button [PWRF]
[    0.565094] Serial: 8250/16550 driver, 4 ports, IRQ sharing enabled
[    0.565864] Non-volatile memory driver v1.3
[    0.565967] Linux agpgart interface v0.103
[    0.566060] agpgart-intel 0000:00:00.0: Intel 440BX Chipset
[    0.567411] agpgart-intel 0000:00:00.0: AGP aperture is 256M @ 0x0
[    0.567514] checking generic (f0000000 300000) vs hw (f0000000 8000000)
[    0.567515] fb0: switching to svgadrmfb from EFI VGA
[    0.567621] Console: switching to colour dummy device 80x25
[    0.567632] vmwgfx 0000:00:0f.0: vgaarb: deactivate vga console
[    0.568089] [TTM] Zone  kernel: Available graphics memory: 1002482 KiB
[    0.568113] [drm] FIFO at 0x00000000fb800000 size is 8192 kiB
[    0.568123] [drm] VRAM at 0x00000000f0000000 size is 131072 kiB
[    0.568137] [drm] Running on SVGA version 2.
[    0.568146] [drm] DMA map mode: Caching DMA mappings.
[    0.568211] [drm] Capabilities:
[    0.568213] [drm]   Rect copy.
[    0.568214] [drm]   Cursor.
[    0.568215] [drm]   Cursor bypass.
[    0.568215] [drm]   Cursor bypass 2.
[    0.568216] [drm]   8bit emulation.
[    0.568217] [drm]   Alpha cursor.
[    0.568218] [drm]   Extended Fifo.
[    0.568219] [drm]   Multimon.
[    0.568219] [drm]   Pitchlock.
[    0.568220] [drm]   Irq mask.
[    0.568221] [drm]   Display Topology.
[    0.568222] [drm]   GMR.
[    0.568223] [drm]   Traces.
[    0.568223] [drm]   GMR2.
[    0.568224] [drm]   Screen Object 2.
[    0.568225] [drm]   Command Buffers.
[    0.568226] [drm]   Command Buffers 2.
[    0.568227] [drm]   Guest Backed Resources.
[    0.568228] [drm]   DX Features.
[    0.568228] [drm]   HP Command Queue.
[    0.568229] [drm] Capabilities2:
[    0.568230] [drm]   Grow oTable.
[    0.568231] [drm]   IntraSurface copy.
[    0.568232] [drm]   DX3.
[    0.568232] [drm] Supports command queues = 1
[    0.568234] [drm] Max GMR ids is 64
[    0.568235] [drm] Max number of GMR pages is 65536
[    0.568236] [drm] Max dedicated hypervisor surface memory is 0 kiB
[    0.568237] [drm] Maximum display memory size is 262144 kiB
[    0.569603] [drm] Screen Target Display device initialized
[    0.569609] [drm] width 1024
[    0.569614] [drm] height 768
[    0.569618] [drm] bpp 32
[    0.570831] [drm] Fifo max 0x00040000 min 0x00001000 cap 0x0000077f
[    0.571275] [drm] Using command buffers with DMA pool.
[    0.571282] [drm] Running without reservation semaphore
[    0.573885] fbcon: svgadrmfb (fb0) is primary device
[    0.575580] Console: switching to colour frame buffer device 128x48
[    0.577636] [drm] Initialized vmwgfx 2.18.1 20210218 for 0000:00:0f.0 on minor 0
[    0.583897] loop: module loaded
[    0.583994] vmw_vmci 0000:00:07.7: enabling device (0000 -> 0003)
[    0.584695] vmw_vmci 0000:00:07.7: Found VMCI PCI device at 0x12100, irq 16
[    0.584827] vmw_vmci 0000:00:07.7: Using capabilities 0x1c
[    0.585380] Guest personality initialized and is active
[    0.585554] VMCI host device registered (name=vmci, major=10, minor=126)
[    0.585569] Initialized host personality
[    0.585595] VMware PVSCSI driver - version 1.0.7.0-k
[    0.586386] ahci 0000:02:05.0: version 3.0
[    0.586412] ahci 0000:02:05.0: enabling device (0000 -> 0002)
[    0.587622] ahci 0000:02:05.0: AHCI 0001.0300 32 slots 30 ports 6 Gbps 0x3fffffff impl SATA mode
[    0.587647] ahci 0000:02:05.0: flags: 64bit ncq clo only 
[    0.590296] scsi host0: ahci
[    0.590702] scsi host1: ahci
[    0.590998] scsi host2: ahci
[    0.591487] scsi host3: ahci
[    0.591826] scsi host4: ahci
[    0.592214] scsi host5: ahci
[    0.592527] scsi host6: ahci
[    0.592833] scsi host7: ahci
[    0.593086] scsi host8: ahci
[    0.593350] scsi host9: ahci
[    0.593888] scsi host10: ahci
[    0.594429] scsi host11: ahci
[    0.594986] scsi host12: ahci
[    0.595441] scsi host13: ahci
[    0.595884] scsi host14: ahci
[    0.596370] scsi host15: ahci
[    0.596875] scsi host16: ahci
[    0.597324] scsi host17: ahci
[    0.597762] scsi host18: ahci
[    0.598329] scsi host19: ahci
[    0.598760] scsi host20: ahci
[    0.599264] scsi host21: ahci
[    0.599771] scsi host22: ahci
[    0.600239] scsi host23: ahci
[    0.600656] scsi host24: ahci
[    0.601085] scsi host25: ahci
[    0.601565] scsi host26: ahci
[    0.602060] scsi host27: ahci
[    0.602529] scsi host28: ahci
[    0.602992] scsi host29: ahci
[    0.603205] ata1: SATA max UDMA/133 abar m4096@0xfc050000 port 0xfc050100 irq 58
[    0.603403] ata2: SATA max UDMA/133 abar m4096@0xfc050000 port 0xfc050180 irq 58
[    0.603593] ata3: SATA max UDMA/133 abar m4096@0xfc050000 port 0xfc050200 irq 58
[    0.603778] ata4: SATA max UDMA/133 abar m4096@0xfc050000 port 0xfc050280 irq 58
[    0.603969] ata5: SATA max UDMA/133 abar m4096@0xfc050000 port 0xfc050300 irq 58
[    0.603982] ata6: SATA max UDMA/133 abar m4096@0xfc050000 port 0xfc050380 irq 58
[    0.603982] ata7: SATA max UDMA/133 abar m4096@0xfc050000 port 0xfc050400 irq 58
[    0.603982] ata8: SATA max UDMA/133 abar m4096@0xfc050000 port 0xfc050480 irq 58
[    0.603982] ata9: SATA max UDMA/133 abar m4096@0xfc050000 port 0xfc050500 irq 58
[    0.603982] ata10: SATA max UDMA/133 abar m4096@0xfc050000 port 0xfc050580 irq 58
[    0.603982] ata11: SATA max UDMA/133 abar m4096@0xfc050000 port 0xfc050600 irq 58
[    0.605044] ata12: SATA max UDMA/133 abar m4096@0xfc050000 port 0xfc050680 irq 58
[    0.605174] ata13: SATA max UDMA/133 abar m4096@0xfc050000 port 0xfc050700 irq 58
[    0.605295] ata14: SATA max UDMA/133 abar m4096@0xfc050000 port 0xfc050780 irq 58
[    0.605411] ata15: SATA max UDMA/133 abar m4096@0xfc050000 port 0xfc050800 irq 58
[    0.605521] ata16: SATA max UDMA/133 abar m4096@0xfc050000 port 0xfc050880 irq 58
[    0.605621] ata17: SATA max UDMA/133 abar m4096@0xfc050000 port 0xfc050900 irq 58
[    0.605713] ata18: SATA max UDMA/133 abar m4096@0xfc050000 port 0xfc050980 irq 58
[    0.605799] ata19: SATA max UDMA/133 abar m4096@0xfc050000 port 0xfc050a00 irq 58
[    0.605886] ata20: SATA max UDMA/133 abar m4096@0xfc050000 port 0xfc050a80 irq 58
[    0.605985] ata21: SATA max UDMA/133 abar m4096@0xfc050000 port 0xfc050b00 irq 58
[    0.606041] ata22: SATA max UDMA/133 abar m4096@0xfc050000 port 0xfc050b80 irq 58
[    0.606041] ata23: SATA max UDMA/133 abar m4096@0xfc050000 port 0xfc050c00 irq 58
[    0.606041] ata24: SATA max UDMA/133 abar m4096@0xfc050000 port 0xfc050c80 irq 58
[    0.606041] ata25: SATA max UDMA/133 abar m4096@0xfc050000 port 0xfc050d00 irq 58
[    0.606041] ata26: SATA max UDMA/133 abar m4096@0xfc050000 port 0xfc050d80 irq 58
[    0.606041] ata27: SATA max UDMA/133 abar m4096@0xfc050000 port 0xfc050e00 irq 58
[    0.606041] ata28: SATA max UDMA/133 abar m4096@0xfc050000 port 0xfc050e80 irq 58
[    0.606041] ata29: SATA max UDMA/133 abar m4096@0xfc050000 port 0xfc050f00 irq 58
[    0.606041] ata30: SATA max UDMA/133 abar m4096@0xfc050000 port 0xfc050f80 irq 58
[    0.606889] ata_piix 0000:00:07.1: version 2.13
[    0.607415] scsi host30: ata_piix
[    0.607822] scsi host31: ata_piix
[    0.607947] ata31: PATA max UDMA/33 cmd 0x1f0 ctl 0x3f6 bmdma 0x2150 irq 14
[    0.608058] ata32: PATA max UDMA/33 cmd 0x170 ctl 0x376 bmdma 0x2158 irq 15
[    0.608840] libphy: Fixed MDIO Bus: probed
[    0.608990] tun: Universal TUN/TAP device driver, 1.6
[    0.609368] e100: Intel(R) PRO/100 Network Driver
[    0.609491] e100: Copyright(c) 1999-2006 Intel Corporation
[    0.609625] e1000: Intel(R) PRO/1000 Network Driver
[    0.609755] e1000: Copyright (c) 1999-2006 Intel Corporation.
[    0.609928] e1000 0000:02:01.0: enabling device (0110 -> 0113)
[    0.779307] ata32.00: ATAPI: VMware Virtual IDE CDROM Drive, 00000001, max UDMA/33
[    0.920323] ata1: SATA link down (SStatus 0 SControl 300)
[    0.920525] ata3: SATA link down (SStatus 0 SControl 300)
[    0.920715] ata11: SATA link down (SStatus 0 SControl 300)
[    0.920920] ata8: SATA link down (SStatus 0 SControl 300)
[    0.921118] ata24: SATA link down (SStatus 0 SControl 300)
[    0.921331] ata17: SATA link down (SStatus 0 SControl 300)
[    0.921520] ata21: SATA link down (SStatus 0 SControl 300)
[    0.921709] ata10: SATA link down (SStatus 0 SControl 300)
[    0.921899] ata14: SATA link down (SStatus 0 SControl 300)
[    0.922086] ata5: SATA link down (SStatus 0 SControl 300)
[    0.922302] ata13: SATA link down (SStatus 0 SControl 300)
[    0.922513] ata23: SATA link down (SStatus 0 SControl 300)
[    0.922722] ata16: SATA link down (SStatus 0 SControl 300)
[    0.922933] ata26: SATA link down (SStatus 0 SControl 300)
[    0.923139] ata18: SATA link down (SStatus 0 SControl 300)
[    0.923335] ata6: SATA link down (SStatus 0 SControl 300)
[    0.923535] ata19: SATA link down (SStatus 0 SControl 300)
[    0.923743] ata20: SATA link down (SStatus 0 SControl 300)
[    0.923947] ata27: SATA link down (SStatus 0 SControl 300)
[    0.924152] ata30: SATA link down (SStatus 0 SControl 300)
[    0.924365] ata4: SATA link down (SStatus 0 SControl 300)
[    0.924573] ata9: SATA link down (SStatus 0 SControl 300)
[    0.924782] ata7: SATA link down (SStatus 0 SControl 300)
[    0.924986] ata25: SATA link down (SStatus 0 SControl 300)
[    0.925204] ata22: SATA link down (SStatus 0 SControl 300)
[    0.925430] ata15: SATA link down (SStatus 0 SControl 300)
[    0.925643] ata12: SATA link down (SStatus 0 SControl 300)
[    0.925855] ata2: SATA link down (SStatus 0 SControl 300)
[    0.926080] ata28: SATA link down (SStatus 0 SControl 300)
[    0.933669] ata29: SATA link down (SStatus 0 SControl 300)
[    1.010573] e1000 0000:02:01.0 eth0: (PCI:66MHz:32-bit) 00:0c:29:66:16:17
[    1.010809] e1000 0000:02:01.0 eth0: Intel(R) PRO/1000 Network Connection
[    1.011073] e1000e: Intel(R) PRO/1000 Network Driver
[    1.011305] e1000e: Copyright(c) 1999 - 2015 Intel Corporation.
[    1.011756] sky2: driver version 1.30
[    1.012047] VMware vmxnet3 virtual NIC driver - version 1.5.0.0-k-NAPI
[    1.012302] Fusion MPT base driver 3.04.20
[    1.012547] Copyright (c) 1999-2008 LSI Corporation
[    1.012870] Fusion MPT SPI Host driver 3.04.20
[    1.087248] mptbase: ioc0: Initiating bringup
[    1.199253] scsi 31:0:0:0: CD-ROM            NECVMWar VMware IDE CDR10 1.00 PQ: 0 ANSI: 5
[    1.200341] sr 31:0:0:0: [sr0] scsi3-mmc drive: 1x/1x writer dvd-ram cd/rw xa/form2 cdda tray
[    1.200622] cdrom: Uniform CD-ROM driver Revision: 3.20
[    1.213665] ioc0: LSI53C1030 B0: Capabilities={Initiator}
[    1.219172] sr 31:0:0:0: Attached scsi CD-ROM sr0
[    1.219257] sr 31:0:0:0: Attached scsi generic sg0 type 5
[    1.275985] scsi host32: ioc0: LSI53C1030 B0, FwRev=01032920h, Ports=1, MaxQ=128, IRQ=17
[    1.318563] scsi 32:0:0:0: Direct-Access     VMware,  VMware Virtual S 1.0  PQ: 0 ANSI: 2
[    1.318864] scsi target32:0:0: Beginning Domain Validation
[    1.321289] scsi target32:0:0: Domain Validation skipping write tests
[    1.321565] scsi target32:0:0: Ending Domain Validation
[    1.321885] scsi target32:0:0: FAST-40 WIDE SCSI 80.0 MB/s ST (25 ns, offset 127)
[    1.322399] sd 32:0:0:0: Attached scsi generic sg1 type 0
[    1.322617] sd 32:0:0:0: [sda] 46137344 512-byte logical blocks: (23.6 GB/22.0 GiB)
[    1.323073] sd 32:0:0:0: [sda] Write Protect is off
[    1.323400] sd 32:0:0:0: [sda] Mode Sense: 61 00 00 00
[    1.323473] sd 32:0:0:0: [sda] Cache data unavailable
[    1.323764] sd 32:0:0:0: [sda] Assuming drive cache: write through
[    1.327078]  sda: sda1 sda2 sda3
[    1.327459] Fusion MPT SAS Host driver 3.04.20
[    1.327845] Fusion MPT misc device (ioctl) driver 3.04.20
[    1.328284] mptctl: Registered with Fusion MPT base driver
[    1.328528] sd 32:0:0:0: [sda] Attached SCSI disk
[    1.328603] mptctl: /dev/mptctl @ (major,minor=10,220)
[    1.328742] ehci_hcd: USB 2.0 'Enhanced' Host Controller (EHCI) Driver
[    1.329629] ehci-pci: EHCI PCI platform driver
[    1.330337] ehci-pci 0000:02:03.0: EHCI Host Controller
[    1.330802] ehci-pci 0000:02:03.0: new USB bus registered, assigned bus number 1
[    1.331356] ehci-pci 0000:02:03.0: irq 17, io mem 0xfc051000
[    1.338207] ehci-pci 0000:02:03.0: USB 2.0 started, EHCI 1.00
[    1.338611] usb usb1: New USB device found, idVendor=1d6b, idProduct=0002, bcdDevice= 5.14
[    1.338963] usb usb1: New USB device strings: Mfr=3, Product=2, SerialNumber=1
[    1.339372] usb usb1: Product: EHCI Host Controller
[    1.339724] usb usb1: Manufacturer: Linux 5.14.0-rc2-salec-00001-g8cae8cd89f05 ehci_hcd
[    1.340088] usb usb1: SerialNumber: 0000:02:03.0
[    1.340733] hub 1-0:1.0: USB hub found
[    1.341138] hub 1-0:1.0: 6 ports detected
[    1.341646] ohci_hcd: USB 1.1 'Open' Host Controller (OHCI) Driver
[    1.342027] ohci-pci: OHCI PCI platform driver
[    1.342438] uhci_hcd: USB Universal Host Controller Interface driver
[    1.343199] uhci_hcd 0000:02:00.0: UHCI Host Controller
[    1.343710] uhci_hcd 0000:02:00.0: new USB bus registered, assigned bus number 2
[    1.344345] uhci_hcd 0000:02:00.0: irq 18, io base 0x00001080
[    1.344809] usb usb2: New USB device found, idVendor=1d6b, idProduct=0001, bcdDevice= 5.14
[    1.345254] usb usb2: New USB device strings: Mfr=3, Product=2, SerialNumber=1
[    1.345637] usb usb2: Product: UHCI Host Controller
[    1.346014] usb usb2: Manufacturer: Linux 5.14.0-rc2-salec-00001-g8cae8cd89f05 uhci_hcd
[    1.346459] usb usb2: SerialNumber: 0000:02:00.0
[    1.347009] hub 2-0:1.0: USB hub found
[    1.347476] hub 2-0:1.0: 2 ports detected
[    1.347976] usbcore: registered new interface driver usblp
[    1.348425] usbcore: registered new interface driver usb-storage
[    1.348808] i8042: PNP: PS/2 Controller [PNP0303:KBC,PNP0f13:MOUS] at 0x60,0x64 irq 1,12
[    1.350083] serio: i8042 KBD port at 0x60,0x64 irq 1
[    1.350499] serio: i8042 AUX port at 0x60,0x64 irq 12
[    1.353395] rtc_cmos 00:01: registered as rtc0
[    1.353868] rtc_cmos 00:01: alarms up to one month, y3k, 242 bytes nvram, hpet irqs
[    1.354630] device-mapper: ioctl: 4.45.0-ioctl (2021-03-22) initialised: dm-devel@redhat.com
[    1.354766] input: AT Translated Set 2 keyboard as /devices/platform/i8042/serio0/input/input1
[    1.355058] intel_pstate: CPU model not supported
[    1.355514] No iBFT detected.
[    1.356372] hid: raw HID events driver (C) Jiri Kosina
[    1.356989] usbcore: registered new interface driver usbhid
[    1.357563] usbhid: USB HID core driver
[    1.358558] snd_ens1371 0000:02:02.0: enabling device (0000 -> 0001)
[    1.570018] usb 2-1: new full-speed USB device number 2 using uhci_hcd
[    1.574922] input: ImPS/2 Generic Wheel Mouse as /devices/platform/i8042/serio1/input/input3
[    1.719612] usb 2-1: New USB device found, idVendor=0e0f, idProduct=0003, bcdDevice= 1.03
[    1.720023] usb 2-1: New USB device strings: Mfr=1, Product=2, SerialNumber=0
[    1.720412] usb 2-1: Product: VMware Virtual USB Mouse
[    1.720864] usb 2-1: Manufacturer: VMware
[    1.735122] input: VMware VMware Virtual USB Mouse as /devices/pci0000:00/0000:00:11.0/0000:02:00.0/usb2/2-1/2-1:1.0/0003:0E0F:0003.0001/input/input4
